Archive member included because of file (symbol)

.\CortexM3\ARM_GCC_493\Debug\LightControl.a(cyfitter_cfg.o)
                              .\CortexM3\ARM_GCC_493\Debug\Cm3Start.o (cyfitter_cfg)
.\CortexM3\ARM_GCC_493\Debug\LightControl.a(NP_funcs.o)
                              .\CortexM3\ARM_GCC_493\Debug\main.o (NP_Start)
.\CortexM3\ARM_GCC_493\Debug\LightControl.a(NP_Neo_BITCNT.o)
                              .\CortexM3\ARM_GCC_493\Debug\LightControl.a(NP_funcs.o) (NP_Neo_BITCNT_Start)
.\CortexM3\ARM_GCC_493\Debug\LightControl.a(NP_Neo_ONTime.o)
                              .\CortexM3\ARM_GCC_493\Debug\LightControl.a(NP_funcs.o) (NP_Neo_ONTime_Start)
.\CortexM3\ARM_GCC_493\Debug\LightControl.a(NP_Neo_OFFTime.o)
                              .\CortexM3\ARM_GCC_493\Debug\LightControl.a(NP_funcs.o) (NP_Neo_OFFTime_Start)
.\CortexM3\ARM_GCC_493\Debug\LightControl.a(NP_DMA_dma.o)
                              .\CortexM3\ARM_GCC_493\Debug\LightControl.a(NP_funcs.o) (NP_DMA_DmaInitialize)
.\CortexM3\ARM_GCC_493\Debug\LightControl.a(CyBootAsmGnu.o)
                              .\CortexM3\ARM_GCC_493\Debug\LightControl.a(cyfitter_cfg.o) (CyDelayCycles)
.\CortexM3\ARM_GCC_493\Debug\LightControl.a(CyDmac.o)
                              .\CortexM3\ARM_GCC_493\Debug\Cm3Start.o (CyDmacConfigure)
.\CortexM3\ARM_GCC_493\Debug\LightControl.a(CyLib.o)
                              .\CortexM3\ARM_GCC_493\Debug\Cm3Start.o (CyHalt)
.\CortexM3\ARM_GCC_493\Debug\LightControl.a(cyPm.o)
                              .\CortexM3\ARM_GCC_493\Debug\LightControl.a(CyLib.o) (CyPmReadStatus)
.\CortexM3\ARM_GCC_493\Debug\LightControl.a(CyFlash.o)
                              .\CortexM3\ARM_GCC_493\Debug\LightControl.a(cyPm.o) (CyFlash_SetWaitCycles)
.\CortexM3\ARM_GCC_493\Debug\LightControl.a(CySpc.o)
                              .\CortexM3\ARM_GCC_493\Debug\LightControl.a(CyFlash.o) (CySpcStart)
c:/program files (x86)/cypress/psoc creator/3.3/psoc creator/import/gnu/arm/4.9.3/bin/../lib/gcc/arm-none-eabi/4.9.3/armv7-m\libgcc.a(_arm_muldivdf3.o)
                              .\CortexM3\ARM_GCC_493\Debug\LightControl.a(NP_funcs.o) (__aeabi_ddiv)
c:/program files (x86)/cypress/psoc creator/3.3/psoc creator/import/gnu/arm/4.9.3/bin/../lib/gcc/arm-none-eabi/4.9.3/armv7-m\libgcc.a(_arm_cmpdf2.o)
                              .\CortexM3\ARM_GCC_493\Debug\LightControl.a(NP_funcs.o) (__aeabi_dcmpgt)
c:/program files (x86)/cypress/psoc creator/3.3/psoc creator/import/gnu/arm/4.9.3/bin/../lib/gcc/arm-none-eabi/4.9.3/armv7-m\libgcc.a(_arm_fixunsdfsi.o)
                              .\CortexM3\ARM_GCC_493\Debug\LightControl.a(NP_funcs.o) (__aeabi_d2uiz)
c:/program files (x86)/cypress/psoc creator/3.3/psoc creator/import/gnu/arm/4.9.3/bin/../lib/gcc/arm-none-eabi/4.9.3/../../../../arm-none-eabi/lib/armv7-m\libg_nano.a(lib_a-errno.o)
                              .\CortexM3\ARM_GCC_493\Debug\Cm3Start.o (__errno)
c:/program files (x86)/cypress/psoc creator/3.3/psoc creator/import/gnu/arm/4.9.3/bin/../lib/gcc/arm-none-eabi/4.9.3/../../../../arm-none-eabi/lib/armv7-m\libg_nano.a(lib_a-exit.o)
                              c:/program files (x86)/cypress/psoc creator/3.3/psoc creator/import/gnu/arm/4.9.3/bin/../lib/gcc/arm-none-eabi/4.9.3/../../../../arm-none-eabi/lib/armv7-m/crt0.o (exit)
c:/program files (x86)/cypress/psoc creator/3.3/psoc creator/import/gnu/arm/4.9.3/bin/../lib/gcc/arm-none-eabi/4.9.3/../../../../arm-none-eabi/lib/armv7-m\libg_nano.a(lib_a-impure.o)
                              c:/program files (x86)/cypress/psoc creator/3.3/psoc creator/import/gnu/arm/4.9.3/bin/../lib/gcc/arm-none-eabi/4.9.3/../../../../arm-none-eabi/lib/armv7-m\libg_nano.a(lib_a-exit.o) (_global_impure_ptr)
c:/program files (x86)/cypress/psoc creator/3.3/psoc creator/import/gnu/arm/4.9.3/bin/../lib/gcc/arm-none-eabi/4.9.3/../../../../arm-none-eabi/lib/armv7-m\libg_nano.a(lib_a-init.o)
                              c:/program files (x86)/cypress/psoc creator/3.3/psoc creator/import/gnu/arm/4.9.3/bin/../lib/gcc/arm-none-eabi/4.9.3/../../../../arm-none-eabi/lib/armv7-m/crt0.o (__libc_init_array)
c:/program files (x86)/cypress/psoc creator/3.3/psoc creator/import/gnu/arm/4.9.3/bin/../lib/gcc/arm-none-eabi/4.9.3/../../../../arm-none-eabi/lib/armv7-m\libg_nano.a(lib_a-malloc.o)
                              .\CortexM3\ARM_GCC_493\Debug\LightControl.a(NP_funcs.o) (malloc)
c:/program files (x86)/cypress/psoc creator/3.3/psoc creator/import/gnu/arm/4.9.3/bin/../lib/gcc/arm-none-eabi/4.9.3/../../../../arm-none-eabi/lib/armv7-m\libg_nano.a(lib_a-memcpy.o)
                              .\CortexM3\ARM_GCC_493\Debug\LightControl.a(cyfitter_cfg.o) (memcpy)
c:/program files (x86)/cypress/psoc creator/3.3/psoc creator/import/gnu/arm/4.9.3/bin/../lib/gcc/arm-none-eabi/4.9.3/../../../../arm-none-eabi/lib/armv7-m\libg_nano.a(lib_a-memset.o)
                              c:/program files (x86)/cypress/psoc creator/3.3/psoc creator/import/gnu/arm/4.9.3/bin/../lib/gcc/arm-none-eabi/4.9.3/../../../../arm-none-eabi/lib/armv7-m/crt0.o (memset)
c:/program files (x86)/cypress/psoc creator/3.3/psoc creator/import/gnu/arm/4.9.3/bin/../lib/gcc/arm-none-eabi/4.9.3/../../../../arm-none-eabi/lib/armv7-m\libg_nano.a(lib_a-nano-freer.o)
                              c:/program files (x86)/cypress/psoc creator/3.3/psoc creator/import/gnu/arm/4.9.3/bin/../lib/gcc/arm-none-eabi/4.9.3/../../../../arm-none-eabi/lib/armv7-m\libg_nano.a(lib_a-malloc.o) (_free_r)
c:/program files (x86)/cypress/psoc creator/3.3/psoc creator/import/gnu/arm/4.9.3/bin/../lib/gcc/arm-none-eabi/4.9.3/../../../../arm-none-eabi/lib/armv7-m\libg_nano.a(lib_a-nano-mallocr.o)
                              c:/program files (x86)/cypress/psoc creator/3.3/psoc creator/import/gnu/arm/4.9.3/bin/../lib/gcc/arm-none-eabi/4.9.3/../../../../arm-none-eabi/lib/armv7-m\libg_nano.a(lib_a-malloc.o) (_malloc_r)
c:/program files (x86)/cypress/psoc creator/3.3/psoc creator/import/gnu/arm/4.9.3/bin/../lib/gcc/arm-none-eabi/4.9.3/../../../../arm-none-eabi/lib/armv7-m\libg_nano.a(lib_a-sbrkr.o)
                              c:/program files (x86)/cypress/psoc creator/3.3/psoc creator/import/gnu/arm/4.9.3/bin/../lib/gcc/arm-none-eabi/4.9.3/../../../../arm-none-eabi/lib/armv7-m\libg_nano.a(lib_a-nano-mallocr.o) (_sbrk_r)
c:/program files (x86)/cypress/psoc creator/3.3/psoc creator/import/gnu/arm/4.9.3/bin/../lib/gcc/arm-none-eabi/4.9.3/../../../../arm-none-eabi/lib/armv7-m\libg_nano.a(lib_a-reent.o)
                              c:/program files (x86)/cypress/psoc creator/3.3/psoc creator/import/gnu/arm/4.9.3/bin/../lib/gcc/arm-none-eabi/4.9.3/../../../../arm-none-eabi/lib/armv7-m\libg_nano.a(lib_a-sbrkr.o) (errno)

Allocating common symbols
Common symbol       size              file

NP_g_nFrameBufferSize
                    0x4               .\CortexM3\ARM_GCC_493\Debug\main.o
errno               0x4               c:/program files (x86)/cypress/psoc creator/3.3/psoc creator/import/gnu/arm/4.9.3/bin/../lib/gcc/arm-none-eabi/4.9.3/../../../../arm-none-eabi/lib/armv7-m\libg_nano.a(lib_a-reent.o)
pPixelArray         0x1b0             .\CortexM3\ARM_GCC_493\Debug\main.o
NP_g_bOwnsBuffer    0x1               .\CortexM3\ARM_GCC_493\Debug\main.o
NP_g_nDMA_TD        0x1               .\CortexM3\ARM_GCC_493\Debug\main.o
NP_g_nNumberOfPixels
                    0x4               .\CortexM3\ARM_GCC_493\Debug\main.o
NP_g_pFrameBuffer   0x4               .\CortexM3\ARM_GCC_493\Debug\main.o
NP_g_nDMA_Chan      0x1               .\CortexM3\ARM_GCC_493\Debug\main.o
dieTemperature      0x2               .\CortexM3\ARM_GCC_493\Debug\LightControl.a(CyFlash.o)

Discarded input sections

 .text          0x00000000        0x0 c:/program files (x86)/cypress/psoc creator/3.3/psoc creator/import/gnu/arm/4.9.3/bin/../lib/gcc/arm-none-eabi/4.9.3/armv7-m/crti.o
 .data          0x00000000        0x0 c:/program files (x86)/cypress/psoc creator/3.3/psoc creator/import/gnu/arm/4.9.3/bin/../lib/gcc/arm-none-eabi/4.9.3/armv7-m/crti.o
 .bss           0x00000000        0x0 c:/program files (x86)/cypress/psoc creator/3.3/psoc creator/import/gnu/arm/4.9.3/bin/../lib/gcc/arm-none-eabi/4.9.3/armv7-m/crti.o
 .data          0x00000000        0x4 c:/program files (x86)/cypress/psoc creator/3.3/psoc creator/import/gnu/arm/4.9.3/bin/../lib/gcc/arm-none-eabi/4.9.3/armv7-m/crtbegin.o
 .text          0x00000000       0x74 c:/program files (x86)/cypress/psoc creator/3.3/psoc creator/import/gnu/arm/4.9.3/bin/../lib/gcc/arm-none-eabi/4.9.3/../../../../arm-none-eabi/lib/armv7-m/crt0.o
 .data          0x00000000        0x0 c:/program files (x86)/cypress/psoc creator/3.3/psoc creator/import/gnu/arm/4.9.3/bin/../lib/gcc/arm-none-eabi/4.9.3/../../../../arm-none-eabi/lib/armv7-m/crt0.o
 .bss           0x00000000        0x0 c:/program files (x86)/cypress/psoc creator/3.3/psoc creator/import/gnu/arm/4.9.3/bin/../lib/gcc/arm-none-eabi/4.9.3/../../../../arm-none-eabi/lib/armv7-m/crt0.o
 .ARM.extab     0x00000000        0x0 c:/program files (x86)/cypress/psoc creator/3.3/psoc creator/import/gnu/arm/4.9.3/bin/../lib/gcc/arm-none-eabi/4.9.3/../../../../arm-none-eabi/lib/armv7-m/crt0.o
 .ARM.exidx     0x00000000        0x8 c:/program files (x86)/cypress/psoc creator/3.3/psoc creator/import/gnu/arm/4.9.3/bin/../lib/gcc/arm-none-eabi/4.9.3/../../../../arm-none-eabi/lib/armv7-m/crt0.o
 .text          0x00000000        0x0 .\CortexM3\ARM_GCC_493\Debug\main.o
 .data          0x00000000        0x8 .\CortexM3\ARM_GCC_493\Debug\main.o
 .bss           0x00000000        0x4 .\CortexM3\ARM_GCC_493\Debug\main.o
 .text          0x00000000        0x0 .\CortexM3\ARM_GCC_493\Debug\cymetadata.o
 .data          0x00000000        0x0 .\CortexM3\ARM_GCC_493\Debug\cymetadata.o
 .bss           0x00000000        0x0 .\CortexM3\ARM_GCC_493\Debug\cymetadata.o
 .text          0x00000000        0x0 .\CortexM3\ARM_GCC_493\Debug\Cm3Start.o
 .bss           0x00000000        0x0 .\CortexM3\ARM_GCC_493\Debug\Cm3Start.o
 .text._exit    0x00000000        0xc .\CortexM3\ARM_GCC_493\Debug\Cm3Start.o
 .text          0x00000000        0x0 .\CortexM3\ARM_GCC_493\Debug\LightControl.a(cyfitter_cfg.o)
 .data          0x00000000        0x0 .\CortexM3\ARM_GCC_493\Debug\LightControl.a(cyfitter_cfg.o)
 .bss           0x00000000        0x0 .\CortexM3\ARM_GCC_493\Debug\LightControl.a(cyfitter_cfg.o)
 .text.SetAnalogRoutingPumps
                0x00000000       0x10 .\CortexM3\ARM_GCC_493\Debug\LightControl.a(cyfitter_cfg.o)
 .text          0x00000000        0x0 .\CortexM3\ARM_GCC_493\Debug\LightControl.a(NP_funcs.o)
 .data          0x00000000        0x0 .\CortexM3\ARM_GCC_493\Debug\LightControl.a(NP_funcs.o)
 .bss           0x00000000        0x0 .\CortexM3\ARM_GCC_493\Debug\LightControl.a(NP_funcs.o)
 .text.NP_Stop  0x00000000       0x40 .\CortexM3\ARM_GCC_493\Debug\LightControl.a(NP_funcs.o)
 .text          0x00000000        0x0 .\CortexM3\ARM_GCC_493\Debug\LightControl.a(NP_Neo_BITCNT.o)
 .data          0x00000000        0x0 .\CortexM3\ARM_GCC_493\Debug\LightControl.a(NP_Neo_BITCNT.o)
 .text.NP_Neo_BITCNT_Stop
                0x00000000       0x1c .\CortexM3\ARM_GCC_493\Debug\LightControl.a(NP_Neo_BITCNT.o)
 .text.NP_Neo_BITCNT_WriteCounter
                0x00000000       0x10 .\CortexM3\ARM_GCC_493\Debug\LightControl.a(NP_Neo_BITCNT.o)
 .text.NP_Neo_BITCNT_ReadCounter
                0x00000000       0x10 .\CortexM3\ARM_GCC_493\Debug\LightControl.a(NP_Neo_BITCNT.o)
 .text.NP_Neo_BITCNT_WritePeriod
                0x00000000        0xc .\CortexM3\ARM_GCC_493\Debug\LightControl.a(NP_Neo_BITCNT.o)
 .text.NP_Neo_BITCNT_ReadPeriod
                0x00000000        0xc .\CortexM3\ARM_GCC_493\Debug\LightControl.a(NP_Neo_BITCNT.o)
 .text          0x00000000        0x0 .\CortexM3\ARM_GCC_493\Debug\LightControl.a(NP_Neo_ONTime.o)
 .data          0x00000000        0x0 .\CortexM3\ARM_GCC_493\Debug\LightControl.a(NP_Neo_ONTime.o)
 .text.NP_Neo_ONTime_Stop
                0x00000000       0x1c .\CortexM3\ARM_GCC_493\Debug\LightControl.a(NP_Neo_ONTime.o)
 .text.NP_Neo_ONTime_WriteCounter
                0x00000000       0x10 .\CortexM3\ARM_GCC_493\Debug\LightControl.a(NP_Neo_ONTime.o)
 .text.NP_Neo_ONTime_ReadCounter
                0x00000000       0x10 .\CortexM3\ARM_GCC_493\Debug\LightControl.a(NP_Neo_ONTime.o)
 .text.NP_Neo_ONTime_ReadPeriod
                0x00000000        0xc .\CortexM3\ARM_GCC_493\Debug\LightControl.a(NP_Neo_ONTime.o)
 .text          0x00000000        0x0 .\CortexM3\ARM_GCC_493\Debug\LightControl.a(NP_Neo_OFFTime.o)
 .data          0x00000000        0x0 .\CortexM3\ARM_GCC_493\Debug\LightControl.a(NP_Neo_OFFTime.o)
 .text.NP_Neo_OFFTime_Stop
                0x00000000       0x1c .\CortexM3\ARM_GCC_493\Debug\LightControl.a(NP_Neo_OFFTime.o)
 .text.NP_Neo_OFFTime_WriteCounter
                0x00000000       0x10 .\CortexM3\ARM_GCC_493\Debug\LightControl.a(NP_Neo_OFFTime.o)
 .text.NP_Neo_OFFTime_ReadCounter
                0x00000000       0x10 .\CortexM3\ARM_GCC_493\Debug\LightControl.a(NP_Neo_OFFTime.o)
 .text.NP_Neo_OFFTime_ReadPeriod
                0x00000000        0xc .\CortexM3\ARM_GCC_493\Debug\LightControl.a(NP_Neo_OFFTime.o)
 .text          0x00000000        0x0 .\CortexM3\ARM_GCC_493\Debug\LightControl.a(NP_DMA_dma.o)
 .bss           0x00000000        0x0 .\CortexM3\ARM_GCC_493\Debug\LightControl.a(NP_DMA_dma.o)
 .text.NP_DMA_DmaRelease
                0x00000000       0x10 .\CortexM3\ARM_GCC_493\Debug\LightControl.a(NP_DMA_dma.o)
 .data          0x00000000        0x0 .\CortexM3\ARM_GCC_493\Debug\LightControl.a(CyBootAsmGnu.o)
 .bss           0x00000000        0x0 .\CortexM3\ARM_GCC_493\Debug\LightControl.a(CyBootAsmGnu.o)
 .text          0x00000000        0x0 .\CortexM3\ARM_GCC_493\Debug\LightControl.a(CyDmac.o)
 .bss           0x00000000        0x0 .\CortexM3\ARM_GCC_493\Debug\LightControl.a(CyDmac.o)
 .text.CyDmacError
                0x00000000       0x10 .\CortexM3\ARM_GCC_493\Debug\LightControl.a(CyDmac.o)
 .text.CyDmacClearError
                0x00000000       0x10 .\CortexM3\ARM_GCC_493\Debug\LightControl.a(CyDmac.o)
 .text.CyDmacErrorAddress
                0x00000000        0xc .\CortexM3\ARM_GCC_493\Debug\LightControl.a(CyDmac.o)
 .text.CyDmaChAlloc
                0x00000000       0x38 .\CortexM3\ARM_GCC_493\Debug\LightControl.a(CyDmac.o)
 .text.CyDmaChFree
                0x00000000       0x2c .\CortexM3\ARM_GCC_493\Debug\LightControl.a(CyDmac.o)
 .text.CyDmaChDisable
                0x00000000       0x24 .\CortexM3\ARM_GCC_493\Debug\LightControl.a(CyDmac.o)
 .text.CyDmaClearPendingDrq
                0x00000000       0x28 .\CortexM3\ARM_GCC_493\Debug\LightControl.a(CyDmac.o)
 .text.CyDmaChSetRequest
                0x00000000       0x20 .\CortexM3\ARM_GCC_493\Debug\LightControl.a(CyDmac.o)
 .text.CyDmaChGetRequest
                0x00000000       0x1c .\CortexM3\ARM_GCC_493\Debug\LightControl.a(CyDmac.o)
 .text.CyDmaChStatus
                0x00000000       0x30 .\CortexM3\ARM_GCC_493\Debug\LightControl.a(CyDmac.o)
 .text.CyDmaTdFree
                0x00000000       0x30 .\CortexM3\ARM_GCC_493\Debug\LightControl.a(CyDmac.o)
 .text.CyDmaTdFreeCount
                0x00000000       0x10 .\CortexM3\ARM_GCC_493\Debug\LightControl.a(CyDmac.o)
 .text.CyDmaTdGetConfiguration
                0x00000000       0x4c .\CortexM3\ARM_GCC_493\Debug\LightControl.a(CyDmac.o)
 .text.CyDmaTdGetAddress
                0x00000000       0x34 .\CortexM3\ARM_GCC_493\Debug\LightControl.a(CyDmac.o)
 .text.CyDmaChRoundRobin
                0x00000000       0x30 .\CortexM3\ARM_GCC_493\Debug\LightControl.a(CyDmac.o)
 .text          0x00000000        0x0 .\CortexM3\ARM_GCC_493\Debug\LightControl.a(CyLib.o)
 .bss           0x00000000       0x1c .\CortexM3\ARM_GCC_493\Debug\LightControl.a(CyLib.o)
 .text.CyUSB_PowerOnCheck
                0x00000000       0x48 .\CortexM3\ARM_GCC_493\Debug\LightControl.a(CyLib.o)
 .text.CyBusClk_Internal_SetDivider
                0x00000000       0x48 .\CortexM3\ARM_GCC_493\Debug\LightControl.a(CyLib.o)
 .text.CyPLL_OUT_Stop
                0x00000000       0x10 .\CortexM3\ARM_GCC_493\Debug\LightControl.a(CyLib.o)
 .text.CyIMO_Stop
                0x00000000       0x1c .\CortexM3\ARM_GCC_493\Debug\LightControl.a(CyLib.o)
 .text.CyIMO_EnableDoubler
                0x00000000       0x10 .\CortexM3\ARM_GCC_493\Debug\LightControl.a(CyLib.o)
 .text.CyIMO_DisableDoubler
                0x00000000       0x10 .\CortexM3\ARM_GCC_493\Debug\LightControl.a(CyLib.o)
 .text.CyMasterClk_SetSource
                0x00000000       0x18 .\CortexM3\ARM_GCC_493\Debug\LightControl.a(CyLib.o)
 .text.CyMasterClk_SetDivider
                0x00000000        0xc .\CortexM3\ARM_GCC_493\Debug\LightControl.a(CyLib.o)
 .text.CyBusClk_SetDivider
                0x00000000       0x70 .\CortexM3\ARM_GCC_493\Debug\LightControl.a(CyLib.o)
 .text.CyUsbClk_SetSource
                0x00000000       0x18 .\CortexM3\ARM_GCC_493\Debug\LightControl.a(CyLib.o)
 .text.CyILO_Start1K
                0x00000000       0x10 .\CortexM3\ARM_GCC_493\Debug\LightControl.a(CyLib.o)
 .text.CyILO_Stop1K
                0x00000000       0x10 .\CortexM3\ARM_GCC_493\Debug\LightControl.a(CyLib.o)
 .text.CyILO_Start100K
                0x00000000       0x10 .\CortexM3\ARM_GCC_493\Debug\LightControl.a(CyLib.o)
 .text.CyILO_Stop100K
                0x00000000       0x10 .\CortexM3\ARM_GCC_493\Debug\LightControl.a(CyLib.o)
 .text.CyPLL_OUT_Start
                0x00000000       0x78 .\CortexM3\ARM_GCC_493\Debug\LightControl.a(CyLib.o)
 .text.CyIMO_Start
                0x00000000       0x60 .\CortexM3\ARM_GCC_493\Debug\LightControl.a(CyLib.o)
 .text.CyILO_Enable33K
                0x00000000       0x10 .\CortexM3\ARM_GCC_493\Debug\LightControl.a(CyLib.o)
 .text.CyILO_Disable33K
                0x00000000       0x10 .\CortexM3\ARM_GCC_493\Debug\LightControl.a(CyLib.o)
 .text.CyILO_SetSource
                0x00000000       0x18 .\CortexM3\ARM_GCC_493\Debug\LightControl.a(CyLib.o)
 .text.CyILO_SetPowerMode
                0x00000000       0x24 .\CortexM3\ARM_GCC_493\Debug\LightControl.a(CyLib.o)
 .text.CyXTAL_32KHZ_Stop
                0x00000000       0x30 .\CortexM3\ARM_GCC_493\Debug\LightControl.a(CyLib.o)
 .text.CyXTAL_32KHZ_ReadStatus
                0x00000000       0x10 .\CortexM3\ARM_GCC_493\Debug\LightControl.a(CyLib.o)
 .text.CyXTAL_Start
                0x00000000       0xac .\CortexM3\ARM_GCC_493\Debug\LightControl.a(CyLib.o)
 .text.CyXTAL_Stop
                0x00000000       0x10 .\CortexM3\ARM_GCC_493\Debug\LightControl.a(CyLib.o)
 .text.CyXTAL_EnableErrStatus
                0x00000000       0x10 .\CortexM3\ARM_GCC_493\Debug\LightControl.a(CyLib.o)
 .text.CyXTAL_DisableErrStatus
                0x00000000       0x10 .\CortexM3\ARM_GCC_493\Debug\LightControl.a(CyLib.o)
 .text.CyXTAL_ReadStatus
                0x00000000       0x18 .\CortexM3\ARM_GCC_493\Debug\LightControl.a(CyLib.o)
 .text.CyXTAL_EnableFaultRecovery
                0x00000000       0x10 .\CortexM3\ARM_GCC_493\Debug\LightControl.a(CyLib.o)
 .text.CyXTAL_DisableFaultRecovery
                0x00000000       0x10 .\CortexM3\ARM_GCC_493\Debug\LightControl.a(CyLib.o)
 .text.CyXTAL_SetStartup
                0x00000000       0x18 .\CortexM3\ARM_GCC_493\Debug\LightControl.a(CyLib.o)
 .text.CyXTAL_SetFbVoltage
                0x00000000       0x18 .\CortexM3\ARM_GCC_493\Debug\LightControl.a(CyLib.o)
 .text.CyXTAL_SetWdVoltage
                0x00000000       0x18 .\CortexM3\ARM_GCC_493\Debug\LightControl.a(CyLib.o)
 .text.CyHalt   0x00000000        0x4 .\CortexM3\ARM_GCC_493\Debug\LightControl.a(CyLib.o)
 .text.CyPLL_OUT_SetPQ
                0x00000000       0x60 .\CortexM3\ARM_GCC_493\Debug\LightControl.a(CyLib.o)
 .text.CyPLL_OUT_SetSource
                0x00000000       0x34 .\CortexM3\ARM_GCC_493\Debug\LightControl.a(CyLib.o)
 .text.CyIMO_SetTrimValue
                0x00000000       0xcc .\CortexM3\ARM_GCC_493\Debug\LightControl.a(CyLib.o)
 .text.CyIMO_SetFreq
                0x00000000       0xf4 .\CortexM3\ARM_GCC_493\Debug\LightControl.a(CyLib.o)
 .text.CyIMO_SetSource
                0x00000000       0x58 .\CortexM3\ARM_GCC_493\Debug\LightControl.a(CyLib.o)
 .text.CySoftwareReset
                0x00000000       0x10 .\CortexM3\ARM_GCC_493\Debug\LightControl.a(CyLib.o)
 .text.CyDelayUs
                0x00000000       0x14 .\CortexM3\ARM_GCC_493\Debug\LightControl.a(CyLib.o)
 .text.CyXTAL_32KHZ_SetPowerMode
                0x00000000       0x84 .\CortexM3\ARM_GCC_493\Debug\LightControl.a(CyLib.o)
 .text.CyXTAL_32KHZ_Start
                0x00000000       0x70 .\CortexM3\ARM_GCC_493\Debug\LightControl.a(CyLib.o)
 .text.CyDelayFreq
                0x00000000       0x4c .\CortexM3\ARM_GCC_493\Debug\LightControl.a(CyLib.o)
 .text.CyWdtStart
                0x00000000       0x40 .\CortexM3\ARM_GCC_493\Debug\LightControl.a(CyLib.o)
 .text.CyWdtClear
                0x00000000        0xc .\CortexM3\ARM_GCC_493\Debug\LightControl.a(CyLib.o)
 .text.CyVdStickyStatus
                0x00000000       0x2c .\CortexM3\ARM_GCC_493\Debug\LightControl.a(CyLib.o)
 .text.CyVdLvDigitEnable
                0x00000000       0x84 .\CortexM3\ARM_GCC_493\Debug\LightControl.a(CyLib.o)
 .text.CyVdLvAnalogEnable
                0x00000000       0x80 .\CortexM3\ARM_GCC_493\Debug\LightControl.a(CyLib.o)
 .text.CyVdLvDigitDisable
                0x00000000       0x30 .\CortexM3\ARM_GCC_493\Debug\LightControl.a(CyLib.o)
 .text.CyVdLvAnalogDisable
                0x00000000       0x28 .\CortexM3\ARM_GCC_493\Debug\LightControl.a(CyLib.o)
 .text.CyVdHvAnalogEnable
                0x00000000       0x54 .\CortexM3\ARM_GCC_493\Debug\LightControl.a(CyLib.o)
 .text.CyVdHvAnalogDisable
                0x00000000       0x20 .\CortexM3\ARM_GCC_493\Debug\LightControl.a(CyLib.o)
 .text.CyVdRealTimeStatus
                0x00000000       0x1c .\CortexM3\ARM_GCC_493\Debug\LightControl.a(CyLib.o)
 .text.CyDisableInts
                0x00000000       0x1c .\CortexM3\ARM_GCC_493\Debug\LightControl.a(CyLib.o)
 .text.CyEnableInts
                0x00000000       0x18 .\CortexM3\ARM_GCC_493\Debug\LightControl.a(CyLib.o)
 .text.CyFlushCache
                0x00000000       0x44 .\CortexM3\ARM_GCC_493\Debug\LightControl.a(CyLib.o)
 .text.CyIntSetSysVector
                0x00000000       0x28 .\CortexM3\ARM_GCC_493\Debug\LightControl.a(CyLib.o)
 .text.CyIntGetSysVector
                0x00000000       0x20 .\CortexM3\ARM_GCC_493\Debug\LightControl.a(CyLib.o)
 .text.CyIntSetVector
                0x00000000       0x28 .\CortexM3\ARM_GCC_493\Debug\LightControl.a(CyLib.o)
 .text.CyIntGetVector
                0x00000000       0x24 .\CortexM3\ARM_GCC_493\Debug\LightControl.a(CyLib.o)
 .text.CyIntSetPriority
                0x00000000       0x30 .\CortexM3\ARM_GCC_493\Debug\LightControl.a(CyLib.o)
 .text.CyIntGetPriority
                0x00000000       0x20 .\CortexM3\ARM_GCC_493\Debug\LightControl.a(CyLib.o)
 .text.CyIntGetState
                0x00000000       0x24 .\CortexM3\ARM_GCC_493\Debug\LightControl.a(CyLib.o)
 .text.CySysTickStop
                0x00000000       0x10 .\CortexM3\ARM_GCC_493\Debug\LightControl.a(CyLib.o)
 .text.CySysTickEnableInterrupt
                0x00000000       0x10 .\CortexM3\ARM_GCC_493\Debug\LightControl.a(CyLib.o)
 .text.CySysTickEnable
                0x00000000       0x18 .\CortexM3\ARM_GCC_493\Debug\LightControl.a(CyLib.o)
 .text.CySysTickDisableInterrupt
                0x00000000       0x10 .\CortexM3\ARM_GCC_493\Debug\LightControl.a(CyLib.o)
 .text.CySysTickSetReload
                0x00000000       0x10 .\CortexM3\ARM_GCC_493\Debug\LightControl.a(CyLib.o)
 .text.CySysTickGetReload
                0x00000000       0x10 .\CortexM3\ARM_GCC_493\Debug\LightControl.a(CyLib.o)
 .text.CySysTickGetValue
                0x00000000       0x10 .\CortexM3\ARM_GCC_493\Debug\LightControl.a(CyLib.o)
 .text.CySysTickSetClockSource
                0x00000000       0x20 .\CortexM3\ARM_GCC_493\Debug\LightControl.a(CyLib.o)
 .text.CySysTickGetCountFlag
                0x00000000       0x10 .\CortexM3\ARM_GCC_493\Debug\LightControl.a(CyLib.o)
 .text.CySysTickServiceCallbacks
                0x00000000       0x28 .\CortexM3\ARM_GCC_493\Debug\LightControl.a(CyLib.o)
 .text.CySysTickClear
                0x00000000        0xc .\CortexM3\ARM_GCC_493\Debug\LightControl.a(CyLib.o)
 .text.CySysTickInit
                0x00000000       0x58 .\CortexM3\ARM_GCC_493\Debug\LightControl.a(CyLib.o)
 .text.CySysTickStart
                0x00000000       0x1c .\CortexM3\ARM_GCC_493\Debug\LightControl.a(CyLib.o)
 .text.CySysTickSetCallback
                0x00000000       0x10 .\CortexM3\ARM_GCC_493\Debug\LightControl.a(CyLib.o)
 .text.CySysTickGetCallback
                0x00000000       0x10 .\CortexM3\ARM_GCC_493\Debug\LightControl.a(CyLib.o)
 .text.CyGetUniqueId
                0x00000000       0x70 .\CortexM3\ARM_GCC_493\Debug\LightControl.a(CyLib.o)
 .text          0x00000000        0x0 .\CortexM3\ARM_GCC_493\Debug\LightControl.a(cyPm.o)
 .data          0x00000000        0x0 .\CortexM3\ARM_GCC_493\Debug\LightControl.a(cyPm.o)
 .bss           0x00000000       0x44 .\CortexM3\ARM_GCC_493\Debug\LightControl.a(cyPm.o)
 .text.CyPmHibSlpSaveSet
                0x00000000      0x1dc .\CortexM3\ARM_GCC_493\Debug\LightControl.a(cyPm.o)
 .text.CyPmHibSlpRestore
                0x00000000       0xd4 .\CortexM3\ARM_GCC_493\Debug\LightControl.a(cyPm.o)
 .text.CyPmHviLviSaveDisable
                0x00000000       0xa0 .\CortexM3\ARM_GCC_493\Debug\LightControl.a(cyPm.o)
 .text.CyPmHibSaveSet
                0x00000000       0x8c .\CortexM3\ARM_GCC_493\Debug\LightControl.a(cyPm.o)
 .text.CyPmHviLviRestore
                0x00000000       0x48 .\CortexM3\ARM_GCC_493\Debug\LightControl.a(cyPm.o)
 .text.CyPmHibRestore
                0x00000000       0x58 .\CortexM3\ARM_GCC_493\Debug\LightControl.a(cyPm.o)
 .text.CyPmSaveClocks
                0x00000000      0x218 .\CortexM3\ARM_GCC_493\Debug\LightControl.a(cyPm.o)
 .text.CyPmRestoreClocks
                0x00000000      0x24c .\CortexM3\ARM_GCC_493\Debug\LightControl.a(cyPm.o)
 .text.CyPmAltAct
                0x00000000       0x6c .\CortexM3\ARM_GCC_493\Debug\LightControl.a(cyPm.o)
 .text.CyPmSleep
                0x00000000       0xf4 .\CortexM3\ARM_GCC_493\Debug\LightControl.a(cyPm.o)
 .text.CyPmHibernateEx
                0x00000000       0xf4 .\CortexM3\ARM_GCC_493\Debug\LightControl.a(cyPm.o)
 .text.CyPmHibernate
                0x00000000        0xc .\CortexM3\ARM_GCC_493\Debug\LightControl.a(cyPm.o)
 .text.CyPmReadStatus
                0x00000000       0x30 .\CortexM3\ARM_GCC_493\Debug\LightControl.a(cyPm.o)
 .text.CyPmCtwSetInterval
                0x00000000       0x5c .\CortexM3\ARM_GCC_493\Debug\LightControl.a(cyPm.o)
 .text.CyPmOppsSet
                0x00000000       0x2c .\CortexM3\ARM_GCC_493\Debug\LightControl.a(cyPm.o)
 .text.CyPmFtwSetInterval
                0x00000000       0x5c .\CortexM3\ARM_GCC_493\Debug\LightControl.a(cyPm.o)
 .rodata        0x00000000       0x10 .\CortexM3\ARM_GCC_493\Debug\LightControl.a(cyPm.o)
 .text          0x00000000        0x0 .\CortexM3\ARM_GCC_493\Debug\LightControl.a(CyFlash.o)
 .data          0x00000000        0x0 .\CortexM3\ARM_GCC_493\Debug\LightControl.a(CyFlash.o)
 .bss           0x00000000        0x4 .\CortexM3\ARM_GCC_493\Debug\LightControl.a(CyFlash.o)
 .text.CyFlashGetSpcAlgorithm
                0x00000000       0x4c .\CortexM3\ARM_GCC_493\Debug\LightControl.a(CyFlash.o)
 .text.CySetTempInt
                0x00000000       0x60 .\CortexM3\ARM_GCC_493\Debug\LightControl.a(CyFlash.o)
 .text.CyFlash_Start
                0x00000000       0x54 .\CortexM3\ARM_GCC_493\Debug\LightControl.a(CyFlash.o)
 .text.CyFlash_Stop
                0x00000000       0x24 .\CortexM3\ARM_GCC_493\Debug\LightControl.a(CyFlash.o)
 .text.CySetTemp
                0x00000000       0x14 .\CortexM3\ARM_GCC_493\Debug\LightControl.a(CyFlash.o)
 .text.CySetFlashEEBuffer
                0x00000000       0x28 .\CortexM3\ARM_GCC_493\Debug\LightControl.a(CyFlash.o)
 .text.CyWriteRowFull
                0x00000000       0xf8 .\CortexM3\ARM_GCC_493\Debug\LightControl.a(CyFlash.o)
 .text.CyWriteRowData
                0x00000000       0x14 .\CortexM3\ARM_GCC_493\Debug\LightControl.a(CyFlash.o)
 .text.CyFlash_SetWaitCycles
                0x00000000       0x7c .\CortexM3\ARM_GCC_493\Debug\LightControl.a(CyFlash.o)
 .text.CyEEPROM_Start
                0x00000000       0x54 .\CortexM3\ARM_GCC_493\Debug\LightControl.a(CyFlash.o)
 .text.CyEEPROM_Stop
                0x00000000       0x24 .\CortexM3\ARM_GCC_493\Debug\LightControl.a(CyFlash.o)
 .text.CyEEPROM_ReadReserve
                0x00000000       0x1c .\CortexM3\ARM_GCC_493\Debug\LightControl.a(CyFlash.o)
 .text.CyEEPROM_ReadRelease
                0x00000000       0x10 .\CortexM3\ARM_GCC_493\Debug\LightControl.a(CyFlash.o)
 COMMON         0x00000000        0x2 .\CortexM3\ARM_GCC_493\Debug\LightControl.a(CyFlash.o)
 .text          0x00000000        0x0 .\CortexM3\ARM_GCC_493\Debug\LightControl.a(CySpc.o)
 .data          0x00000000        0x0 .\CortexM3\ARM_GCC_493\Debug\LightControl.a(CySpc.o)
 .bss           0x00000000        0x8 .\CortexM3\ARM_GCC_493\Debug\LightControl.a(CySpc.o)
 .text.CySpcStart
                0x00000000       0x24 .\CortexM3\ARM_GCC_493\Debug\LightControl.a(CySpc.o)
 .text.CySpcStop
                0x00000000       0x24 .\CortexM3\ARM_GCC_493\Debug\LightControl.a(CySpc.o)
 .text.CySpcReadData
                0x00000000       0x34 .\CortexM3\ARM_GCC_493\Debug\LightControl.a(CySpc.o)
 .text.CySpcLoadMultiByte
                0x00000000       0x78 .\CortexM3\ARM_GCC_493\Debug\LightControl.a(CySpc.o)
 .text.CySpcLoadRow
                0x00000000       0x54 .\CortexM3\ARM_GCC_493\Debug\LightControl.a(CySpc.o)
 .text.CySpcLoadRowFull
                0x00000000       0x80 .\CortexM3\ARM_GCC_493\Debug\LightControl.a(CySpc.o)
 .text.CySpcWriteRow
                0x00000000       0x4c .\CortexM3\ARM_GCC_493\Debug\LightControl.a(CySpc.o)
 .text.CySpcEraseSector
                0x00000000       0x3c .\CortexM3\ARM_GCC_493\Debug\LightControl.a(CySpc.o)
 .text.CySpcGetTemp
                0x00000000       0x3c .\CortexM3\ARM_GCC_493\Debug\LightControl.a(CySpc.o)
 .text.CySpcLock
                0x00000000       0x4c .\CortexM3\ARM_GCC_493\Debug\LightControl.a(CySpc.o)
 .text.CySpcUnlock
                0x00000000       0x38 .\CortexM3\ARM_GCC_493\Debug\LightControl.a(CySpc.o)
 .text.CySpcGetAlgorithm
                0x00000000       0x28 .\CortexM3\ARM_GCC_493\Debug\LightControl.a(CySpc.o)
 .data          0x00000000        0x0 c:/program files (x86)/cypress/psoc creator/3.3/psoc creator/import/gnu/arm/4.9.3/bin/../lib/gcc/arm-none-eabi/4.9.3/armv7-m\libgcc.a(_arm_muldivdf3.o)
 .bss           0x00000000        0x0 c:/program files (x86)/cypress/psoc creator/3.3/psoc creator/import/gnu/arm/4.9.3/bin/../lib/gcc/arm-none-eabi/4.9.3/armv7-m\libgcc.a(_arm_muldivdf3.o)
 .data          0x00000000        0x0 c:/program files (x86)/cypress/psoc creator/3.3/psoc creator/import/gnu/arm/4.9.3/bin/../lib/gcc/arm-none-eabi/4.9.3/armv7-m\libgcc.a(_arm_cmpdf2.o)
 .bss           0x00000000        0x0 c:/program files (x86)/cypress/psoc creator/3.3/psoc creator/import/gnu/arm/4.9.3/bin/../lib/gcc/arm-none-eabi/4.9.3/armv7-m\libgcc.a(_arm_cmpdf2.o)
 .data          0x00000000        0x0 c:/program files (x86)/cypress/psoc creator/3.3/psoc creator/import/gnu/arm/4.9.3/bin/../lib/gcc/arm-none-eabi/4.9.3/armv7-m\libgcc.a(_arm_fixunsdfsi.o)
 .bss           0x00000000        0x0 c:/program files (x86)/cypress/psoc creator/3.3/psoc creator/import/gnu/arm/4.9.3/bin/../lib/gcc/arm-none-eabi/4.9.3/armv7-m\libgcc.a(_arm_fixunsdfsi.o)
 .text          0x00000000        0x0 c:/program files (x86)/cypress/psoc creator/3.3/psoc creator/import/gnu/arm/4.9.3/bin/../lib/gcc/arm-none-eabi/4.9.3/../../../../arm-none-eabi/lib/armv7-m\libg_nano.a(lib_a-errno.o)
 .data          0x00000000        0x0 c:/program files (x86)/cypress/psoc creator/3.3/psoc creator/import/gnu/arm/4.9.3/bin/../lib/gcc/arm-none-eabi/4.9.3/../../../../arm-none-eabi/lib/armv7-m\libg_nano.a(lib_a-errno.o)
 .bss           0x00000000        0x0 c:/program files (x86)/cypress/psoc creator/3.3/psoc creator/import/gnu/arm/4.9.3/bin/../lib/gcc/arm-none-eabi/4.9.3/../../../../arm-none-eabi/lib/armv7-m\libg_nano.a(lib_a-errno.o)
 .text          0x00000000        0x0 c:/program files (x86)/cypress/psoc creator/3.3/psoc creator/import/gnu/arm/4.9.3/bin/../lib/gcc/arm-none-eabi/4.9.3/../../../../arm-none-eabi/lib/armv7-m\libg_nano.a(lib_a-exit.o)
 .data          0x00000000        0x0 c:/program files (x86)/cypress/psoc creator/3.3/psoc creator/import/gnu/arm/4.9.3/bin/../lib/gcc/arm-none-eabi/4.9.3/../../../../arm-none-eabi/lib/armv7-m\libg_nano.a(lib_a-exit.o)
 .bss           0x00000000        0x0 c:/program files (x86)/cypress/psoc creator/3.3/psoc creator/import/gnu/arm/4.9.3/bin/../lib/gcc/arm-none-eabi/4.9.3/../../../../arm-none-eabi/lib/armv7-m\libg_nano.a(lib_a-exit.o)
 .text.exit     0x00000000       0x28 c:/program files (x86)/cypress/psoc creator/3.3/psoc creator/import/gnu/arm/4.9.3/bin/../lib/gcc/arm-none-eabi/4.9.3/../../../../arm-none-eabi/lib/armv7-m\libg_nano.a(lib_a-exit.o)
 .text          0x00000000        0x0 c:/program files (x86)/cypress/psoc creator/3.3/psoc creator/import/gnu/arm/4.9.3/bin/../lib/gcc/arm-none-eabi/4.9.3/../../../../arm-none-eabi/lib/armv7-m\libg_nano.a(lib_a-impure.o)
 .data          0x00000000        0x0 c:/program files (x86)/cypress/psoc creator/3.3/psoc creator/import/gnu/arm/4.9.3/bin/../lib/gcc/arm-none-eabi/4.9.3/../../../../arm-none-eabi/lib/armv7-m\libg_nano.a(lib_a-impure.o)
 .bss           0x00000000        0x0 c:/program files (x86)/cypress/psoc creator/3.3/psoc creator/import/gnu/arm/4.9.3/bin/../lib/gcc/arm-none-eabi/4.9.3/../../../../arm-none-eabi/lib/armv7-m\libg_nano.a(lib_a-impure.o)
 .rodata._global_impure_ptr
                0x00000000        0x4 c:/program files (x86)/cypress/psoc creator/3.3/psoc creator/import/gnu/arm/4.9.3/bin/../lib/gcc/arm-none-eabi/4.9.3/../../../../arm-none-eabi/lib/armv7-m\libg_nano.a(lib_a-impure.o)
 .text          0x00000000        0x0 c:/program files (x86)/cypress/psoc creator/3.3/psoc creator/import/gnu/arm/4.9.3/bin/../lib/gcc/arm-none-eabi/4.9.3/../../../../arm-none-eabi/lib/armv7-m\libg_nano.a(lib_a-init.o)
 .data          0x00000000        0x0 c:/program files (x86)/cypress/psoc creator/3.3/psoc creator/import/gnu/arm/4.9.3/bin/../lib/gcc/arm-none-eabi/4.9.3/../../../../arm-none-eabi/lib/armv7-m\libg_nano.a(lib_a-init.o)
 .bss           0x00000000        0x0 c:/program files (x86)/cypress/psoc creator/3.3/psoc creator/import/gnu/arm/4.9.3/bin/../lib/gcc/arm-none-eabi/4.9.3/../../../../arm-none-eabi/lib/armv7-m\libg_nano.a(lib_a-init.o)
 .text          0x00000000        0x0 c:/program files (x86)/cypress/psoc creator/3.3/psoc creator/import/gnu/arm/4.9.3/bin/../lib/gcc/arm-none-eabi/4.9.3/../../../../arm-none-eabi/lib/armv7-m\libg_nano.a(lib_a-malloc.o)
 .data          0x00000000        0x0 c:/program files (x86)/cypress/psoc creator/3.3/psoc creator/import/gnu/arm/4.9.3/bin/../lib/gcc/arm-none-eabi/4.9.3/../../../../arm-none-eabi/lib/armv7-m\libg_nano.a(lib_a-malloc.o)
 .bss           0x00000000        0x0 c:/program files (x86)/cypress/psoc creator/3.3/psoc creator/import/gnu/arm/4.9.3/bin/../lib/gcc/arm-none-eabi/4.9.3/../../../../arm-none-eabi/lib/armv7-m\libg_nano.a(lib_a-malloc.o)
 .text.free     0x00000000       0x10 c:/program files (x86)/cypress/psoc creator/3.3/psoc creator/import/gnu/arm/4.9.3/bin/../lib/gcc/arm-none-eabi/4.9.3/../../../../arm-none-eabi/lib/armv7-m\libg_nano.a(lib_a-malloc.o)
 .text          0x00000000        0x0 c:/program files (x86)/cypress/psoc creator/3.3/psoc creator/import/gnu/arm/4.9.3/bin/../lib/gcc/arm-none-eabi/4.9.3/../../../../arm-none-eabi/lib/armv7-m\libg_nano.a(lib_a-memcpy.o)
 .data          0x00000000        0x0 c:/program files (x86)/cypress/psoc creator/3.3/psoc creator/import/gnu/arm/4.9.3/bin/../lib/gcc/arm-none-eabi/4.9.3/../../../../arm-none-eabi/lib/armv7-m\libg_nano.a(lib_a-memcpy.o)
 .bss           0x00000000        0x0 c:/program files (x86)/cypress/psoc creator/3.3/psoc creator/import/gnu/arm/4.9.3/bin/../lib/gcc/arm-none-eabi/4.9.3/../../../../arm-none-eabi/lib/armv7-m\libg_nano.a(lib_a-memcpy.o)
 .text          0x00000000        0x0 c:/program files (x86)/cypress/psoc creator/3.3/psoc creator/import/gnu/arm/4.9.3/bin/../lib/gcc/arm-none-eabi/4.9.3/../../../../arm-none-eabi/lib/armv7-m\libg_nano.a(lib_a-memset.o)
 .data          0x00000000        0x0 c:/program files (x86)/cypress/psoc creator/3.3/psoc creator/import/gnu/arm/4.9.3/bin/../lib/gcc/arm-none-eabi/4.9.3/../../../../arm-none-eabi/lib/armv7-m\libg_nano.a(lib_a-memset.o)
 .bss           0x00000000        0x0 c:/program files (x86)/cypress/psoc creator/3.3/psoc creator/import/gnu/arm/4.9.3/bin/../lib/gcc/arm-none-eabi/4.9.3/../../../../arm-none-eabi/lib/armv7-m\libg_nano.a(lib_a-memset.o)
 .text          0x00000000        0x0 c:/program files (x86)/cypress/psoc creator/3.3/psoc creator/import/gnu/arm/4.9.3/bin/../lib/gcc/arm-none-eabi/4.9.3/../../../../arm-none-eabi/lib/armv7-m\libg_nano.a(lib_a-nano-freer.o)
 .data          0x00000000        0x0 c:/program files (x86)/cypress/psoc creator/3.3/psoc creator/import/gnu/arm/4.9.3/bin/../lib/gcc/arm-none-eabi/4.9.3/../../../../arm-none-eabi/lib/armv7-m\libg_nano.a(lib_a-nano-freer.o)
 .bss           0x00000000        0x0 c:/program files (x86)/cypress/psoc creator/3.3/psoc creator/import/gnu/arm/4.9.3/bin/../lib/gcc/arm-none-eabi/4.9.3/../../../../arm-none-eabi/lib/armv7-m\libg_nano.a(lib_a-nano-freer.o)
 .text._free_r  0x00000000       0x88 c:/program files (x86)/cypress/psoc creator/3.3/psoc creator/import/gnu/arm/4.9.3/bin/../lib/gcc/arm-none-eabi/4.9.3/../../../../arm-none-eabi/lib/armv7-m\libg_nano.a(lib_a-nano-freer.o)
 .text          0x00000000        0x0 c:/program files (x86)/cypress/psoc creator/3.3/psoc creator/import/gnu/arm/4.9.3/bin/../lib/gcc/arm-none-eabi/4.9.3/../../../../arm-none-eabi/lib/armv7-m\libg_nano.a(lib_a-nano-mallocr.o)
 .data          0x00000000        0x0 c:/program files (x86)/cypress/psoc creator/3.3/psoc creator/import/gnu/arm/4.9.3/bin/../lib/gcc/arm-none-eabi/4.9.3/../../../../arm-none-eabi/lib/armv7-m\libg_nano.a(lib_a-nano-mallocr.o)
 .bss           0x00000000        0x0 c:/program files (x86)/cypress/psoc creator/3.3/psoc creator/import/gnu/arm/4.9.3/bin/../lib/gcc/arm-none-eabi/4.9.3/../../../../arm-none-eabi/lib/armv7-m\libg_nano.a(lib_a-nano-mallocr.o)
 .text          0x00000000        0x0 c:/program files (x86)/cypress/psoc creator/3.3/psoc creator/import/gnu/arm/4.9.3/bin/../lib/gcc/arm-none-eabi/4.9.3/../../../../arm-none-eabi/lib/armv7-m\libg_nano.a(lib_a-sbrkr.o)
 .data          0x00000000        0x0 c:/program files (x86)/cypress/psoc creator/3.3/psoc creator/import/gnu/arm/4.9.3/bin/../lib/gcc/arm-none-eabi/4.9.3/../../../../arm-none-eabi/lib/armv7-m\libg_nano.a(lib_a-sbrkr.o)
 .bss           0x00000000        0x0 c:/program files (x86)/cypress/psoc creator/3.3/psoc creator/import/gnu/arm/4.9.3/bin/../lib/gcc/arm-none-eabi/4.9.3/../../../../arm-none-eabi/lib/armv7-m\libg_nano.a(lib_a-sbrkr.o)
 .text          0x00000000        0x0 c:/program files (x86)/cypress/psoc creator/3.3/psoc creator/import/gnu/arm/4.9.3/bin/../lib/gcc/arm-none-eabi/4.9.3/../../../../arm-none-eabi/lib/armv7-m\libg_nano.a(lib_a-reent.o)
 .data          0x00000000        0x0 c:/program files (x86)/cypress/psoc creator/3.3/psoc creator/import/gnu/arm/4.9.3/bin/../lib/gcc/arm-none-eabi/4.9.3/../../../../arm-none-eabi/lib/armv7-m\libg_nano.a(lib_a-reent.o)
 .bss           0x00000000        0x0 c:/program files (x86)/cypress/psoc creator/3.3/psoc creator/import/gnu/arm/4.9.3/bin/../lib/gcc/arm-none-eabi/4.9.3/../../../../arm-none-eabi/lib/armv7-m\libg_nano.a(lib_a-reent.o)
 .text.cleanup_glue
                0x00000000       0x1a c:/program files (x86)/cypress/psoc creator/3.3/psoc creator/import/gnu/arm/4.9.3/bin/../lib/gcc/arm-none-eabi/4.9.3/../../../../arm-none-eabi/lib/armv7-m\libg_nano.a(lib_a-reent.o)
 .text._reclaim_reent
                0x00000000       0xb4 c:/program files (x86)/cypress/psoc creator/3.3/psoc creator/import/gnu/arm/4.9.3/bin/../lib/gcc/arm-none-eabi/4.9.3/../../../../arm-none-eabi/lib/armv7-m\libg_nano.a(lib_a-reent.o)
 .text          0x00000000        0x0 c:/program files (x86)/cypress/psoc creator/3.3/psoc creator/import/gnu/arm/4.9.3/bin/../lib/gcc/arm-none-eabi/4.9.3/armv7-m/crtend.o
 .data          0x00000000        0x0 c:/program files (x86)/cypress/psoc creator/3.3/psoc creator/import/gnu/arm/4.9.3/bin/../lib/gcc/arm-none-eabi/4.9.3/armv7-m/crtend.o
 .bss           0x00000000        0x0 c:/program files (x86)/cypress/psoc creator/3.3/psoc creator/import/gnu/arm/4.9.3/bin/../lib/gcc/arm-none-eabi/4.9.3/armv7-m/crtend.o
 .text          0x00000000        0x0 c:/program files (x86)/cypress/psoc creator/3.3/psoc creator/import/gnu/arm/4.9.3/bin/../lib/gcc/arm-none-eabi/4.9.3/armv7-m/crtn.o
 .data          0x00000000        0x0 c:/program files (x86)/cypress/psoc creator/3.3/psoc creator/import/gnu/arm/4.9.3/bin/../lib/gcc/arm-none-eabi/4.9.3/armv7-m/crtn.o
 .bss           0x00000000        0x0 c:/program files (x86)/cypress/psoc creator/3.3/psoc creator/import/gnu/arm/4.9.3/bin/../lib/gcc/arm-none-eabi/4.9.3/armv7-m/crtn.o

Memory Configuration

Name             Origin             Length             Attributes
rom              0x00000000         0x00040000         xr
ram              0x1fff8000         0x00010000         xrw
*default*        0x00000000         0xffffffff

Linker script and memory map

LOAD c:/program files (x86)/cypress/psoc creator/3.3/psoc creator/import/gnu/arm/4.9.3/bin/../lib/gcc/arm-none-eabi/4.9.3/armv7-m/crti.o
LOAD c:/program files (x86)/cypress/psoc creator/3.3/psoc creator/import/gnu/arm/4.9.3/bin/../lib/gcc/arm-none-eabi/4.9.3/armv7-m/crtbegin.o
LOAD c:/program files (x86)/cypress/psoc creator/3.3/psoc creator/import/gnu/arm/4.9.3/bin/../lib/gcc/arm-none-eabi/4.9.3/../../../../arm-none-eabi/lib/armv7-m/crt0.o
START GROUP
LOAD .\CortexM3\ARM_GCC_493\Debug\main.o
LOAD .\CortexM3\ARM_GCC_493\Debug\cymetadata.o
LOAD .\CortexM3\ARM_GCC_493\Debug\Cm3Start.o
LOAD .\CortexM3\ARM_GCC_493\Debug\LightControl.a
LOAD C:\Program Files (x86)\Cypress\PSoC Creator\3.3\PSoC Creator\psoc\content\cycomponentlibrary\CyComponentLibrary.cylib\CortexM3\ARM_GCC_493\Debug\CyComponentLibrary.a
LOAD c:/program files (x86)/cypress/psoc creator/3.3/psoc creator/import/gnu/arm/4.9.3/bin/../lib/gcc/arm-none-eabi/4.9.3/../../../../arm-none-eabi/lib/armv7-m\libm.a
END GROUP
START GROUP
LOAD c:/program files (x86)/cypress/psoc creator/3.3/psoc creator/import/gnu/arm/4.9.3/bin/../lib/gcc/arm-none-eabi/4.9.3/armv7-m\libgcc.a
LOAD c:/program files (x86)/cypress/psoc creator/3.3/psoc creator/import/gnu/arm/4.9.3/bin/../lib/gcc/arm-none-eabi/4.9.3/../../../../arm-none-eabi/lib/armv7-m\libg_nano.a
LOAD c:/program files (x86)/cypress/psoc creator/3.3/psoc creator/import/gnu/arm/4.9.3/bin/../lib/gcc/arm-none-eabi/4.9.3/../../../../arm-none-eabi/lib/armv7-m\libc_nano.a
END GROUP
START GROUP
LOAD c:/program files (x86)/cypress/psoc creator/3.3/psoc creator/import/gnu/arm/4.9.3/bin/../lib/gcc/arm-none-eabi/4.9.3/armv7-m\libgcc.a
LOAD c:/program files (x86)/cypress/psoc creator/3.3/psoc creator/import/gnu/arm/4.9.3/bin/../lib/gcc/arm-none-eabi/4.9.3/../../../../arm-none-eabi/lib/armv7-m\libc_nano.a
END GROUP
LOAD c:/program files (x86)/cypress/psoc creator/3.3/psoc creator/import/gnu/arm/4.9.3/bin/../lib/gcc/arm-none-eabi/4.9.3/armv7-m/crtend.o
LOAD c:/program files (x86)/cypress/psoc creator/3.3/psoc creator/import/gnu/arm/4.9.3/bin/../lib/gcc/arm-none-eabi/4.9.3/armv7-m/crtn.o
START GROUP
LOAD c:/program files (x86)/cypress/psoc creator/3.3/psoc creator/import/gnu/arm/4.9.3/bin/../lib/gcc/arm-none-eabi/4.9.3/armv7-m\libgcc.a
LOAD c:/program files (x86)/cypress/psoc creator/3.3/psoc creator/import/gnu/arm/4.9.3/bin/../lib/gcc/arm-none-eabi/4.9.3/../../../../arm-none-eabi/lib/armv7-m\libc.a
LOAD c:/program files (x86)/cypress/psoc creator/3.3/psoc creator/import/gnu/arm/4.9.3/bin/../lib/gcc/arm-none-eabi/4.9.3/../../../../arm-none-eabi/lib/armv7-m\libnosys.a
END GROUP
                0x00000000                CY_APPL_ORIGIN = 0x0
                0x00000100                CY_FLASH_ROW_SIZE = 0x100
                0x00000020                CY_ECC_ROW_SIZE = 0x20
                0x00000000                CY_EE_IN_BTLDR = 0x0
                0x00000000                CY_APPL_LOADABLE = 0x0
                0x00000800                CY_EE_SIZE = 0x800
                0x00000001                CY_APPL_NUM = 0x1
                0x00000001                CY_APPL_MAX = 0x1
                0x00000040                CY_METADATA_SIZE = 0x40
                0x00000000                CY_APPL_LOADABLE = 0x0
                0x00000000                CY_CHECKSUM_EXCLUDE_SIZE = ALIGN (0x0, CY_FLASH_ROW_SIZE)
                0x1fff8380                PROVIDE (__cy_heap_start, _end)
                0x00000001                PROVIDE (__cy_region_num, ((__cy_regions_end - __cy_regions) / 0x10))
                0x20008000                PROVIDE (__cy_stack, (ORIGIN (ram) + 0x10000))
                0x20007800                PROVIDE (__cy_heap_end, (__cy_stack - 0x800))

.cybootloader   0x00000000        0x0
 *(.cybootloader)
                0x00000000                appl1_start = CY_APPL_ORIGIN?CY_APPL_ORIGIN:ALIGN (CY_FLASH_ROW_SIZE)
                0x0001ff00                appl2_start = (appl1_start + ALIGN ((((0x40000 - appl1_start) - (0x2 * CY_FLASH_ROW_SIZE)) / 0x2), CY_FLASH_ROW_SIZE))
                0x00000000                appl_start = (CY_APPL_NUM == 0x1)?appl1_start:appl2_start
                0x00000000                ecc_offset = ((appl_start / CY_FLASH_ROW_SIZE) * CY_ECC_ROW_SIZE)
                0x00000000                ee_offset = (CY_APPL_LOADABLE && ! (CY_EE_IN_BTLDR))?((CY_EE_SIZE / CY_APPL_MAX) * (CY_APPL_NUM - 0x1)):0x0
                0x00000800                ee_size = (CY_APPL_LOADABLE && ! (CY_EE_IN_BTLDR))?(CY_EE_SIZE / CY_APPL_MAX):CY_EE_SIZE
                0x00000000                PROVIDE (CY_ECC_OFFSET, ecc_offset)

.text           0x00000000      0xf60
 CREATE_OBJECT_SYMBOLS
                0x00000000                PROVIDE (__cy_interrupt_vector, RomVectors)
 *(.romvectors)
 .romvectors    0x00000000       0x10 .\CortexM3\ARM_GCC_493\Debug\Cm3Start.o
                0x00000000                RomVectors
                0x00000001                ASSERT ((. != __cy_interrupt_vector), No interrupt vector)
                0x00000001                ASSERT (CY_APPL_ORIGIN?(SIZEOF (.cybootloader) <= CY_APPL_ORIGIN):0x1, Wrong image location)
                0x00000010                PROVIDE (__cy_reset, Reset)
 *(.text.Reset)
 .text.Reset    0x00000010       0x18 .\CortexM3\ARM_GCC_493\Debug\Cm3Start.o
                0x00000010                Reset
                0x00000001                ASSERT ((. != __cy_reset), No reset code)
 *(.dma_init)
                0x00000001                ASSERT ((((appl_start + .) <= 0x10000) || 0x1), DMA Init must be within the first 64k of flash)
 *(.text .text.* .gnu.linkonce.t.*)
 .text          0x00000028       0x5c c:/program files (x86)/cypress/psoc creator/3.3/psoc creator/import/gnu/arm/4.9.3/bin/../lib/gcc/arm-none-eabi/4.9.3/armv7-m/crtbegin.o
 .text.setPixel
                0x00000084       0x1c .\CortexM3\ARM_GCC_493\Debug\main.o
                0x00000084                setPixel
 .text.main     0x000000a0       0x60 .\CortexM3\ARM_GCC_493\Debug\main.o
                0x000000a0                main
 .text.IntDefaultHandler
                0x00000100        0x4 .\CortexM3\ARM_GCC_493\Debug\Cm3Start.o
                0x00000100                IntDefaultHandler
 .text._sbrk    0x00000104       0x30 .\CortexM3\ARM_GCC_493\Debug\Cm3Start.o
                0x00000104                _sbrk
 .text.Start_c  0x00000134       0x4c .\CortexM3\ARM_GCC_493\Debug\Cm3Start.o
                0x00000134                Start_c
 .text.initialize_psoc
                0x00000180       0x78 .\CortexM3\ARM_GCC_493\Debug\Cm3Start.o
                0x00000180                initialize_psoc
 .text.CyClockStartupError
                0x000001f8        0x4 .\CortexM3\ARM_GCC_493\Debug\LightControl.a(cyfitter_cfg.o)
 .text.cfg_write_bytes32
                0x000001fc       0x34 .\CortexM3\ARM_GCC_493\Debug\LightControl.a(cyfitter_cfg.o)
 .text.AnalogSetDefault
                0x00000230       0x28 .\CortexM3\ARM_GCC_493\Debug\LightControl.a(cyfitter_cfg.o)
 .text.CYMEMZERO
                0x00000258        0xc .\CortexM3\ARM_GCC_493\Debug\LightControl.a(cyfitter_cfg.o)
 .text.ClockSetup
                0x00000264       0xb8 .\CortexM3\ARM_GCC_493\Debug\LightControl.a(cyfitter_cfg.o)
 .text.CYCONFIGCPY
                0x0000031c        0x8 .\CortexM3\ARM_GCC_493\Debug\LightControl.a(cyfitter_cfg.o)
 .text.cyfitter_cfg
                0x00000324       0xf4 .\CortexM3\ARM_GCC_493\Debug\LightControl.a(cyfitter_cfg.o)
                0x00000324                cyfitter_cfg
 .text.NP_Start
                0x00000418      0x120 .\CortexM3\ARM_GCC_493\Debug\LightControl.a(NP_funcs.o)
                0x00000418                NP_Start
 .text.NP_Update
                0x00000538       0x50 .\CortexM3\ARM_GCC_493\Debug\LightControl.a(NP_funcs.o)
                0x00000538                NP_Update
 .text.NP_Neo_BITCNT_Init
                0x00000588        0xc .\CortexM3\ARM_GCC_493\Debug\LightControl.a(NP_Neo_BITCNT.o)
                0x00000588                NP_Neo_BITCNT_Init
 .text.NP_Neo_BITCNT_Enable
                0x00000594       0x1c .\CortexM3\ARM_GCC_493\Debug\LightControl.a(NP_Neo_BITCNT.o)
                0x00000594                NP_Neo_BITCNT_Enable
 .text.NP_Neo_BITCNT_Start
                0x000005b0       0x1c .\CortexM3\ARM_GCC_493\Debug\LightControl.a(NP_Neo_BITCNT.o)
                0x000005b0                NP_Neo_BITCNT_Start
 .text.NP_Neo_ONTime_Init
                0x000005cc        0xc .\CortexM3\ARM_GCC_493\Debug\LightControl.a(NP_Neo_ONTime.o)
                0x000005cc                NP_Neo_ONTime_Init
 .text.NP_Neo_ONTime_Enable
                0x000005d8       0x1c .\CortexM3\ARM_GCC_493\Debug\LightControl.a(NP_Neo_ONTime.o)
                0x000005d8                NP_Neo_ONTime_Enable
 .text.NP_Neo_ONTime_Start
                0x000005f4       0x1c .\CortexM3\ARM_GCC_493\Debug\LightControl.a(NP_Neo_ONTime.o)
                0x000005f4                NP_Neo_ONTime_Start
 .text.NP_Neo_ONTime_WritePeriod
                0x00000610        0xc .\CortexM3\ARM_GCC_493\Debug\LightControl.a(NP_Neo_ONTime.o)
                0x00000610                NP_Neo_ONTime_WritePeriod
 .text.NP_Neo_OFFTime_Init
                0x0000061c        0xc .\CortexM3\ARM_GCC_493\Debug\LightControl.a(NP_Neo_OFFTime.o)
                0x0000061c                NP_Neo_OFFTime_Init
 .text.NP_Neo_OFFTime_Enable
                0x00000628       0x1c .\CortexM3\ARM_GCC_493\Debug\LightControl.a(NP_Neo_OFFTime.o)
                0x00000628                NP_Neo_OFFTime_Enable
 .text.NP_Neo_OFFTime_Start
                0x00000644       0x1c .\CortexM3\ARM_GCC_493\Debug\LightControl.a(NP_Neo_OFFTime.o)
                0x00000644                NP_Neo_OFFTime_Start
 .text.NP_Neo_OFFTime_WritePeriod
                0x00000660        0xc .\CortexM3\ARM_GCC_493\Debug\LightControl.a(NP_Neo_OFFTime.o)
                0x00000660                NP_Neo_OFFTime_WritePeriod
 .text.NP_DMA_DmaInitialize
                0x0000066c       0x3c .\CortexM3\ARM_GCC_493\Debug\LightControl.a(NP_DMA_dma.o)
                0x0000066c                NP_DMA_DmaInitialize
 .text          0x000006a8       0x20 .\CortexM3\ARM_GCC_493\Debug\LightControl.a(CyBootAsmGnu.o)
                0x000006a8                CyDelayCycles
                0x000006b8                CyEnterCriticalSection
                0x000006c0                CyExitCriticalSection
 .text.CyDmacConfigure
                0x000006c8       0x34 .\CortexM3\ARM_GCC_493\Debug\LightControl.a(CyDmac.o)
                0x000006c8                CyDmacConfigure
 .text.CyDmaChEnable
                0x000006fc       0x38 .\CortexM3\ARM_GCC_493\Debug\LightControl.a(CyDmac.o)
                0x000006fc                CyDmaChEnable
 .text.CyDmaChPriority
                0x00000734       0x24 .\CortexM3\ARM_GCC_493\Debug\LightControl.a(CyDmac.o)
                0x00000734                CyDmaChPriority
 .text.CyDmaChSetExtendedAddress
                0x00000758       0x34 .\CortexM3\ARM_GCC_493\Debug\LightControl.a(CyDmac.o)
                0x00000758                CyDmaChSetExtendedAddress
 .text.CyDmaChSetInitialTd
                0x0000078c       0x18 .\CortexM3\ARM_GCC_493\Debug\LightControl.a(CyDmac.o)
                0x0000078c                CyDmaChSetInitialTd
 .text.CyDmaChSetConfiguration
                0x000007a4       0x48 .\CortexM3\ARM_GCC_493\Debug\LightControl.a(CyDmac.o)
                0x000007a4                CyDmaChSetConfiguration
 .text.CyDmaTdAllocate
                0x000007ec       0x34 .\CortexM3\ARM_GCC_493\Debug\LightControl.a(CyDmac.o)
                0x000007ec                CyDmaTdAllocate
 .text.CyDmaTdSetConfiguration
                0x00000820       0x28 .\CortexM3\ARM_GCC_493\Debug\LightControl.a(CyDmac.o)
                0x00000820                CyDmaTdSetConfiguration
 .text.CyDmaTdSetAddress
                0x00000848       0x1c .\CortexM3\ARM_GCC_493\Debug\LightControl.a(CyDmac.o)
                0x00000848                CyDmaTdSetAddress
 .text.CyDelay  0x00000864       0x2c .\CortexM3\ARM_GCC_493\Debug\LightControl.a(CyLib.o)
                0x00000864                CyDelay
 .text          0x00000890      0x424 c:/program files (x86)/cypress/psoc creator/3.3/psoc creator/import/gnu/arm/4.9.3/bin/../lib/gcc/arm-none-eabi/4.9.3/armv7-m\libgcc.a(_arm_muldivdf3.o)
                0x00000890                __aeabi_dmul
                0x00000890                __muldf3
                0x00000ae4                __divdf3
                0x00000ae4                __aeabi_ddiv
 .text          0x00000cb4      0x110 c:/program files (x86)/cypress/psoc creator/3.3/psoc creator/import/gnu/arm/4.9.3/bin/../lib/gcc/arm-none-eabi/4.9.3/armv7-m\libgcc.a(_arm_cmpdf2.o)
                0x00000cb4                __gtdf2
                0x00000cb4                __gedf2
                0x00000cbc                __ltdf2
                0x00000cbc                __ledf2
                0x00000cc4                __nedf2
                0x00000cc4                __eqdf2
                0x00000cc4                __cmpdf2
                0x00000d40                __aeabi_cdrcmple
                0x00000d50                __aeabi_cdcmpeq
                0x00000d50                __aeabi_cdcmple
                0x00000d60                __aeabi_dcmpeq
                0x00000d74                __aeabi_dcmplt
                0x00000d88                __aeabi_dcmple
                0x00000d9c                __aeabi_dcmpge
                0x00000db0                __aeabi_dcmpgt
 .text          0x00000dc4       0x40 c:/program files (x86)/cypress/psoc creator/3.3/psoc creator/import/gnu/arm/4.9.3/bin/../lib/gcc/arm-none-eabi/4.9.3/armv7-m\libgcc.a(_arm_fixunsdfsi.o)
                0x00000dc4                __aeabi_d2uiz
                0x00000dc4                __fixunsdfsi
 .text.__errno  0x00000e04        0xc c:/program files (x86)/cypress/psoc creator/3.3/psoc creator/import/gnu/arm/4.9.3/bin/../lib/gcc/arm-none-eabi/4.9.3/../../../../arm-none-eabi/lib/armv7-m\libg_nano.a(lib_a-errno.o)
                0x00000e04                __errno
 .text.__libc_init_array
                0x00000e10       0x4c c:/program files (x86)/cypress/psoc creator/3.3/psoc creator/import/gnu/arm/4.9.3/bin/../lib/gcc/arm-none-eabi/4.9.3/../../../../arm-none-eabi/lib/armv7-m\libg_nano.a(lib_a-init.o)
                0x00000e10                __libc_init_array
 .text.malloc   0x00000e5c       0x10 c:/program files (x86)/cypress/psoc creator/3.3/psoc creator/import/gnu/arm/4.9.3/bin/../lib/gcc/arm-none-eabi/4.9.3/../../../../arm-none-eabi/lib/armv7-m\libg_nano.a(lib_a-malloc.o)
                0x00000e5c                malloc
 .text.memcpy   0x00000e6c       0x16 c:/program files (x86)/cypress/psoc creator/3.3/psoc creator/import/gnu/arm/4.9.3/bin/../lib/gcc/arm-none-eabi/4.9.3/../../../../arm-none-eabi/lib/armv7-m\libg_nano.a(lib_a-memcpy.o)
                0x00000e6c                memcpy
 .text.memset   0x00000e82       0x10 c:/program files (x86)/cypress/psoc creator/3.3/psoc creator/import/gnu/arm/4.9.3/bin/../lib/gcc/arm-none-eabi/4.9.3/../../../../arm-none-eabi/lib/armv7-m\libg_nano.a(lib_a-memset.o)
                0x00000e82                memset
 *fill*         0x00000e92        0x2 
 .text._malloc_r
                0x00000e94       0xac c:/program files (x86)/cypress/psoc creator/3.3/psoc creator/import/gnu/arm/4.9.3/bin/../lib/gcc/arm-none-eabi/4.9.3/../../../../arm-none-eabi/lib/armv7-m\libg_nano.a(lib_a-nano-mallocr.o)
                0x00000e94                _malloc_r
 .text._sbrk_r  0x00000f40       0x20 c:/program files (x86)/cypress/psoc creator/3.3/psoc creator/import/gnu/arm/4.9.3/bin/../lib/gcc/arm-none-eabi/4.9.3/../../../../arm-none-eabi/lib/armv7-m\libg_nano.a(lib_a-sbrkr.o)
                0x00000f40                _sbrk_r
 *(.plt)
 *(.gnu.warning)
 *(.glue_7t)
 .glue_7t       0x00000000        0x0 linker stubs
 *(.glue_7)
 .glue_7        0x00000000        0x0 linker stubs
 *(.vfp11_veneer)
 .vfp11_veneer  0x00000000        0x0 linker stubs
 *(.bootloader)
 *(.ARM.extab* .gnu.linkonce.armextab.*)
 *(.gcc_except_table)

.v4_bx          0x00000f60        0x0
 .v4_bx         0x00000000        0x0 linker stubs

.iplt           0x00000f60        0x0
 .iplt          0x00000000        0x0 c:/program files (x86)/cypress/psoc creator/3.3/psoc creator/import/gnu/arm/4.9.3/bin/../lib/gcc/arm-none-eabi/4.9.3/armv7-m/crtbegin.o

.eh_frame_hdr
 *(.eh_frame_hdr)

.eh_frame       0x00000f60        0x4
 *(.eh_frame)
 .eh_frame      0x00000f60        0x0 c:/program files (x86)/cypress/psoc creator/3.3/psoc creator/import/gnu/arm/4.9.3/bin/../lib/gcc/arm-none-eabi/4.9.3/armv7-m/crtbegin.o
 .eh_frame      0x00000f60        0x4 c:/program files (x86)/cypress/psoc creator/3.3/psoc creator/import/gnu/arm/4.9.3/bin/../lib/gcc/arm-none-eabi/4.9.3/armv7-m/crtend.o
                0x00000f64                PROVIDE (__exidx_start, .)

.ARM.exidx
 *(.ARM.exidx* .gnu.linkonce.armexidx.*)
                0x00000f64                __exidx_end = .

.rodata         0x00000f64       0x7c
 *(.rodata .rodata.* .gnu.linkonce.r.*)
 .rodata        0x00000f64       0x44 .\CortexM3\ARM_GCC_493\Debug\LightControl.a(cyfitter_cfg.o)
 .rodata.str1.1
                0x00000fa8        0x2 c:/program files (x86)/cypress/psoc creator/3.3/psoc creator/import/gnu/arm/4.9.3/bin/../lib/gcc/arm-none-eabi/4.9.3/../../../../arm-none-eabi/lib/armv7-m\libg_nano.a(lib_a-impure.o)
                0x00000fac                . = ALIGN (0x4)
 *fill*         0x00000faa        0x2 
 *(.init)
 .init          0x00000fac        0x4 c:/program files (x86)/cypress/psoc creator/3.3/psoc creator/import/gnu/arm/4.9.3/bin/../lib/gcc/arm-none-eabi/4.9.3/armv7-m/crti.o
                0x00000fac                _init
 .init          0x00000fb0        0x8 c:/program files (x86)/cypress/psoc creator/3.3/psoc creator/import/gnu/arm/4.9.3/bin/../lib/gcc/arm-none-eabi/4.9.3/armv7-m/crtn.o
                0x00000fb8                . = ALIGN (0x4)
                0x00000fb8                __preinit_array_start = .
 *(.preinit_array)
                0x00000fb8                __preinit_array_end = .
                0x00000fb8                . = ALIGN (0x4)
                0x00000fb8                __init_array_start = .
 *(SORT(.init_array.*))
 *(.init_array)
 .init_array    0x00000fb8        0x4 c:/program files (x86)/cypress/psoc creator/3.3/psoc creator/import/gnu/arm/4.9.3/bin/../lib/gcc/arm-none-eabi/4.9.3/armv7-m/crtbegin.o
 .init_array    0x00000fbc        0x4 .\CortexM3\ARM_GCC_493\Debug\Cm3Start.o
                0x00000fc0                __init_array_end = .
                0x00000fc0                . = ALIGN (0x4)
 *(.fini)
 .fini          0x00000fc0        0x4 c:/program files (x86)/cypress/psoc creator/3.3/psoc creator/import/gnu/arm/4.9.3/bin/../lib/gcc/arm-none-eabi/4.9.3/armv7-m/crti.o
                0x00000fc0                _fini
 .fini          0x00000fc4        0x8 c:/program files (x86)/cypress/psoc creator/3.3/psoc creator/import/gnu/arm/4.9.3/bin/../lib/gcc/arm-none-eabi/4.9.3/armv7-m/crtn.o
                0x00000fcc                . = ALIGN (0x4)
                0x00000fcc                __fini_array_start = .
 *(.fini_array)
 .fini_array    0x00000fcc        0x4 c:/program files (x86)/cypress/psoc creator/3.3/psoc creator/import/gnu/arm/4.9.3/bin/../lib/gcc/arm-none-eabi/4.9.3/armv7-m/crtbegin.o
 *(SORT(.fini_array.*))
                0x00000fd0                __fini_array_end = .
                0x00000fd0                . = ALIGN (0x4)
 *crtbegin.o(.ctors)
 *(EXCLUDE_FILE(*crtend.o) .ctors)
 *(SORT(.ctors.*))
 *crtend.o(.ctors)
                0x00000fd0                . = ALIGN (0x4)
 *crtbegin.o(.dtors)
 *(EXCLUDE_FILE(*crtend.o) .dtors)
 *(SORT(.dtors.*))
 *crtend.o(.dtors)
                0x00000fd0                . = ALIGN (0x4)
                0x00000fd0                __cy_regions = .
                0x00000fd0        0x4 LONG 0xfe0 __cy_region_init_ram
                0x00000fd4        0x4 LONG 0x1fff8108 __cy_region_start_data
                0x00000fd8        0x4 LONG 0x88 __cy_region_init_size_ram
                0x00000fdc        0x4 LONG 0x1f0 __cy_region_zero_size_ram
                0x00000fe0                __cy_regions_end = .
                0x00000fe0                . = ALIGN (0x8)
                0x00000fe0                _etext = .

.cy_checksum_exclude
                0x00000fe0        0x0
 *(.cy_checksum_exclude)

.ramvectors     0x1fff8000      0x100
                0x1fff8000                __cy_region_start_ram = .
 *(.ramvectors)
 .ramvectors    0x1fff8000      0x100 .\CortexM3\ARM_GCC_493\Debug\Cm3Start.o
                0x1fff8000                CyRamVectors

.noinit         0x1fff8100        0x5
 *(.noinit)
 .noinit        0x1fff8100        0x4 .\CortexM3\ARM_GCC_493\Debug\Cm3Start.o
 .noinit        0x1fff8104        0x1 .\CortexM3\ARM_GCC_493\Debug\LightControl.a(CyLib.o)
                0x1fff8104                CyResetStatus

.data           0x1fff8108       0x88 load address 0x00000fe0
                0x1fff8108                __cy_region_start_data = .
 *(.jcr)
 .jcr           0x1fff8108        0x0 c:/program files (x86)/cypress/psoc creator/3.3/psoc creator/import/gnu/arm/4.9.3/bin/../lib/gcc/arm-none-eabi/4.9.3/armv7-m/crtbegin.o
 .jcr           0x1fff8108        0x4 c:/program files (x86)/cypress/psoc creator/3.3/psoc creator/import/gnu/arm/4.9.3/bin/../lib/gcc/arm-none-eabi/4.9.3/armv7-m/crtend.o
 *(.got.plt)
 *(.got)
 *(.shdata)
 *(.data .data.* .gnu.linkonce.d.*)
 .data          0x1fff810c        0x4 .\CortexM3\ARM_GCC_493\Debug\Cm3Start.o
 .data          0x1fff8110        0x1 .\CortexM3\ARM_GCC_493\Debug\LightControl.a(NP_DMA_dma.o)
                0x1fff8110                NP_DMA_DmaHandle
 *fill*         0x1fff8111        0x3 
 .data          0x1fff8114        0x8 .\CortexM3\ARM_GCC_493\Debug\LightControl.a(CyDmac.o)
 .data          0x1fff811c       0x10 .\CortexM3\ARM_GCC_493\Debug\LightControl.a(CyLib.o)
                0x1fff811c                cydelay_32k_ms
                0x1fff8120                cydelay_freq_khz
                0x1fff8124                cydelay_freq_mhz
                0x1fff8128                cydelay_freq_hz
 .data.impure_data
                0x1fff812c       0x60 c:/program files (x86)/cypress/psoc creator/3.3/psoc creator/import/gnu/arm/4.9.3/bin/../lib/gcc/arm-none-eabi/4.9.3/../../../../arm-none-eabi/lib/armv7-m\libg_nano.a(lib_a-impure.o)
 .data._impure_ptr
                0x1fff818c        0x4 c:/program files (x86)/cypress/psoc creator/3.3/psoc creator/import/gnu/arm/4.9.3/bin/../lib/gcc/arm-none-eabi/4.9.3/../../../../arm-none-eabi/lib/armv7-m\libg_nano.a(lib_a-impure.o)
                0x1fff818c                _impure_ptr
                0x1fff8190                . = ALIGN (0x8)
 *(.ram)
                0x1fff8190                _edata = .

.igot.plt       0x1fff8190        0x0 load address 0x00001068
 .igot.plt      0x00000000        0x0 c:/program files (x86)/cypress/psoc creator/3.3/psoc creator/import/gnu/arm/4.9.3/bin/../lib/gcc/arm-none-eabi/4.9.3/armv7-m/crtbegin.o

.bss            0x1fff8190      0x1f0 load address 0x00001068
                0x1fff8190                PROVIDE (__bss_start__, .)
 *(.shbss)
 *(.bss .bss.* .gnu.linkonce.b.*)
 .bss           0x1fff8190       0x1c c:/program files (x86)/cypress/psoc creator/3.3/psoc creator/import/gnu/arm/4.9.3/bin/../lib/gcc/arm-none-eabi/4.9.3/armv7-m/crtbegin.o
 .bss           0x1fff81ac        0x1 .\CortexM3\ARM_GCC_493\Debug\LightControl.a(NP_Neo_BITCNT.o)
                0x1fff81ac                NP_Neo_BITCNT_initVar
 .bss           0x1fff81ad        0x1 .\CortexM3\ARM_GCC_493\Debug\LightControl.a(NP_Neo_ONTime.o)
                0x1fff81ad                NP_Neo_ONTime_initVar
 .bss           0x1fff81ae        0x1 .\CortexM3\ARM_GCC_493\Debug\LightControl.a(NP_Neo_OFFTime.o)
                0x1fff81ae                NP_Neo_OFFTime_initVar
 *fill*         0x1fff81af        0x1 
 .bss.__malloc_sbrk_start
                0x1fff81b0        0x4 c:/program files (x86)/cypress/psoc creator/3.3/psoc creator/import/gnu/arm/4.9.3/bin/../lib/gcc/arm-none-eabi/4.9.3/../../../../arm-none-eabi/lib/armv7-m\libg_nano.a(lib_a-nano-mallocr.o)
                0x1fff81b0                __malloc_sbrk_start
 .bss.__malloc_free_list
                0x1fff81b4        0x4 c:/program files (x86)/cypress/psoc creator/3.3/psoc creator/import/gnu/arm/4.9.3/bin/../lib/gcc/arm-none-eabi/4.9.3/../../../../arm-none-eabi/lib/armv7-m\libg_nano.a(lib_a-nano-mallocr.o)
                0x1fff81b4                __malloc_free_list
 *(COMMON)
 COMMON         0x1fff81b8      0x1c1 .\CortexM3\ARM_GCC_493\Debug\main.o
                0x1fff81b8                NP_g_nFrameBufferSize
                0x1fff81bc                pPixelArray
                0x1fff836c                NP_g_bOwnsBuffer
                0x1fff836d                NP_g_nDMA_TD
                0x1fff8370                NP_g_nNumberOfPixels
                0x1fff8374                NP_g_pFrameBuffer
                0x1fff8378                NP_g_nDMA_Chan
 *fill*         0x1fff8379        0x3 
 COMMON         0x1fff837c        0x4 c:/program files (x86)/cypress/psoc creator/3.3/psoc creator/import/gnu/arm/4.9.3/bin/../lib/gcc/arm-none-eabi/4.9.3/../../../../arm-none-eabi/lib/armv7-m\libg_nano.a(lib_a-reent.o)
                0x1fff837c                errno
                0x1fff8380                . = ALIGN (0x8)
 *(.ram.b)
                0x1fff8380                _end = .
                0x1fff8380                __end = .
                0x1fff8380                PROVIDE (end, .)
                0x1fff8380                PROVIDE (__bss_end__, .)
                0x00000fe0                __cy_region_init_ram = LOADADDR (.data)
                0x00000088                __cy_region_init_size_ram = (_edata - ADDR (.data))
                0x000001f0                __cy_region_zero_size_ram = (_end - _edata)

.heap           0x1fff8380       0x80 load address 0x00001068
                0x1fff8380                . = _end
                0x1fff8400                . = (. + 0x80)
 *fill*         0x1fff8380       0x80 
                0x1fff8400                __cy_heap_limit = .

.stack          0x20007800      0x800
                0x20007800                __cy_stack_limit = .
                0x20008000                . = (. + 0x800)
 *fill*         0x20007800      0x800 
                0x00000001                ASSERT ((__cy_stack_limit >= __cy_heap_limit), region RAM overflowed with stack)
                0x00000000                cy_checksum_exclude_size = (CY_APPL_LOADABLE == 0x1)?SIZEOF (.cy_checksum_exclude):0x0
                0x00000001                ASSERT ((cy_checksum_exclude_size <= CY_CHECKSUM_EXCLUDE_SIZE), CY_BOOT: Section .cy_checksum_exclude size exceedes specified limit.)

.cyloadermeta
 *(.cyloadermeta)

.cyloadablemeta
 *(.cyloadablemeta)

.cyconfigecc    0x80000000      0x180
 *(.cyconfigecc)
 .cyconfigecc   0x80000000      0x180 .\CortexM3\ARM_GCC_493\Debug\cymetadata.o
                0x80000000                cy_meta_configecc

.cycustnvl      0x90000000        0x4
 *(.cycustnvl)
 .cycustnvl     0x90000000        0x4 .\CortexM3\ARM_GCC_493\Debug\cymetadata.o
                0x90000000                cy_meta_custnvl

.cywolatch      0x90100000        0x4
 *(.cywolatch)
 .cywolatch     0x90100000        0x4 .\CortexM3\ARM_GCC_493\Debug\cymetadata.o
                0x90100000                cy_meta_wonvl

.cyeeprom       0x90200000        0x0
 *(.cyeeprom)
                0x00000001                ASSERT ((. <= ((0x90200000 + ee_offset) + ee_size)), .cyeeprom data will not fit in EEPROM)

.cyflashprotect
                0x90400000      0x100
 *(.cyflashprotect)
 .cyflashprotect
                0x90400000      0x100 .\CortexM3\ARM_GCC_493\Debug\cymetadata.o
                0x90400000                cy_meta_flashprotect

.cymeta         0x90500000        0xc
 *(.cymeta)
 .cymeta        0x90500000        0xc .\CortexM3\ARM_GCC_493\Debug\cymetadata.o
                0x90500000                cy_metadata

.rel.dyn        0x00001068        0x0 load address 0x9050000c
 .rel.iplt      0x00000000        0x0 c:/program files (x86)/cypress/psoc creator/3.3/psoc creator/import/gnu/arm/4.9.3/bin/../lib/gcc/arm-none-eabi/4.9.3/armv7-m/crtbegin.o

.stab
 *(.stab)

.stabstr
 *(.stabstr)

.debug
 *(.debug)

.line
 *(.line)

.debug_srcinfo
 *(.debug_srcinfo)

.debug_sfnames
 *(.debug_sfnames)

.debug_aranges  0x00000000      0x760
 *(.debug_aranges)
 .debug_aranges
                0x00000000       0x28 .\CortexM3\ARM_GCC_493\Debug\main.o
 .debug_aranges
                0x00000028       0x18 .\CortexM3\ARM_GCC_493\Debug\cymetadata.o
 .debug_aranges
                0x00000040       0x48 .\CortexM3\ARM_GCC_493\Debug\Cm3Start.o
 .debug_aranges
                0x00000088       0x58 .\CortexM3\ARM_GCC_493\Debug\LightControl.a(cyfitter_cfg.o)
 .debug_aranges
                0x000000e0       0x30 .\CortexM3\ARM_GCC_493\Debug\LightControl.a(NP_funcs.o)
 .debug_aranges
                0x00000110       0x58 .\CortexM3\ARM_GCC_493\Debug\LightControl.a(NP_Neo_BITCNT.o)
 .debug_aranges
                0x00000168       0x58 .\CortexM3\ARM_GCC_493\Debug\LightControl.a(NP_Neo_ONTime.o)
 .debug_aranges
                0x000001c0       0x58 .\CortexM3\ARM_GCC_493\Debug\LightControl.a(NP_Neo_OFFTime.o)
 .debug_aranges
                0x00000218       0x28 .\CortexM3\ARM_GCC_493\Debug\LightControl.a(NP_DMA_dma.o)
 .debug_aranges
                0x00000240       0x20 .\CortexM3\ARM_GCC_493\Debug\LightControl.a(CyBootAsmGnu.o)
 .debug_aranges
                0x00000260       0xd8 .\CortexM3\ARM_GCC_493\Debug\LightControl.a(CyDmac.o)
 .debug_aranges
                0x00000338      0x298 .\CortexM3\ARM_GCC_493\Debug\LightControl.a(CyLib.o)
 .debug_aranges
                0x000005d0       0x98 .\CortexM3\ARM_GCC_493\Debug\LightControl.a(cyPm.o)
 .debug_aranges
                0x00000668       0x80 .\CortexM3\ARM_GCC_493\Debug\LightControl.a(CyFlash.o)
 .debug_aranges
                0x000006e8       0x78 .\CortexM3\ARM_GCC_493\Debug\LightControl.a(CySpc.o)

.debug_pubnames
 *(.debug_pubnames)

.debug_info     0x00000000     0x4b76
 *(.debug_info .gnu.linkonce.wi.*)
 .debug_info    0x00000000      0x2d7 .\CortexM3\ARM_GCC_493\Debug\main.o
 .debug_info    0x000002d7      0x13b .\CortexM3\ARM_GCC_493\Debug\cymetadata.o
 .debug_info    0x00000412      0x3af .\CortexM3\ARM_GCC_493\Debug\Cm3Start.o
 .debug_info    0x000007c1      0x571 .\CortexM3\ARM_GCC_493\Debug\LightControl.a(cyfitter_cfg.o)
 .debug_info    0x00000d32      0x3f2 .\CortexM3\ARM_GCC_493\Debug\LightControl.a(NP_funcs.o)
 .debug_info    0x00001124      0x1e7 .\CortexM3\ARM_GCC_493\Debug\LightControl.a(NP_Neo_BITCNT.o)
 .debug_info    0x0000130b      0x1e7 .\CortexM3\ARM_GCC_493\Debug\LightControl.a(NP_Neo_ONTime.o)
 .debug_info    0x000014f2      0x1e7 .\CortexM3\ARM_GCC_493\Debug\LightControl.a(NP_Neo_OFFTime.o)
 .debug_info    0x000016d9      0x1fd .\CortexM3\ARM_GCC_493\Debug\LightControl.a(NP_DMA_dma.o)
 .debug_info    0x000018d6       0xa4 .\CortexM3\ARM_GCC_493\Debug\LightControl.a(CyBootAsmGnu.o)
 .debug_info    0x0000197a      0x944 .\CortexM3\ARM_GCC_493\Debug\LightControl.a(CyDmac.o)
 .debug_info    0x000022be     0x136f .\CortexM3\ARM_GCC_493\Debug\LightControl.a(CyLib.o)
 .debug_info    0x0000362d      0xa57 .\CortexM3\ARM_GCC_493\Debug\LightControl.a(cyPm.o)
 .debug_info    0x00004084      0x608 .\CortexM3\ARM_GCC_493\Debug\LightControl.a(CyFlash.o)
 .debug_info    0x0000468c      0x4ea .\CortexM3\ARM_GCC_493\Debug\LightControl.a(CySpc.o)

.debug_abbrev   0x00000000     0x152b
 *(.debug_abbrev)
 .debug_abbrev  0x00000000      0x167 .\CortexM3\ARM_GCC_493\Debug\main.o
 .debug_abbrev  0x00000167       0x66 .\CortexM3\ARM_GCC_493\Debug\cymetadata.o
 .debug_abbrev  0x000001cd      0x200 .\CortexM3\ARM_GCC_493\Debug\Cm3Start.o
 .debug_abbrev  0x000003cd      0x212 .\CortexM3\ARM_GCC_493\Debug\LightControl.a(cyfitter_cfg.o)
 .debug_abbrev  0x000005df      0x156 .\CortexM3\ARM_GCC_493\Debug\LightControl.a(NP_funcs.o)
 .debug_abbrev  0x00000735       0xfe .\CortexM3\ARM_GCC_493\Debug\LightControl.a(NP_Neo_BITCNT.o)
 .debug_abbrev  0x00000833       0xfe .\CortexM3\ARM_GCC_493\Debug\LightControl.a(NP_Neo_ONTime.o)
 .debug_abbrev  0x00000931       0xfe .\CortexM3\ARM_GCC_493\Debug\LightControl.a(NP_Neo_OFFTime.o)
 .debug_abbrev  0x00000a2f       0xeb .\CortexM3\ARM_GCC_493\Debug\LightControl.a(NP_DMA_dma.o)
 .debug_abbrev  0x00000b1a       0x14 .\CortexM3\ARM_GCC_493\Debug\LightControl.a(CyBootAsmGnu.o)
 .debug_abbrev  0x00000b2e      0x1cc .\CortexM3\ARM_GCC_493\Debug\LightControl.a(CyDmac.o)
 .debug_abbrev  0x00000cfa      0x296 .\CortexM3\ARM_GCC_493\Debug\LightControl.a(CyLib.o)
 .debug_abbrev  0x00000f90      0x1ed .\CortexM3\ARM_GCC_493\Debug\LightControl.a(cyPm.o)
 .debug_abbrev  0x0000117d      0x1ed .\CortexM3\ARM_GCC_493\Debug\LightControl.a(CyFlash.o)
 .debug_abbrev  0x0000136a      0x1c1 .\CortexM3\ARM_GCC_493\Debug\LightControl.a(CySpc.o)

.debug_line     0x00000000     0x1ebc
 *(.debug_line)
 .debug_line    0x00000000      0x1b0 .\CortexM3\ARM_GCC_493\Debug\main.o
 .debug_line    0x000001b0       0x53 .\CortexM3\ARM_GCC_493\Debug\cymetadata.o
 .debug_line    0x00000203      0x254 .\CortexM3\ARM_GCC_493\Debug\Cm3Start.o
 .debug_line    0x00000457      0x1f9 .\CortexM3\ARM_GCC_493\Debug\LightControl.a(cyfitter_cfg.o)
 .debug_line    0x00000650      0x219 .\CortexM3\ARM_GCC_493\Debug\LightControl.a(NP_funcs.o)
 .debug_line    0x00000869       0xf1 .\CortexM3\ARM_GCC_493\Debug\LightControl.a(NP_Neo_BITCNT.o)
 .debug_line    0x0000095a       0xf1 .\CortexM3\ARM_GCC_493\Debug\LightControl.a(NP_Neo_ONTime.o)
 .debug_line    0x00000a4b       0xf2 .\CortexM3\ARM_GCC_493\Debug\LightControl.a(NP_Neo_OFFTime.o)
 .debug_line    0x00000b3d       0x9c .\CortexM3\ARM_GCC_493\Debug\LightControl.a(NP_DMA_dma.o)
 .debug_line    0x00000bd9       0x68 .\CortexM3\ARM_GCC_493\Debug\LightControl.a(CyBootAsmGnu.o)
 .debug_line    0x00000c41      0x2e5 .\CortexM3\ARM_GCC_493\Debug\LightControl.a(CyDmac.o)
 .debug_line    0x00000f26      0x806 .\CortexM3\ARM_GCC_493\Debug\LightControl.a(CyLib.o)
 .debug_line    0x0000172c      0x366 .\CortexM3\ARM_GCC_493\Debug\LightControl.a(cyPm.o)
 .debug_line    0x00001a92      0x1ec .\CortexM3\ARM_GCC_493\Debug\LightControl.a(CyFlash.o)
 .debug_line    0x00001c7e      0x23e .\CortexM3\ARM_GCC_493\Debug\LightControl.a(CySpc.o)

.debug_frame    0x00000000     0x1474
 *(.debug_frame)
 .debug_frame   0x00000000       0x48 .\CortexM3\ARM_GCC_493\Debug\main.o
 .debug_frame   0x00000048       0xac .\CortexM3\ARM_GCC_493\Debug\Cm3Start.o
 .debug_frame   0x000000f4       0xe4 .\CortexM3\ARM_GCC_493\Debug\LightControl.a(cyfitter_cfg.o)
 .debug_frame   0x000001d8       0x78 .\CortexM3\ARM_GCC_493\Debug\LightControl.a(NP_funcs.o)
 .debug_frame   0x00000250       0xb4 .\CortexM3\ARM_GCC_493\Debug\LightControl.a(NP_Neo_BITCNT.o)
 .debug_frame   0x00000304       0xb4 .\CortexM3\ARM_GCC_493\Debug\LightControl.a(NP_Neo_ONTime.o)
 .debug_frame   0x000003b8       0xb4 .\CortexM3\ARM_GCC_493\Debug\LightControl.a(NP_Neo_OFFTime.o)
 .debug_frame   0x0000046c       0x54 .\CortexM3\ARM_GCC_493\Debug\LightControl.a(NP_DMA_dma.o)
 .debug_frame   0x000004c0      0x1f4 .\CortexM3\ARM_GCC_493\Debug\LightControl.a(CyDmac.o)
 .debug_frame   0x000006b4      0x728 .\CortexM3\ARM_GCC_493\Debug\LightControl.a(CyLib.o)
 .debug_frame   0x00000ddc      0x1f8 .\CortexM3\ARM_GCC_493\Debug\LightControl.a(cyPm.o)
 .debug_frame   0x00000fd4      0x174 .\CortexM3\ARM_GCC_493\Debug\LightControl.a(CyFlash.o)
 .debug_frame   0x00001148      0x160 .\CortexM3\ARM_GCC_493\Debug\LightControl.a(CySpc.o)
 .debug_frame   0x000012a8       0x20 c:/program files (x86)/cypress/psoc creator/3.3/psoc creator/import/gnu/arm/4.9.3/bin/../lib/gcc/arm-none-eabi/4.9.3/../../../../arm-none-eabi/lib/armv7-m\libg_nano.a(lib_a-errno.o)
 .debug_frame   0x000012c8       0x28 c:/program files (x86)/cypress/psoc creator/3.3/psoc creator/import/gnu/arm/4.9.3/bin/../lib/gcc/arm-none-eabi/4.9.3/../../../../arm-none-eabi/lib/armv7-m\libg_nano.a(lib_a-exit.o)
 .debug_frame   0x000012f0       0x2c c:/program files (x86)/cypress/psoc creator/3.3/psoc creator/import/gnu/arm/4.9.3/bin/../lib/gcc/arm-none-eabi/4.9.3/../../../../arm-none-eabi/lib/armv7-m\libg_nano.a(lib_a-init.o)
 .debug_frame   0x0000131c       0x30 c:/program files (x86)/cypress/psoc creator/3.3/psoc creator/import/gnu/arm/4.9.3/bin/../lib/gcc/arm-none-eabi/4.9.3/../../../../arm-none-eabi/lib/armv7-m\libg_nano.a(lib_a-malloc.o)
 .debug_frame   0x0000134c       0x28 c:/program files (x86)/cypress/psoc creator/3.3/psoc creator/import/gnu/arm/4.9.3/bin/../lib/gcc/arm-none-eabi/4.9.3/../../../../arm-none-eabi/lib/armv7-m\libg_nano.a(lib_a-memcpy.o)
 .debug_frame   0x00001374       0x20 c:/program files (x86)/cypress/psoc creator/3.3/psoc creator/import/gnu/arm/4.9.3/bin/../lib/gcc/arm-none-eabi/4.9.3/../../../../arm-none-eabi/lib/armv7-m\libg_nano.a(lib_a-memset.o)
 .debug_frame   0x00001394       0x2c c:/program files (x86)/cypress/psoc creator/3.3/psoc creator/import/gnu/arm/4.9.3/bin/../lib/gcc/arm-none-eabi/4.9.3/../../../../arm-none-eabi/lib/armv7-m\libg_nano.a(lib_a-nano-freer.o)
 .debug_frame   0x000013c0       0x2c c:/program files (x86)/cypress/psoc creator/3.3/psoc creator/import/gnu/arm/4.9.3/bin/../lib/gcc/arm-none-eabi/4.9.3/../../../../arm-none-eabi/lib/armv7-m\libg_nano.a(lib_a-nano-mallocr.o)
 .debug_frame   0x000013ec       0x2c c:/program files (x86)/cypress/psoc creator/3.3/psoc creator/import/gnu/arm/4.9.3/bin/../lib/gcc/arm-none-eabi/4.9.3/../../../../arm-none-eabi/lib/armv7-m\libg_nano.a(lib_a-sbrkr.o)
 .debug_frame   0x00001418       0x5c c:/program files (x86)/cypress/psoc creator/3.3/psoc creator/import/gnu/arm/4.9.3/bin/../lib/gcc/arm-none-eabi/4.9.3/../../../../arm-none-eabi/lib/armv7-m\libg_nano.a(lib_a-reent.o)

.debug_str      0x00000000     0x1ac3
 *(.debug_str)
 .debug_str     0x00000000      0x22b .\CortexM3\ARM_GCC_493\Debug\main.o
                                0x279 (size before relaxing)
 .debug_str     0x0000022b       0x77 .\CortexM3\ARM_GCC_493\Debug\cymetadata.o
                                0x1fe (size before relaxing)
 .debug_str     0x000002a2      0x175 .\CortexM3\ARM_GCC_493\Debug\Cm3Start.o
                                0x322 (size before relaxing)
 .debug_str     0x00000417      0x18b .\CortexM3\ARM_GCC_493\Debug\LightControl.a(cyfitter_cfg.o)
                                0x34c (size before relaxing)
 .debug_str     0x000005a2      0x183 .\CortexM3\ARM_GCC_493\Debug\LightControl.a(NP_funcs.o)
                                0x3a1 (size before relaxing)
 .debug_str     0x00000725      0x125 .\CortexM3\ARM_GCC_493\Debug\LightControl.a(NP_Neo_BITCNT.o)
                                0x2cb (size before relaxing)
 .debug_str     0x0000084a       0xc8 .\CortexM3\ARM_GCC_493\Debug\LightControl.a(NP_Neo_ONTime.o)
                                0x2cb (size before relaxing)
 .debug_str     0x00000912       0xd0 .\CortexM3\ARM_GCC_493\Debug\LightControl.a(NP_Neo_OFFTime.o)
                                0x2d5 (size before relaxing)
 .debug_str     0x000009e2       0xd5 .\CortexM3\ARM_GCC_493\Debug\LightControl.a(NP_DMA_dma.o)
                                0x281 (size before relaxing)
 .debug_str     0x00000ab7      0x28a .\CortexM3\ARM_GCC_493\Debug\LightControl.a(CyDmac.o)
                                0x552 (size before relaxing)
 .debug_str     0x00000d41      0x7db .\CortexM3\ARM_GCC_493\Debug\LightControl.a(CyLib.o)
                                0xa37 (size before relaxing)
 .debug_str     0x0000151c      0x35b .\CortexM3\ARM_GCC_493\Debug\LightControl.a(cyPm.o)
                                0x72f (size before relaxing)
 .debug_str     0x00001877      0x19e .\CortexM3\ARM_GCC_493\Debug\LightControl.a(CyFlash.o)
                                0x3a9 (size before relaxing)
 .debug_str     0x00001a15       0xae .\CortexM3\ARM_GCC_493\Debug\LightControl.a(CySpc.o)
                                0x332 (size before relaxing)

.debug_loc      0x00000000     0x26ef
 *(.debug_loc)
 .debug_loc     0x00000000       0x61 .\CortexM3\ARM_GCC_493\Debug\main.o
 .debug_loc     0x00000061      0x144 .\CortexM3\ARM_GCC_493\Debug\Cm3Start.o
 .debug_loc     0x000001a5      0x25a .\CortexM3\ARM_GCC_493\Debug\LightControl.a(cyfitter_cfg.o)
 .debug_loc     0x000003ff       0xd2 .\CortexM3\ARM_GCC_493\Debug\LightControl.a(NP_funcs.o)
 .debug_loc     0x000004d1       0x47 .\CortexM3\ARM_GCC_493\Debug\LightControl.a(NP_Neo_BITCNT.o)
 .debug_loc     0x00000518       0x47 .\CortexM3\ARM_GCC_493\Debug\LightControl.a(NP_Neo_ONTime.o)
 .debug_loc     0x0000055f       0x47 .\CortexM3\ARM_GCC_493\Debug\LightControl.a(NP_Neo_OFFTime.o)
 .debug_loc     0x000005a6       0x84 .\CortexM3\ARM_GCC_493\Debug\LightControl.a(NP_DMA_dma.o)
 .debug_loc     0x0000062a      0xb83 .\CortexM3\ARM_GCC_493\Debug\LightControl.a(CyDmac.o)
 .debug_loc     0x000011ad      0xa11 .\CortexM3\ARM_GCC_493\Debug\LightControl.a(CyLib.o)
 .debug_loc     0x00001bbe      0x1e4 .\CortexM3\ARM_GCC_493\Debug\LightControl.a(cyPm.o)
 .debug_loc     0x00001da2      0x300 .\CortexM3\ARM_GCC_493\Debug\LightControl.a(CyFlash.o)
 .debug_loc     0x000020a2      0x64d .\CortexM3\ARM_GCC_493\Debug\LightControl.a(CySpc.o)

.debug_macinfo
 *(.debug_macinfo)

.debug_ranges   0x00000000      0x658
 *(.debug_ranges)
 .debug_ranges  0x00000000       0x18 .\CortexM3\ARM_GCC_493\Debug\main.o
 .debug_ranges  0x00000018       0x38 .\CortexM3\ARM_GCC_493\Debug\Cm3Start.o
 .debug_ranges  0x00000050       0x48 .\CortexM3\ARM_GCC_493\Debug\LightControl.a(cyfitter_cfg.o)
 .debug_ranges  0x00000098       0x20 .\CortexM3\ARM_GCC_493\Debug\LightControl.a(NP_funcs.o)
 .debug_ranges  0x000000b8       0x48 .\CortexM3\ARM_GCC_493\Debug\LightControl.a(NP_Neo_BITCNT.o)
 .debug_ranges  0x00000100       0x48 .\CortexM3\ARM_GCC_493\Debug\LightControl.a(NP_Neo_ONTime.o)
 .debug_ranges  0x00000148       0x48 .\CortexM3\ARM_GCC_493\Debug\LightControl.a(NP_Neo_OFFTime.o)
 .debug_ranges  0x00000190       0x18 .\CortexM3\ARM_GCC_493\Debug\LightControl.a(NP_DMA_dma.o)
 .debug_ranges  0x000001a8       0xc8 .\CortexM3\ARM_GCC_493\Debug\LightControl.a(CyDmac.o)
 .debug_ranges  0x00000270      0x288 .\CortexM3\ARM_GCC_493\Debug\LightControl.a(CyLib.o)
 .debug_ranges  0x000004f8       0x88 .\CortexM3\ARM_GCC_493\Debug\LightControl.a(cyPm.o)
 .debug_ranges  0x00000580       0x70 .\CortexM3\ARM_GCC_493\Debug\LightControl.a(CyFlash.o)
 .debug_ranges  0x000005f0       0x68 .\CortexM3\ARM_GCC_493\Debug\LightControl.a(CySpc.o)

.comment        0x00000000       0x70
 .comment       0x00000000       0x70 .\CortexM3\ARM_GCC_493\Debug\main.o
                                 0x71 (size before relaxing)
 .comment       0x00000000       0x71 .\CortexM3\ARM_GCC_493\Debug\cymetadata.o
 .comment       0x00000000       0x71 .\CortexM3\ARM_GCC_493\Debug\Cm3Start.o
 .comment       0x00000000       0x71 .\CortexM3\ARM_GCC_493\Debug\LightControl.a(cyfitter_cfg.o)
 .comment       0x00000000       0x71 .\CortexM3\ARM_GCC_493\Debug\LightControl.a(NP_funcs.o)
 .comment       0x00000000       0x71 .\CortexM3\ARM_GCC_493\Debug\LightControl.a(NP_Neo_BITCNT.o)
 .comment       0x00000000       0x71 .\CortexM3\ARM_GCC_493\Debug\LightControl.a(NP_Neo_ONTime.o)
 .comment       0x00000000       0x71 .\CortexM3\ARM_GCC_493\Debug\LightControl.a(NP_Neo_OFFTime.o)
 .comment       0x00000000       0x71 .\CortexM3\ARM_GCC_493\Debug\LightControl.a(NP_DMA_dma.o)
 .comment       0x00000000       0x71 .\CortexM3\ARM_GCC_493\Debug\LightControl.a(CyDmac.o)
 .comment       0x00000000       0x71 .\CortexM3\ARM_GCC_493\Debug\LightControl.a(CyLib.o)
 .comment       0x00000000       0x71 .\CortexM3\ARM_GCC_493\Debug\LightControl.a(cyPm.o)
 .comment       0x00000000       0x71 .\CortexM3\ARM_GCC_493\Debug\LightControl.a(CyFlash.o)
 .comment       0x00000000       0x71 .\CortexM3\ARM_GCC_493\Debug\LightControl.a(CySpc.o)

.debug_weaknames
 *(.debug_weaknames)

.debug_funcnames
 *(.debug_funcnames)

.debug_typenames
 *(.debug_typenames)

.debug_varnames
 *(.debug_varnames)

.note.gnu.arm.ident
 *(.note.gnu.arm.ident)

.ARM.attributes
                0x00000000       0x29
 *(.ARM.attributes)
 .ARM.attributes
                0x00000000       0x1d c:/program files (x86)/cypress/psoc creator/3.3/psoc creator/import/gnu/arm/4.9.3/bin/../lib/gcc/arm-none-eabi/4.9.3/armv7-m/crti.o
 .ARM.attributes
                0x0000001d       0x2d c:/program files (x86)/cypress/psoc creator/3.3/psoc creator/import/gnu/arm/4.9.3/bin/../lib/gcc/arm-none-eabi/4.9.3/armv7-m/crtbegin.o
 .ARM.attributes
                0x0000004a       0x1b c:/program files (x86)/cypress/psoc creator/3.3/psoc creator/import/gnu/arm/4.9.3/bin/../lib/gcc/arm-none-eabi/4.9.3/../../../../arm-none-eabi/lib/armv7-m/crt0.o
 .ARM.attributes
                0x00000065       0x33 .\CortexM3\ARM_GCC_493\Debug\main.o
 .ARM.attributes
                0x00000098       0x33 .\CortexM3\ARM_GCC_493\Debug\cymetadata.o
 .ARM.attributes
                0x000000cb       0x33 .\CortexM3\ARM_GCC_493\Debug\Cm3Start.o
 .ARM.attributes
                0x000000fe       0x33 .\CortexM3\ARM_GCC_493\Debug\LightControl.a(cyfitter_cfg.o)
 .ARM.attributes
                0x00000131       0x33 .\CortexM3\ARM_GCC_493\Debug\LightControl.a(NP_funcs.o)
 .ARM.attributes
                0x00000164       0x33 .\CortexM3\ARM_GCC_493\Debug\LightControl.a(NP_Neo_BITCNT.o)
 .ARM.attributes
                0x00000197       0x33 .\CortexM3\ARM_GCC_493\Debug\LightControl.a(NP_Neo_ONTime.o)
 .ARM.attributes
                0x000001ca       0x33 .\CortexM3\ARM_GCC_493\Debug\LightControl.a(NP_Neo_OFFTime.o)
 .ARM.attributes
                0x000001fd       0x33 .\CortexM3\ARM_GCC_493\Debug\LightControl.a(NP_DMA_dma.o)
 .ARM.attributes
                0x00000230       0x21 .\CortexM3\ARM_GCC_493\Debug\LightControl.a(CyBootAsmGnu.o)
 .ARM.attributes
                0x00000251       0x33 .\CortexM3\ARM_GCC_493\Debug\LightControl.a(CyDmac.o)
 .ARM.attributes
                0x00000284       0x33 .\CortexM3\ARM_GCC_493\Debug\LightControl.a(CyLib.o)
 .ARM.attributes
                0x000002b7       0x33 .\CortexM3\ARM_GCC_493\Debug\LightControl.a(cyPm.o)
 .ARM.attributes
                0x000002ea       0x33 .\CortexM3\ARM_GCC_493\Debug\LightControl.a(CyFlash.o)
 .ARM.attributes
                0x0000031d       0x33 .\CortexM3\ARM_GCC_493\Debug\LightControl.a(CySpc.o)
 .ARM.attributes
                0x00000350       0x1d c:/program files (x86)/cypress/psoc creator/3.3/psoc creator/import/gnu/arm/4.9.3/bin/../lib/gcc/arm-none-eabi/4.9.3/armv7-m\libgcc.a(_arm_muldivdf3.o)
 .ARM.attributes
                0x0000036d       0x1d c:/program files (x86)/cypress/psoc creator/3.3/psoc creator/import/gnu/arm/4.9.3/bin/../lib/gcc/arm-none-eabi/4.9.3/armv7-m\libgcc.a(_arm_cmpdf2.o)
 .ARM.attributes
                0x0000038a       0x1d c:/program files (x86)/cypress/psoc creator/3.3/psoc creator/import/gnu/arm/4.9.3/bin/../lib/gcc/arm-none-eabi/4.9.3/armv7-m\libgcc.a(_arm_fixunsdfsi.o)
 .ARM.attributes
                0x000003a7       0x2d c:/program files (x86)/cypress/psoc creator/3.3/psoc creator/import/gnu/arm/4.9.3/bin/../lib/gcc/arm-none-eabi/4.9.3/../../../../arm-none-eabi/lib/armv7-m\libg_nano.a(lib_a-errno.o)
 .ARM.attributes
                0x000003d4       0x2d c:/program files (x86)/cypress/psoc creator/3.3/psoc creator/import/gnu/arm/4.9.3/bin/../lib/gcc/arm-none-eabi/4.9.3/../../../../arm-none-eabi/lib/armv7-m\libg_nano.a(lib_a-exit.o)
 .ARM.attributes
                0x00000401       0x2d c:/program files (x86)/cypress/psoc creator/3.3/psoc creator/import/gnu/arm/4.9.3/bin/../lib/gcc/arm-none-eabi/4.9.3/../../../../arm-none-eabi/lib/armv7-m\libg_nano.a(lib_a-impure.o)
 .ARM.attributes
                0x0000042e       0x2d c:/program files (x86)/cypress/psoc creator/3.3/psoc creator/import/gnu/arm/4.9.3/bin/../lib/gcc/arm-none-eabi/4.9.3/../../../../arm-none-eabi/lib/armv7-m\libg_nano.a(lib_a-init.o)
 .ARM.attributes
                0x0000045b       0x2d c:/program files (x86)/cypress/psoc creator/3.3/psoc creator/import/gnu/arm/4.9.3/bin/../lib/gcc/arm-none-eabi/4.9.3/../../../../arm-none-eabi/lib/armv7-m\libg_nano.a(lib_a-malloc.o)
 .ARM.attributes
                0x00000488       0x2d c:/program files (x86)/cypress/psoc creator/3.3/psoc creator/import/gnu/arm/4.9.3/bin/../lib/gcc/arm-none-eabi/4.9.3/../../../../arm-none-eabi/lib/armv7-m\libg_nano.a(lib_a-memcpy.o)
 .ARM.attributes
                0x000004b5       0x2d c:/program files (x86)/cypress/psoc creator/3.3/psoc creator/import/gnu/arm/4.9.3/bin/../lib/gcc/arm-none-eabi/4.9.3/../../../../arm-none-eabi/lib/armv7-m\libg_nano.a(lib_a-memset.o)
 .ARM.attributes
                0x000004e2       0x2d c:/program files (x86)/cypress/psoc creator/3.3/psoc creator/import/gnu/arm/4.9.3/bin/../lib/gcc/arm-none-eabi/4.9.3/../../../../arm-none-eabi/lib/armv7-m\libg_nano.a(lib_a-nano-freer.o)
 .ARM.attributes
                0x0000050f       0x2d c:/program files (x86)/cypress/psoc creator/3.3/psoc creator/import/gnu/arm/4.9.3/bin/../lib/gcc/arm-none-eabi/4.9.3/../../../../arm-none-eabi/lib/armv7-m\libg_nano.a(lib_a-nano-mallocr.o)
 .ARM.attributes
                0x0000053c       0x2d c:/program files (x86)/cypress/psoc creator/3.3/psoc creator/import/gnu/arm/4.9.3/bin/../lib/gcc/arm-none-eabi/4.9.3/../../../../arm-none-eabi/lib/armv7-m\libg_nano.a(lib_a-sbrkr.o)
 .ARM.attributes
                0x00000569       0x2d c:/program files (x86)/cypress/psoc creator/3.3/psoc creator/import/gnu/arm/4.9.3/bin/../lib/gcc/arm-none-eabi/4.9.3/../../../../arm-none-eabi/lib/armv7-m\libg_nano.a(lib_a-reent.o)
 .ARM.attributes
                0x00000596       0x2d c:/program files (x86)/cypress/psoc creator/3.3/psoc creator/import/gnu/arm/4.9.3/bin/../lib/gcc/arm-none-eabi/4.9.3/armv7-m/crtend.o
 .ARM.attributes
                0x000005c3       0x1d c:/program files (x86)/cypress/psoc creator/3.3/psoc creator/import/gnu/arm/4.9.3/bin/../lib/gcc/arm-none-eabi/4.9.3/armv7-m/crtn.o

/DISCARD/
 *(.note.GNU-stack)
OUTPUT(.\CortexM3\ARM_GCC_493\Debug\LightControl.elf elf32-littlearm)
