ARM GAS  C:\Users\IVYLIU~1\AppData\Local\Temp\cchH5HNW.s 			page 1


   1              		.syntax unified
   2              		.cpu cortex-m3
   3              		.fpu softvfp
   4              		.eabi_attribute 20, 1
   5              		.eabi_attribute 21, 1
   6              		.eabi_attribute 23, 3
   7              		.eabi_attribute 24, 1
   8              		.eabi_attribute 25, 1
   9              		.eabi_attribute 26, 1
  10              		.eabi_attribute 30, 1
  11              		.eabi_attribute 34, 1
  12              		.eabi_attribute 18, 4
  13              		.thumb
  14              		.file	"arm_not_u16.c"
  15              		.text
  16              	.Ltext0:
  17              		.cfi_sections	.debug_frame
  18              		.section	.text.arm_not_u16,"ax",%progbits
  19              		.align	2
  20              		.global	arm_not_u16
  21              		.thumb
  22              		.thumb_func
  23              		.type	arm_not_u16, %function
  24              	arm_not_u16:
  25              	.LFB83:
  26              		.file 1 ".\\DSP\\Source\\BasicMathFunctions\\arm_not_u16.c"
   1:.\DSP\Source\BasicMathFunctions/arm_not_u16.c **** /* ----------------------------------------------------------------------
   2:.\DSP\Source\BasicMathFunctions/arm_not_u16.c ****  * Project:      CMSIS DSP Library
   3:.\DSP\Source\BasicMathFunctions/arm_not_u16.c ****  * Title:        arm_not_u16.c
   4:.\DSP\Source\BasicMathFunctions/arm_not_u16.c ****  * Description:  uint16_t bitwise NOT
   5:.\DSP\Source\BasicMathFunctions/arm_not_u16.c ****  *
   6:.\DSP\Source\BasicMathFunctions/arm_not_u16.c ****  * $Date:        23 April 2021
   7:.\DSP\Source\BasicMathFunctions/arm_not_u16.c ****  * $Revision:    V1.9.0
   8:.\DSP\Source\BasicMathFunctions/arm_not_u16.c ****  *
   9:.\DSP\Source\BasicMathFunctions/arm_not_u16.c ****  * Target Processor: Cortex-M and Cortex-A cores
  10:.\DSP\Source\BasicMathFunctions/arm_not_u16.c ****  * -------------------------------------------------------------------- */
  11:.\DSP\Source\BasicMathFunctions/arm_not_u16.c **** /*
  12:.\DSP\Source\BasicMathFunctions/arm_not_u16.c ****  * Copyright (C) 2010-2021 ARM Limited or its affiliates. All rights reserved.
  13:.\DSP\Source\BasicMathFunctions/arm_not_u16.c ****  *
  14:.\DSP\Source\BasicMathFunctions/arm_not_u16.c ****  * SPDX-License-Identifier: Apache-2.0
  15:.\DSP\Source\BasicMathFunctions/arm_not_u16.c ****  *
  16:.\DSP\Source\BasicMathFunctions/arm_not_u16.c ****  * Licensed under the Apache License, Version 2.0 (the License); you may
  17:.\DSP\Source\BasicMathFunctions/arm_not_u16.c ****  * not use this file except in compliance with the License.
  18:.\DSP\Source\BasicMathFunctions/arm_not_u16.c ****  * You may obtain a copy of the License at
  19:.\DSP\Source\BasicMathFunctions/arm_not_u16.c ****  *
  20:.\DSP\Source\BasicMathFunctions/arm_not_u16.c ****  * www.apache.org/licenses/LICENSE-2.0
  21:.\DSP\Source\BasicMathFunctions/arm_not_u16.c ****  *
  22:.\DSP\Source\BasicMathFunctions/arm_not_u16.c ****  * Unless required by applicable law or agreed to in writing, software
  23:.\DSP\Source\BasicMathFunctions/arm_not_u16.c ****  * distributed under the License is distributed on an AS IS BASIS, WITHOUT
  24:.\DSP\Source\BasicMathFunctions/arm_not_u16.c ****  * WARRANTIES OR CONDITIONS OF ANY KIND, either express or implied.
  25:.\DSP\Source\BasicMathFunctions/arm_not_u16.c ****  * See the License for the specific language governing permissions and
  26:.\DSP\Source\BasicMathFunctions/arm_not_u16.c ****  * limitations under the License.
  27:.\DSP\Source\BasicMathFunctions/arm_not_u16.c ****  */
  28:.\DSP\Source\BasicMathFunctions/arm_not_u16.c **** 
  29:.\DSP\Source\BasicMathFunctions/arm_not_u16.c **** #include "dsp/basic_math_functions.h"
  30:.\DSP\Source\BasicMathFunctions/arm_not_u16.c **** 
  31:.\DSP\Source\BasicMathFunctions/arm_not_u16.c **** /**
ARM GAS  C:\Users\IVYLIU~1\AppData\Local\Temp\cchH5HNW.s 			page 2


  32:.\DSP\Source\BasicMathFunctions/arm_not_u16.c ****   @ingroup groupMath
  33:.\DSP\Source\BasicMathFunctions/arm_not_u16.c ****  */
  34:.\DSP\Source\BasicMathFunctions/arm_not_u16.c **** 
  35:.\DSP\Source\BasicMathFunctions/arm_not_u16.c **** /**
  36:.\DSP\Source\BasicMathFunctions/arm_not_u16.c ****   @defgroup Not Vector bitwise NOT
  37:.\DSP\Source\BasicMathFunctions/arm_not_u16.c **** 
  38:.\DSP\Source\BasicMathFunctions/arm_not_u16.c ****   Compute the logical bitwise NOT.
  39:.\DSP\Source\BasicMathFunctions/arm_not_u16.c **** 
  40:.\DSP\Source\BasicMathFunctions/arm_not_u16.c ****   There are separate functions for uint32_t, uint16_t, and uint8_t data types.
  41:.\DSP\Source\BasicMathFunctions/arm_not_u16.c ****  */
  42:.\DSP\Source\BasicMathFunctions/arm_not_u16.c **** 
  43:.\DSP\Source\BasicMathFunctions/arm_not_u16.c **** /**
  44:.\DSP\Source\BasicMathFunctions/arm_not_u16.c ****   @addtogroup Not
  45:.\DSP\Source\BasicMathFunctions/arm_not_u16.c ****   @{
  46:.\DSP\Source\BasicMathFunctions/arm_not_u16.c ****  */
  47:.\DSP\Source\BasicMathFunctions/arm_not_u16.c **** 
  48:.\DSP\Source\BasicMathFunctions/arm_not_u16.c **** /**
  49:.\DSP\Source\BasicMathFunctions/arm_not_u16.c ****   @brief         Compute the logical bitwise NOT of a fixed-point vector.
  50:.\DSP\Source\BasicMathFunctions/arm_not_u16.c ****   @param[in]     pSrc       points to input vector 
  51:.\DSP\Source\BasicMathFunctions/arm_not_u16.c ****   @param[out]    pDst       points to output vector
  52:.\DSP\Source\BasicMathFunctions/arm_not_u16.c ****   @param[in]     blockSize  number of samples in each vector
  53:.\DSP\Source\BasicMathFunctions/arm_not_u16.c ****   @return        none
  54:.\DSP\Source\BasicMathFunctions/arm_not_u16.c ****  */
  55:.\DSP\Source\BasicMathFunctions/arm_not_u16.c **** 
  56:.\DSP\Source\BasicMathFunctions/arm_not_u16.c **** void arm_not_u16(
  57:.\DSP\Source\BasicMathFunctions/arm_not_u16.c ****     const uint16_t * pSrc,
  58:.\DSP\Source\BasicMathFunctions/arm_not_u16.c ****           uint16_t * pDst,
  59:.\DSP\Source\BasicMathFunctions/arm_not_u16.c ****           uint32_t blockSize)
  60:.\DSP\Source\BasicMathFunctions/arm_not_u16.c **** {
  27              		.loc 1 60 0
  28              		.cfi_startproc
  29              		@ args = 0, pretend = 0, frame = 0
  30              		@ frame_needed = 0, uses_anonymous_args = 0
  31              		@ link register save eliminated.
  32              	.LVL0:
  61:.\DSP\Source\BasicMathFunctions/arm_not_u16.c ****     uint32_t blkCnt;      /* Loop counter */
  62:.\DSP\Source\BasicMathFunctions/arm_not_u16.c **** 
  63:.\DSP\Source\BasicMathFunctions/arm_not_u16.c **** #if defined(ARM_MATH_MVEI) && !defined(ARM_MATH_AUTOVECTORIZE)
  64:.\DSP\Source\BasicMathFunctions/arm_not_u16.c ****     uint16x8_t vecSrc;
  65:.\DSP\Source\BasicMathFunctions/arm_not_u16.c **** 
  66:.\DSP\Source\BasicMathFunctions/arm_not_u16.c ****     /* Compute 8 outputs at a time */
  67:.\DSP\Source\BasicMathFunctions/arm_not_u16.c ****     blkCnt = blockSize >> 3;
  68:.\DSP\Source\BasicMathFunctions/arm_not_u16.c **** 
  69:.\DSP\Source\BasicMathFunctions/arm_not_u16.c ****     while (blkCnt > 0U)
  70:.\DSP\Source\BasicMathFunctions/arm_not_u16.c ****     {
  71:.\DSP\Source\BasicMathFunctions/arm_not_u16.c ****         vecSrc = vld1q(pSrc);
  72:.\DSP\Source\BasicMathFunctions/arm_not_u16.c **** 
  73:.\DSP\Source\BasicMathFunctions/arm_not_u16.c ****         vst1q(pDst, vmvnq_u16(vecSrc) );
  74:.\DSP\Source\BasicMathFunctions/arm_not_u16.c **** 
  75:.\DSP\Source\BasicMathFunctions/arm_not_u16.c ****         pSrc += 8;
  76:.\DSP\Source\BasicMathFunctions/arm_not_u16.c ****         pDst += 8;
  77:.\DSP\Source\BasicMathFunctions/arm_not_u16.c **** 
  78:.\DSP\Source\BasicMathFunctions/arm_not_u16.c ****         /* Decrement the loop counter */
  79:.\DSP\Source\BasicMathFunctions/arm_not_u16.c ****         blkCnt--;
  80:.\DSP\Source\BasicMathFunctions/arm_not_u16.c ****     }
  81:.\DSP\Source\BasicMathFunctions/arm_not_u16.c **** 
  82:.\DSP\Source\BasicMathFunctions/arm_not_u16.c ****     /* Tail */
ARM GAS  C:\Users\IVYLIU~1\AppData\Local\Temp\cchH5HNW.s 			page 3


  83:.\DSP\Source\BasicMathFunctions/arm_not_u16.c ****     blkCnt = blockSize & 7;
  84:.\DSP\Source\BasicMathFunctions/arm_not_u16.c **** 
  85:.\DSP\Source\BasicMathFunctions/arm_not_u16.c ****     if (blkCnt > 0U)
  86:.\DSP\Source\BasicMathFunctions/arm_not_u16.c ****     {
  87:.\DSP\Source\BasicMathFunctions/arm_not_u16.c ****         mve_pred16_t p0 = vctp16q(blkCnt);
  88:.\DSP\Source\BasicMathFunctions/arm_not_u16.c ****         vecSrc = vld1q(pSrc);
  89:.\DSP\Source\BasicMathFunctions/arm_not_u16.c ****         vstrhq_p(pDst, vmvnq_u16(vecSrc), p0);
  90:.\DSP\Source\BasicMathFunctions/arm_not_u16.c ****     }
  91:.\DSP\Source\BasicMathFunctions/arm_not_u16.c **** #else
  92:.\DSP\Source\BasicMathFunctions/arm_not_u16.c **** #if defined(ARM_MATH_NEON) && !defined(ARM_MATH_AUTOVECTORIZE)
  93:.\DSP\Source\BasicMathFunctions/arm_not_u16.c ****     uint16x8_t inV;
  94:.\DSP\Source\BasicMathFunctions/arm_not_u16.c **** 
  95:.\DSP\Source\BasicMathFunctions/arm_not_u16.c ****     /* Compute 8 outputs at a time */
  96:.\DSP\Source\BasicMathFunctions/arm_not_u16.c ****     blkCnt = blockSize >> 3U;
  97:.\DSP\Source\BasicMathFunctions/arm_not_u16.c **** 
  98:.\DSP\Source\BasicMathFunctions/arm_not_u16.c ****     while (blkCnt > 0U)
  99:.\DSP\Source\BasicMathFunctions/arm_not_u16.c ****     {
 100:.\DSP\Source\BasicMathFunctions/arm_not_u16.c ****         inV = vld1q_u16(pSrc);
 101:.\DSP\Source\BasicMathFunctions/arm_not_u16.c **** 
 102:.\DSP\Source\BasicMathFunctions/arm_not_u16.c ****         vst1q_u16(pDst, vmvnq_u16(inV) );
 103:.\DSP\Source\BasicMathFunctions/arm_not_u16.c **** 
 104:.\DSP\Source\BasicMathFunctions/arm_not_u16.c ****         pSrc += 8;
 105:.\DSP\Source\BasicMathFunctions/arm_not_u16.c ****         pDst += 8;
 106:.\DSP\Source\BasicMathFunctions/arm_not_u16.c **** 
 107:.\DSP\Source\BasicMathFunctions/arm_not_u16.c ****         /* Decrement the loop counter */
 108:.\DSP\Source\BasicMathFunctions/arm_not_u16.c ****         blkCnt--;
 109:.\DSP\Source\BasicMathFunctions/arm_not_u16.c ****     }
 110:.\DSP\Source\BasicMathFunctions/arm_not_u16.c **** 
 111:.\DSP\Source\BasicMathFunctions/arm_not_u16.c ****     /* Tail */
 112:.\DSP\Source\BasicMathFunctions/arm_not_u16.c ****     blkCnt = blockSize & 7;
 113:.\DSP\Source\BasicMathFunctions/arm_not_u16.c **** #else
 114:.\DSP\Source\BasicMathFunctions/arm_not_u16.c ****     /* Initialize blkCnt with number of samples */
 115:.\DSP\Source\BasicMathFunctions/arm_not_u16.c ****     blkCnt = blockSize;
 116:.\DSP\Source\BasicMathFunctions/arm_not_u16.c **** #endif
 117:.\DSP\Source\BasicMathFunctions/arm_not_u16.c **** 
 118:.\DSP\Source\BasicMathFunctions/arm_not_u16.c ****     while (blkCnt > 0U)
  33              		.loc 1 118 0
  34 0000 05E0     		b	.L2
  35              	.LVL1:
  36              	.L3:
 119:.\DSP\Source\BasicMathFunctions/arm_not_u16.c ****     {
 120:.\DSP\Source\BasicMathFunctions/arm_not_u16.c ****         *pDst++ = ~(*pSrc++);
  37              		.loc 1 120 0
  38 0002 0388     		ldrh	r3, [r0]
  39 0004 DB43     		mvns	r3, r3
  40 0006 0B80     		strh	r3, [r1]	@ movhi
 121:.\DSP\Source\BasicMathFunctions/arm_not_u16.c **** 
 122:.\DSP\Source\BasicMathFunctions/arm_not_u16.c ****         /* Decrement the loop counter */
 123:.\DSP\Source\BasicMathFunctions/arm_not_u16.c ****         blkCnt--;
  41              		.loc 1 123 0
  42 0008 013A     		subs	r2, r2, #1
  43              	.LVL2:
 120:.\DSP\Source\BasicMathFunctions/arm_not_u16.c **** 
  44              		.loc 1 120 0
  45 000a 0231     		adds	r1, r1, #2
  46              	.LVL3:
  47 000c 0230     		adds	r0, r0, #2
ARM GAS  C:\Users\IVYLIU~1\AppData\Local\Temp\cchH5HNW.s 			page 4


  48              	.LVL4:
  49              	.L2:
 118:.\DSP\Source\BasicMathFunctions/arm_not_u16.c ****     {
  50              		.loc 1 118 0
  51 000e 002A     		cmp	r2, #0
  52 0010 F7D1     		bne	.L3
 124:.\DSP\Source\BasicMathFunctions/arm_not_u16.c ****     }
 125:.\DSP\Source\BasicMathFunctions/arm_not_u16.c **** #endif /* if defined(ARM_MATH_MVEI) */
 126:.\DSP\Source\BasicMathFunctions/arm_not_u16.c **** }
  53              		.loc 1 126 0
  54 0012 7047     		bx	lr
  55              		.cfi_endproc
  56              	.LFE83:
  57              		.size	arm_not_u16, .-arm_not_u16
  58              		.text
  59              	.Letext0:
  60              		.file 2 "c:\\program files (x86)\\cypress\\psoc creator\\3.3\\psoc creator\\import\\gnu\\arm\\4.9.
  61              		.file 3 "c:\\program files (x86)\\cypress\\psoc creator\\3.3\\psoc creator\\import\\gnu\\arm\\4.9.
  62              		.file 4 ".\\Core\\Include/cmsis_gcc.h"
  63              		.section	.debug_info,"",%progbits
  64              	.Ldebug_info0:
  65 0000 BF010000 		.4byte	0x1bf
  66 0004 0400     		.2byte	0x4
  67 0006 00000000 		.4byte	.Ldebug_abbrev0
  68 000a 04       		.byte	0x4
  69 000b 01       		.uleb128 0x1
  70 000c 9D010000 		.4byte	.LASF29
  71 0010 01       		.byte	0x1
  72 0011 22000000 		.4byte	.LASF30
  73 0015 23010000 		.4byte	.LASF31
  74 0019 00000000 		.4byte	.Ldebug_ranges0+0
  75 001d 00000000 		.4byte	0
  76 0021 00000000 		.4byte	.Ldebug_line0
  77 0025 02       		.uleb128 0x2
  78 0026 01       		.byte	0x1
  79 0027 06       		.byte	0x6
  80 0028 69020000 		.4byte	.LASF0
  81 002c 02       		.uleb128 0x2
  82 002d 01       		.byte	0x1
  83 002e 08       		.byte	0x8
  84 002f 6A000000 		.4byte	.LASF1
  85 0033 02       		.uleb128 0x2
  86 0034 02       		.byte	0x2
  87 0035 05       		.byte	0x5
  88 0036 8A010000 		.4byte	.LASF2
  89 003a 03       		.uleb128 0x3
  90 003b BC000000 		.4byte	.LASF5
  91 003f 02       		.byte	0x2
  92 0040 2B       		.byte	0x2b
  93 0041 45000000 		.4byte	0x45
  94 0045 02       		.uleb128 0x2
  95 0046 02       		.byte	0x2
  96 0047 07       		.byte	0x7
  97 0048 A4000000 		.4byte	.LASF3
  98 004c 02       		.uleb128 0x2
  99 004d 04       		.byte	0x4
 100 004e 05       		.byte	0x5
ARM GAS  C:\Users\IVYLIU~1\AppData\Local\Temp\cchH5HNW.s 			page 5


 101 004f 3F020000 		.4byte	.LASF4
 102 0053 03       		.uleb128 0x3
 103 0054 CE000000 		.4byte	.LASF6
 104 0058 02       		.byte	0x2
 105 0059 41       		.byte	0x41
 106 005a 5E000000 		.4byte	0x5e
 107 005e 02       		.uleb128 0x2
 108 005f 04       		.byte	0x4
 109 0060 07       		.byte	0x7
 110 0061 92000000 		.4byte	.LASF7
 111 0065 02       		.uleb128 0x2
 112 0066 08       		.byte	0x8
 113 0067 05       		.byte	0x5
 114 0068 06010000 		.4byte	.LASF8
 115 006c 02       		.uleb128 0x2
 116 006d 08       		.byte	0x8
 117 006e 07       		.byte	0x7
 118 006f E6000000 		.4byte	.LASF9
 119 0073 04       		.uleb128 0x4
 120 0074 04       		.byte	0x4
 121 0075 05       		.byte	0x5
 122 0076 696E7400 		.ascii	"int\000"
 123 007a 02       		.uleb128 0x2
 124 007b 04       		.byte	0x4
 125 007c 07       		.byte	0x7
 126 007d D9000000 		.4byte	.LASF10
 127 0081 03       		.uleb128 0x3
 128 0082 94010000 		.4byte	.LASF11
 129 0086 03       		.byte	0x3
 130 0087 21       		.byte	0x21
 131 0088 3A000000 		.4byte	0x3a
 132 008c 03       		.uleb128 0x3
 133 008d 36020000 		.4byte	.LASF12
 134 0091 03       		.byte	0x3
 135 0092 2D       		.byte	0x2d
 136 0093 53000000 		.4byte	0x53
 137 0097 02       		.uleb128 0x2
 138 0098 04       		.byte	0x4
 139 0099 07       		.byte	0x7
 140 009a FD000000 		.4byte	.LASF13
 141 009e 02       		.uleb128 0x2
 142 009f 01       		.byte	0x1
 143 00a0 08       		.byte	0x8
 144 00a1 1E010000 		.4byte	.LASF14
 145 00a5 02       		.uleb128 0x2
 146 00a6 08       		.byte	0x8
 147 00a7 04       		.byte	0x4
 148 00a8 C7000000 		.4byte	.LASF15
 149 00ac 02       		.uleb128 0x2
 150 00ad 04       		.byte	0x4
 151 00ae 04       		.byte	0x4
 152 00af 5F000000 		.4byte	.LASF16
 153 00b3 02       		.uleb128 0x2
 154 00b4 08       		.byte	0x8
 155 00b5 04       		.byte	0x4
 156 00b6 48020000 		.4byte	.LASF17
 157 00ba 05       		.uleb128 0x5
ARM GAS  C:\Users\IVYLIU~1\AppData\Local\Temp\cchH5HNW.s 			page 6


 158 00bb 79010000 		.4byte	.LASF32
 159 00bf 01       		.byte	0x1
 160 00c0 38       		.byte	0x38
 161 00c1 00000000 		.4byte	.LFB83
 162 00c5 14000000 		.4byte	.LFE83-.LFB83
 163 00c9 01       		.uleb128 0x1
 164 00ca 9C       		.byte	0x9c
 165 00cb 0A010000 		.4byte	0x10a
 166 00cf 06       		.uleb128 0x6
 167 00d0 75020000 		.4byte	.LASF18
 168 00d4 01       		.byte	0x1
 169 00d5 39       		.byte	0x39
 170 00d6 0A010000 		.4byte	0x10a
 171 00da 00000000 		.4byte	.LLST0
 172 00de 06       		.uleb128 0x6
 173 00df B7000000 		.4byte	.LASF19
 174 00e3 01       		.byte	0x1
 175 00e4 3A       		.byte	0x3a
 176 00e5 15010000 		.4byte	0x115
 177 00e9 2B000000 		.4byte	.LLST1
 178 00ed 06       		.uleb128 0x6
 179 00ee 14010000 		.4byte	.LASF20
 180 00f2 01       		.byte	0x1
 181 00f3 3B       		.byte	0x3b
 182 00f4 8C000000 		.4byte	0x8c
 183 00f8 56000000 		.4byte	.LLST2
 184 00fc 07       		.uleb128 0x7
 185 00fd 78000000 		.4byte	.LASF33
 186 0101 01       		.byte	0x1
 187 0102 3D       		.byte	0x3d
 188 0103 8C000000 		.4byte	0x8c
 189 0107 01       		.uleb128 0x1
 190 0108 52       		.byte	0x52
 191 0109 00       		.byte	0
 192 010a 08       		.uleb128 0x8
 193 010b 04       		.byte	0x4
 194 010c 10010000 		.4byte	0x110
 195 0110 09       		.uleb128 0x9
 196 0111 81000000 		.4byte	0x81
 197 0115 08       		.uleb128 0x8
 198 0116 04       		.byte	0x4
 199 0117 81000000 		.4byte	0x81
 200 011b 03       		.uleb128 0x3
 201 011c 13000000 		.4byte	.LASF21
 202 0120 04       		.byte	0x4
 203 0121 8B       		.byte	0x8b
 204 0122 99010000 		.4byte	0x199
 205 0126 08       		.uleb128 0x8
 206 0127 04       		.byte	0x4
 207 0128 2C010000 		.4byte	0x12c
 208 012c 09       		.uleb128 0x9
 209 012d 8C000000 		.4byte	0x8c
 210 0131 08       		.uleb128 0x8
 211 0132 04       		.byte	0x4
 212 0133 8C000000 		.4byte	0x8c
 213 0137 0A       		.uleb128 0xa
 214 0138 7A020000 		.4byte	.LASF22
ARM GAS  C:\Users\IVYLIU~1\AppData\Local\Temp\cchH5HNW.s 			page 7


 215 013c 04       		.byte	0x4
 216 013d 92       		.byte	0x92
 217 013e 42010000 		.4byte	0x142
 218 0142 09       		.uleb128 0x9
 219 0143 1B010000 		.4byte	0x11b
 220 0147 0A       		.uleb128 0xa
 221 0148 7F000000 		.4byte	.LASF23
 222 014c 04       		.byte	0x4
 223 014d 93       		.byte	0x93
 224 014e 42010000 		.4byte	0x142
 225 0152 03       		.uleb128 0x3
 226 0153 50000000 		.4byte	.LASF24
 227 0157 04       		.byte	0x4
 228 0158 90       		.byte	0x90
 229 0159 78010000 		.4byte	0x178
 230 015d 0A       		.uleb128 0xa
 231 015e 54020000 		.4byte	.LASF25
 232 0162 04       		.byte	0x4
 233 0163 94       		.byte	0x94
 234 0164 68010000 		.4byte	0x168
 235 0168 09       		.uleb128 0x9
 236 0169 52010000 		.4byte	0x152
 237 016d 0A       		.uleb128 0xa
 238 016e 00000000 		.4byte	.LASF26
 239 0172 04       		.byte	0x4
 240 0173 95       		.byte	0x95
 241 0174 68010000 		.4byte	0x168
 242 0178 0B       		.uleb128 0xb
 243 0179 08       		.byte	0x8
 244 017a 04       		.byte	0x4
 245 017b 8D       		.byte	0x8d
 246 017c 99010000 		.4byte	0x199
 247 0180 0C       		.uleb128 0xc
 248 0181 65000000 		.4byte	.LASF27
 249 0185 04       		.byte	0x4
 250 0186 8E       		.byte	0x8e
 251 0187 31010000 		.4byte	0x131
 252 018b 00       		.byte	0
 253 018c 0C       		.uleb128 0xc
 254 018d 85010000 		.4byte	.LASF28
 255 0191 04       		.byte	0x4
 256 0192 8F       		.byte	0x8f
 257 0193 8C000000 		.4byte	0x8c
 258 0197 04       		.byte	0x4
 259 0198 00       		.byte	0
 260 0199 0D       		.uleb128 0xd
 261 019a 0C       		.byte	0xc
 262 019b 04       		.byte	0x4
 263 019c 87       		.byte	0x87
 264 019d 0E       		.uleb128 0xe
 265 019e 73726300 		.ascii	"src\000"
 266 01a2 04       		.byte	0x4
 267 01a3 88       		.byte	0x88
 268 01a4 26010000 		.4byte	0x126
 269 01a8 00       		.byte	0
 270 01a9 0C       		.uleb128 0xc
 271 01aa 65000000 		.4byte	.LASF27
ARM GAS  C:\Users\IVYLIU~1\AppData\Local\Temp\cchH5HNW.s 			page 8


 272 01ae 04       		.byte	0x4
 273 01af 89       		.byte	0x89
 274 01b0 31010000 		.4byte	0x131
 275 01b4 04       		.byte	0x4
 276 01b5 0C       		.uleb128 0xc
 277 01b6 85010000 		.4byte	.LASF28
 278 01ba 04       		.byte	0x4
 279 01bb 8A       		.byte	0x8a
 280 01bc 8C000000 		.4byte	0x8c
 281 01c0 08       		.byte	0x8
 282 01c1 00       		.byte	0
 283 01c2 00       		.byte	0
 284              		.section	.debug_abbrev,"",%progbits
 285              	.Ldebug_abbrev0:
 286 0000 01       		.uleb128 0x1
 287 0001 11       		.uleb128 0x11
 288 0002 01       		.byte	0x1
 289 0003 25       		.uleb128 0x25
 290 0004 0E       		.uleb128 0xe
 291 0005 13       		.uleb128 0x13
 292 0006 0B       		.uleb128 0xb
 293 0007 03       		.uleb128 0x3
 294 0008 0E       		.uleb128 0xe
 295 0009 1B       		.uleb128 0x1b
 296 000a 0E       		.uleb128 0xe
 297 000b 55       		.uleb128 0x55
 298 000c 17       		.uleb128 0x17
 299 000d 11       		.uleb128 0x11
 300 000e 01       		.uleb128 0x1
 301 000f 10       		.uleb128 0x10
 302 0010 17       		.uleb128 0x17
 303 0011 00       		.byte	0
 304 0012 00       		.byte	0
 305 0013 02       		.uleb128 0x2
 306 0014 24       		.uleb128 0x24
 307 0015 00       		.byte	0
 308 0016 0B       		.uleb128 0xb
 309 0017 0B       		.uleb128 0xb
 310 0018 3E       		.uleb128 0x3e
 311 0019 0B       		.uleb128 0xb
 312 001a 03       		.uleb128 0x3
 313 001b 0E       		.uleb128 0xe
 314 001c 00       		.byte	0
 315 001d 00       		.byte	0
 316 001e 03       		.uleb128 0x3
 317 001f 16       		.uleb128 0x16
 318 0020 00       		.byte	0
 319 0021 03       		.uleb128 0x3
 320 0022 0E       		.uleb128 0xe
 321 0023 3A       		.uleb128 0x3a
 322 0024 0B       		.uleb128 0xb
 323 0025 3B       		.uleb128 0x3b
 324 0026 0B       		.uleb128 0xb
 325 0027 49       		.uleb128 0x49
 326 0028 13       		.uleb128 0x13
 327 0029 00       		.byte	0
 328 002a 00       		.byte	0
ARM GAS  C:\Users\IVYLIU~1\AppData\Local\Temp\cchH5HNW.s 			page 9


 329 002b 04       		.uleb128 0x4
 330 002c 24       		.uleb128 0x24
 331 002d 00       		.byte	0
 332 002e 0B       		.uleb128 0xb
 333 002f 0B       		.uleb128 0xb
 334 0030 3E       		.uleb128 0x3e
 335 0031 0B       		.uleb128 0xb
 336 0032 03       		.uleb128 0x3
 337 0033 08       		.uleb128 0x8
 338 0034 00       		.byte	0
 339 0035 00       		.byte	0
 340 0036 05       		.uleb128 0x5
 341 0037 2E       		.uleb128 0x2e
 342 0038 01       		.byte	0x1
 343 0039 3F       		.uleb128 0x3f
 344 003a 19       		.uleb128 0x19
 345 003b 03       		.uleb128 0x3
 346 003c 0E       		.uleb128 0xe
 347 003d 3A       		.uleb128 0x3a
 348 003e 0B       		.uleb128 0xb
 349 003f 3B       		.uleb128 0x3b
 350 0040 0B       		.uleb128 0xb
 351 0041 27       		.uleb128 0x27
 352 0042 19       		.uleb128 0x19
 353 0043 11       		.uleb128 0x11
 354 0044 01       		.uleb128 0x1
 355 0045 12       		.uleb128 0x12
 356 0046 06       		.uleb128 0x6
 357 0047 40       		.uleb128 0x40
 358 0048 18       		.uleb128 0x18
 359 0049 9742     		.uleb128 0x2117
 360 004b 19       		.uleb128 0x19
 361 004c 01       		.uleb128 0x1
 362 004d 13       		.uleb128 0x13
 363 004e 00       		.byte	0
 364 004f 00       		.byte	0
 365 0050 06       		.uleb128 0x6
 366 0051 05       		.uleb128 0x5
 367 0052 00       		.byte	0
 368 0053 03       		.uleb128 0x3
 369 0054 0E       		.uleb128 0xe
 370 0055 3A       		.uleb128 0x3a
 371 0056 0B       		.uleb128 0xb
 372 0057 3B       		.uleb128 0x3b
 373 0058 0B       		.uleb128 0xb
 374 0059 49       		.uleb128 0x49
 375 005a 13       		.uleb128 0x13
 376 005b 02       		.uleb128 0x2
 377 005c 17       		.uleb128 0x17
 378 005d 00       		.byte	0
 379 005e 00       		.byte	0
 380 005f 07       		.uleb128 0x7
 381 0060 34       		.uleb128 0x34
 382 0061 00       		.byte	0
 383 0062 03       		.uleb128 0x3
 384 0063 0E       		.uleb128 0xe
 385 0064 3A       		.uleb128 0x3a
ARM GAS  C:\Users\IVYLIU~1\AppData\Local\Temp\cchH5HNW.s 			page 10


 386 0065 0B       		.uleb128 0xb
 387 0066 3B       		.uleb128 0x3b
 388 0067 0B       		.uleb128 0xb
 389 0068 49       		.uleb128 0x49
 390 0069 13       		.uleb128 0x13
 391 006a 02       		.uleb128 0x2
 392 006b 18       		.uleb128 0x18
 393 006c 00       		.byte	0
 394 006d 00       		.byte	0
 395 006e 08       		.uleb128 0x8
 396 006f 0F       		.uleb128 0xf
 397 0070 00       		.byte	0
 398 0071 0B       		.uleb128 0xb
 399 0072 0B       		.uleb128 0xb
 400 0073 49       		.uleb128 0x49
 401 0074 13       		.uleb128 0x13
 402 0075 00       		.byte	0
 403 0076 00       		.byte	0
 404 0077 09       		.uleb128 0x9
 405 0078 26       		.uleb128 0x26
 406 0079 00       		.byte	0
 407 007a 49       		.uleb128 0x49
 408 007b 13       		.uleb128 0x13
 409 007c 00       		.byte	0
 410 007d 00       		.byte	0
 411 007e 0A       		.uleb128 0xa
 412 007f 34       		.uleb128 0x34
 413 0080 00       		.byte	0
 414 0081 03       		.uleb128 0x3
 415 0082 0E       		.uleb128 0xe
 416 0083 3A       		.uleb128 0x3a
 417 0084 0B       		.uleb128 0xb
 418 0085 3B       		.uleb128 0x3b
 419 0086 0B       		.uleb128 0xb
 420 0087 49       		.uleb128 0x49
 421 0088 13       		.uleb128 0x13
 422 0089 3F       		.uleb128 0x3f
 423 008a 19       		.uleb128 0x19
 424 008b 3C       		.uleb128 0x3c
 425 008c 19       		.uleb128 0x19
 426 008d 00       		.byte	0
 427 008e 00       		.byte	0
 428 008f 0B       		.uleb128 0xb
 429 0090 13       		.uleb128 0x13
 430 0091 01       		.byte	0x1
 431 0092 0B       		.uleb128 0xb
 432 0093 0B       		.uleb128 0xb
 433 0094 3A       		.uleb128 0x3a
 434 0095 0B       		.uleb128 0xb
 435 0096 3B       		.uleb128 0x3b
 436 0097 0B       		.uleb128 0xb
 437 0098 01       		.uleb128 0x1
 438 0099 13       		.uleb128 0x13
 439 009a 00       		.byte	0
 440 009b 00       		.byte	0
 441 009c 0C       		.uleb128 0xc
 442 009d 0D       		.uleb128 0xd
ARM GAS  C:\Users\IVYLIU~1\AppData\Local\Temp\cchH5HNW.s 			page 11


 443 009e 00       		.byte	0
 444 009f 03       		.uleb128 0x3
 445 00a0 0E       		.uleb128 0xe
 446 00a1 3A       		.uleb128 0x3a
 447 00a2 0B       		.uleb128 0xb
 448 00a3 3B       		.uleb128 0x3b
 449 00a4 0B       		.uleb128 0xb
 450 00a5 49       		.uleb128 0x49
 451 00a6 13       		.uleb128 0x13
 452 00a7 38       		.uleb128 0x38
 453 00a8 0B       		.uleb128 0xb
 454 00a9 00       		.byte	0
 455 00aa 00       		.byte	0
 456 00ab 0D       		.uleb128 0xd
 457 00ac 13       		.uleb128 0x13
 458 00ad 01       		.byte	0x1
 459 00ae 0B       		.uleb128 0xb
 460 00af 0B       		.uleb128 0xb
 461 00b0 3A       		.uleb128 0x3a
 462 00b1 0B       		.uleb128 0xb
 463 00b2 3B       		.uleb128 0x3b
 464 00b3 0B       		.uleb128 0xb
 465 00b4 00       		.byte	0
 466 00b5 00       		.byte	0
 467 00b6 0E       		.uleb128 0xe
 468 00b7 0D       		.uleb128 0xd
 469 00b8 00       		.byte	0
 470 00b9 03       		.uleb128 0x3
 471 00ba 08       		.uleb128 0x8
 472 00bb 3A       		.uleb128 0x3a
 473 00bc 0B       		.uleb128 0xb
 474 00bd 3B       		.uleb128 0x3b
 475 00be 0B       		.uleb128 0xb
 476 00bf 49       		.uleb128 0x49
 477 00c0 13       		.uleb128 0x13
 478 00c1 38       		.uleb128 0x38
 479 00c2 0B       		.uleb128 0xb
 480 00c3 00       		.byte	0
 481 00c4 00       		.byte	0
 482 00c5 00       		.byte	0
 483              		.section	.debug_loc,"",%progbits
 484              	.Ldebug_loc0:
 485              	.LLST0:
 486 0000 00000000 		.4byte	.LVL0
 487 0004 02000000 		.4byte	.LVL1
 488 0008 0100     		.2byte	0x1
 489 000a 50       		.byte	0x50
 490 000b 02000000 		.4byte	.LVL1
 491 000f 0E000000 		.4byte	.LVL4
 492 0013 0300     		.2byte	0x3
 493 0015 70       		.byte	0x70
 494 0016 02       		.sleb128 2
 495 0017 9F       		.byte	0x9f
 496 0018 0E000000 		.4byte	.LVL4
 497 001c 14000000 		.4byte	.LFE83
 498 0020 0100     		.2byte	0x1
 499 0022 50       		.byte	0x50
ARM GAS  C:\Users\IVYLIU~1\AppData\Local\Temp\cchH5HNW.s 			page 12


 500 0023 00000000 		.4byte	0
 501 0027 00000000 		.4byte	0
 502              	.LLST1:
 503 002b 00000000 		.4byte	.LVL0
 504 002f 02000000 		.4byte	.LVL1
 505 0033 0100     		.2byte	0x1
 506 0035 51       		.byte	0x51
 507 0036 02000000 		.4byte	.LVL1
 508 003a 0C000000 		.4byte	.LVL3
 509 003e 0300     		.2byte	0x3
 510 0040 71       		.byte	0x71
 511 0041 02       		.sleb128 2
 512 0042 9F       		.byte	0x9f
 513 0043 0C000000 		.4byte	.LVL3
 514 0047 14000000 		.4byte	.LFE83
 515 004b 0100     		.2byte	0x1
 516 004d 51       		.byte	0x51
 517 004e 00000000 		.4byte	0
 518 0052 00000000 		.4byte	0
 519              	.LLST2:
 520 0056 00000000 		.4byte	.LVL0
 521 005a 02000000 		.4byte	.LVL1
 522 005e 0100     		.2byte	0x1
 523 0060 52       		.byte	0x52
 524 0061 02000000 		.4byte	.LVL1
 525 0065 14000000 		.4byte	.LFE83
 526 0069 0400     		.2byte	0x4
 527 006b F3       		.byte	0xf3
 528 006c 01       		.uleb128 0x1
 529 006d 52       		.byte	0x52
 530 006e 9F       		.byte	0x9f
 531 006f 00000000 		.4byte	0
 532 0073 00000000 		.4byte	0
 533              		.section	.debug_aranges,"",%progbits
 534 0000 1C000000 		.4byte	0x1c
 535 0004 0200     		.2byte	0x2
 536 0006 00000000 		.4byte	.Ldebug_info0
 537 000a 04       		.byte	0x4
 538 000b 00       		.byte	0
 539 000c 0000     		.2byte	0
 540 000e 0000     		.2byte	0
 541 0010 00000000 		.4byte	.LFB83
 542 0014 14000000 		.4byte	.LFE83-.LFB83
 543 0018 00000000 		.4byte	0
 544 001c 00000000 		.4byte	0
 545              		.section	.debug_ranges,"",%progbits
 546              	.Ldebug_ranges0:
 547 0000 00000000 		.4byte	.LFB83
 548 0004 14000000 		.4byte	.LFE83
 549 0008 00000000 		.4byte	0
 550 000c 00000000 		.4byte	0
 551              		.section	.debug_line,"",%progbits
 552              	.Ldebug_line0:
 553 0000 77010000 		.section	.debug_str,"MS",%progbits,1
 553      02005A01 
 553      00000201 
 553      FB0E0D00 
ARM GAS  C:\Users\IVYLIU~1\AppData\Local\Temp\cchH5HNW.s 			page 13


 553      01010101 
 554              	.LASF26:
 555 0000 5F5F7A65 		.ascii	"__zero_table_end__\000"
 555      726F5F74 
 555      61626C65 
 555      5F656E64 
 555      5F5F00
 556              	.LASF21:
 557 0013 5F5F636F 		.ascii	"__copy_table_t\000"
 557      70795F74 
 557      61626C65 
 557      5F7400
 558              	.LASF30:
 559 0022 2E5C4453 		.ascii	".\\DSP\\Source\\BasicMathFunctions\\arm_not_u16.c\000"
 559      505C536F 
 559      75726365 
 559      5C426173 
 559      69634D61 
 560              	.LASF24:
 561 0050 5F5F7A65 		.ascii	"__zero_table_t\000"
 561      726F5F74 
 561      61626C65 
 561      5F7400
 562              	.LASF16:
 563 005f 666C6F61 		.ascii	"float\000"
 563      7400
 564              	.LASF27:
 565 0065 64657374 		.ascii	"dest\000"
 565      00
 566              	.LASF1:
 567 006a 756E7369 		.ascii	"unsigned char\000"
 567      676E6564 
 567      20636861 
 567      7200
 568              	.LASF33:
 569 0078 626C6B43 		.ascii	"blkCnt\000"
 569      6E7400
 570              	.LASF23:
 571 007f 5F5F636F 		.ascii	"__copy_table_end__\000"
 571      70795F74 
 571      61626C65 
 571      5F656E64 
 571      5F5F00
 572              	.LASF7:
 573 0092 6C6F6E67 		.ascii	"long unsigned int\000"
 573      20756E73 
 573      69676E65 
 573      6420696E 
 573      7400
 574              	.LASF3:
 575 00a4 73686F72 		.ascii	"short unsigned int\000"
 575      7420756E 
 575      7369676E 
 575      65642069 
 575      6E7400
 576              	.LASF19:
 577 00b7 70447374 		.ascii	"pDst\000"
ARM GAS  C:\Users\IVYLIU~1\AppData\Local\Temp\cchH5HNW.s 			page 14


 577      00
 578              	.LASF5:
 579 00bc 5F5F7569 		.ascii	"__uint16_t\000"
 579      6E743136 
 579      5F7400
 580              	.LASF15:
 581 00c7 646F7562 		.ascii	"double\000"
 581      6C6500
 582              	.LASF6:
 583 00ce 5F5F7569 		.ascii	"__uint32_t\000"
 583      6E743332 
 583      5F7400
 584              	.LASF10:
 585 00d9 756E7369 		.ascii	"unsigned int\000"
 585      676E6564 
 585      20696E74 
 585      00
 586              	.LASF9:
 587 00e6 6C6F6E67 		.ascii	"long long unsigned int\000"
 587      206C6F6E 
 587      6720756E 
 587      7369676E 
 587      65642069 
 588              	.LASF13:
 589 00fd 73697A65 		.ascii	"sizetype\000"
 589      74797065 
 589      00
 590              	.LASF8:
 591 0106 6C6F6E67 		.ascii	"long long int\000"
 591      206C6F6E 
 591      6720696E 
 591      7400
 592              	.LASF20:
 593 0114 626C6F63 		.ascii	"blockSize\000"
 593      6B53697A 
 593      6500
 594              	.LASF14:
 595 011e 63686172 		.ascii	"char\000"
 595      00
 596              	.LASF31:
 597 0123 5C5C766D 		.ascii	"\\\\vmware-host\\Shared Folders\\Documents\\PSoC Cr"
 597      77617265 
 597      2D686F73 
 597      745C5368 
 597      61726564 
 598 0151 6561746F 		.ascii	"eator\\FinalProject\\SoundDetection.cydsn\000"
 598      725C4669 
 598      6E616C50 
 598      726F6A65 
 598      63745C53 
 599              	.LASF32:
 600 0179 61726D5F 		.ascii	"arm_not_u16\000"
 600      6E6F745F 
 600      75313600 
 601              	.LASF28:
 602 0185 776C656E 		.ascii	"wlen\000"
 602      00
ARM GAS  C:\Users\IVYLIU~1\AppData\Local\Temp\cchH5HNW.s 			page 15


 603              	.LASF2:
 604 018a 73686F72 		.ascii	"short int\000"
 604      7420696E 
 604      7400
 605              	.LASF11:
 606 0194 75696E74 		.ascii	"uint16_t\000"
 606      31365F74 
 606      00
 607              	.LASF29:
 608 019d 474E5520 		.ascii	"GNU C 4.9.3 20150303 (release) [ARM/embedded-4_9-br"
 608      4320342E 
 608      392E3320 
 608      32303135 
 608      30333033 
 609 01d0 616E6368 		.ascii	"anch revision 221220] -mcpu=cortex-m3 -mthumb -g -O"
 609      20726576 
 609      6973696F 
 609      6E203232 
 609      31323230 
 610 0203 67202D73 		.ascii	"g -std=gnu99 -ffunction-sections -ffat-lto-objects\000"
 610      74643D67 
 610      6E753939 
 610      202D6666 
 610      756E6374 
 611              	.LASF12:
 612 0236 75696E74 		.ascii	"uint32_t\000"
 612      33325F74 
 612      00
 613              	.LASF4:
 614 023f 6C6F6E67 		.ascii	"long int\000"
 614      20696E74 
 614      00
 615              	.LASF17:
 616 0248 6C6F6E67 		.ascii	"long double\000"
 616      20646F75 
 616      626C6500 
 617              	.LASF25:
 618 0254 5F5F7A65 		.ascii	"__zero_table_start__\000"
 618      726F5F74 
 618      61626C65 
 618      5F737461 
 618      72745F5F 
 619              	.LASF0:
 620 0269 7369676E 		.ascii	"signed char\000"
 620      65642063 
 620      68617200 
 621              	.LASF18:
 622 0275 70537263 		.ascii	"pSrc\000"
 622      00
 623              	.LASF22:
 624 027a 5F5F636F 		.ascii	"__copy_table_start__\000"
 624      70795F74 
 624      61626C65 
 624      5F737461 
 624      72745F5F 
 625              		.ident	"GCC: (GNU Tools for ARM Embedded Processors) 4.9.3 20150303 (release) [ARM/embedded-4_9-br
