Archive member included because of file (symbol)

.\CortexM3\ARM_GCC_493\Debug\SoundDetection.a(cyfitter_cfg.o)
                              .\CortexM3\ARM_GCC_493\Debug\Cm3Start.o (cyfitter_cfg)
.\CortexM3\ARM_GCC_493\Debug\SoundDetection.a(ADC_DelSig_1.o)
                              .\CortexM3\ARM_GCC_493\Debug\main.o (ADC_DelSig_1_Start)
.\CortexM3\ARM_GCC_493\Debug\SoundDetection.a(ADC_DelSig_1_INT.o)
                              .\CortexM3\ARM_GCC_493\Debug\SoundDetection.a(ADC_DelSig_1.o) (ADC_DelSig_1_ISR1)
.\CortexM3\ARM_GCC_493\Debug\SoundDetection.a(ADC_DelSig_1_AMux.o)
                              .\CortexM3\ARM_GCC_493\Debug\SoundDetection.a(ADC_DelSig_1.o) (ADC_DelSig_1_AMux_Select)
.\CortexM3\ARM_GCC_493\Debug\SoundDetection.a(ADC_DelSig_1_Ext_CP_Clk.o)
                              .\CortexM3\ARM_GCC_493\Debug\SoundDetection.a(ADC_DelSig_1.o) (ADC_DelSig_1_Ext_CP_Clk_SetModeRegister)
.\CortexM3\ARM_GCC_493\Debug\SoundDetection.a(ADC_DelSig_1_theACLK.o)
                              .\CortexM3\ARM_GCC_493\Debug\SoundDetection.a(ADC_DelSig_1.o) (ADC_DelSig_1_theACLK_SetModeRegister)
.\CortexM3\ARM_GCC_493\Debug\SoundDetection.a(CyBootAsmGnu.o)
                              .\CortexM3\ARM_GCC_493\Debug\SoundDetection.a(cyfitter_cfg.o) (CyDelayCycles)
.\CortexM3\ARM_GCC_493\Debug\SoundDetection.a(CyLib.o)
                              .\CortexM3\ARM_GCC_493\Debug\Cm3Start.o (CyHalt)
.\CortexM3\ARM_GCC_493\Debug\SoundDetection.a(cyPm.o)
                              .\CortexM3\ARM_GCC_493\Debug\SoundDetection.a(CyLib.o) (CyPmReadStatus)
.\CortexM3\ARM_GCC_493\Debug\SoundDetection.a(LCD_Char_1.o)
                              .\CortexM3\ARM_GCC_493\Debug\main.o (LCD_Char_1_PrintString)
.\CortexM3\ARM_GCC_493\Debug\SoundDetection.a(adc_threshold.o)
                              .\CortexM3\ARM_GCC_493\Debug\main.o (adc_threshold_Write)
.\CortexM3\ARM_GCC_493\Debug\SoundDetection.a(CyFlash.o)
                              .\CortexM3\ARM_GCC_493\Debug\SoundDetection.a(cyPm.o) (CyFlash_SetWaitCycles)
.\CortexM3\ARM_GCC_493\Debug\SoundDetection.a(CySpc.o)
                              .\CortexM3\ARM_GCC_493\Debug\SoundDetection.a(CyFlash.o) (CySpcStart)
c:/program files (x86)/cypress/psoc creator/3.3/psoc creator/import/gnu/arm/4.9.3/bin/../lib/gcc/arm-none-eabi/4.9.3/../../../../arm-none-eabi/lib/armv7-m\libm.a(lib_a-wf_sqrt.o)
                              .\CortexM3\ARM_GCC_493\Debug\arm_cmplx_mag_f32.o (sqrtf)
c:/program files (x86)/cypress/psoc creator/3.3/psoc creator/import/gnu/arm/4.9.3/bin/../lib/gcc/arm-none-eabi/4.9.3/../../../../arm-none-eabi/lib/armv7-m\libm.a(lib_a-ef_sqrt.o)
                              c:/program files (x86)/cypress/psoc creator/3.3/psoc creator/import/gnu/arm/4.9.3/bin/../lib/gcc/arm-none-eabi/4.9.3/../../../../arm-none-eabi/lib/armv7-m\libm.a(lib_a-wf_sqrt.o) (__ieee754_sqrtf)
c:/program files (x86)/cypress/psoc creator/3.3/psoc creator/import/gnu/arm/4.9.3/bin/../lib/gcc/arm-none-eabi/4.9.3/../../../../arm-none-eabi/lib/armv7-m\libm.a(lib_a-s_lib_ver.o)
                              c:/program files (x86)/cypress/psoc creator/3.3/psoc creator/import/gnu/arm/4.9.3/bin/../lib/gcc/arm-none-eabi/4.9.3/../../../../arm-none-eabi/lib/armv7-m\libm.a(lib_a-wf_sqrt.o) (__fdlib_version)
c:/program files (x86)/cypress/psoc creator/3.3/psoc creator/import/gnu/arm/4.9.3/bin/../lib/gcc/arm-none-eabi/4.9.3/../../../../arm-none-eabi/lib/armv7-m\libm.a(lib_a-s_matherr.o)
                              c:/program files (x86)/cypress/psoc creator/3.3/psoc creator/import/gnu/arm/4.9.3/bin/../lib/gcc/arm-none-eabi/4.9.3/../../../../arm-none-eabi/lib/armv7-m\libm.a(lib_a-wf_sqrt.o) (matherr)
c:/program files (x86)/cypress/psoc creator/3.3/psoc creator/import/gnu/arm/4.9.3/bin/../lib/gcc/arm-none-eabi/4.9.3/../../../../arm-none-eabi/lib/armv7-m\libm.a(lib_a-sf_fpclassify.o)
                              c:/program files (x86)/cypress/psoc creator/3.3/psoc creator/import/gnu/arm/4.9.3/bin/../lib/gcc/arm-none-eabi/4.9.3/../../../../arm-none-eabi/lib/armv7-m\libm.a(lib_a-wf_sqrt.o) (__fpclassifyf)
c:/program files (x86)/cypress/psoc creator/3.3/psoc creator/import/gnu/arm/4.9.3/bin/../lib/gcc/arm-none-eabi/4.9.3/armv7-m\libgcc.a(_arm_addsubdf3.o)
                              .\CortexM3\ARM_GCC_493\Debug\SoundDetection.a(ADC_DelSig_1.o) (__aeabi_f2d)
c:/program files (x86)/cypress/psoc creator/3.3/psoc creator/import/gnu/arm/4.9.3/bin/../lib/gcc/arm-none-eabi/4.9.3/armv7-m\libgcc.a(_arm_muldivdf3.o)
                              c:/program files (x86)/cypress/psoc creator/3.3/psoc creator/import/gnu/arm/4.9.3/bin/../lib/gcc/arm-none-eabi/4.9.3/../../../../arm-none-eabi/lib/armv7-m\libm.a(lib_a-wf_sqrt.o) (__aeabi_ddiv)
c:/program files (x86)/cypress/psoc creator/3.3/psoc creator/import/gnu/arm/4.9.3/bin/../lib/gcc/arm-none-eabi/4.9.3/armv7-m\libgcc.a(_arm_cmpdf2.o)
[...]
Memory Configuration

Name             Origin             Length             Attributes
rom              0x00000000         0x00040000         xr
ram              0x1fff8000         0x00010000         xrw
*default*        0x00000000         0xffffffff

Linker script and memory map

LOAD c:/program files (x86)/cypress/psoc creator/3.3/psoc creator/import/gnu/arm/4.9.3/bin/../lib/gcc/arm-none-eabi/4.9.3/armv7-m/crti.o
LOAD c:/program files (x86)/cypress/psoc creator/3.3/psoc creator/import/gnu/arm/4.9.3/bin/../lib/gcc/arm-none-eabi/4.9.3/armv7-m/crtbegin.o
LOAD c:/program files (x86)/cypress/psoc creator/3.3/psoc creator/import/gnu/arm/4.9.3/bin/../lib/gcc/arm-none-eabi/4.9.3/../../../../arm-none-eabi/lib/armv7-m/crt0.o
START GROUP
LOAD .\CortexM3\ARM_GCC_493\Debug\main.o
LOAD .\CortexM3\ARM_GCC_493\Debug\arm_const_structs.o
LOAD .\CortexM3\ARM_GCC_493\Debug\arm_bitreversal2.o
LOAD .\CortexM3\ARM_GCC_493\Debug\arm_common_tables.o
LOAD .\CortexM3\ARM_GCC_493\Debug\arm_cfft_f32.o
LOAD .\CortexM3\ARM_GCC_493\Debug\arm_cmplx_mag_f32.o
LOAD .\CortexM3\ARM_GCC_493\Debug\arm_max_f32.o
LOAD .\CortexM3\ARM_GCC_493\Debug\arm_cfft_init_f32.o
LOAD .\CortexM3\ARM_GCC_493\Debug\arm_cfft_radix8_f32.o
LOAD .\CortexM3\ARM_GCC_493\Debug\cymetadata.o
LOAD .\CortexM3\ARM_GCC_493\Debug\Cm3Start.o
LOAD .\CortexM3\ARM_GCC_493\Debug\SoundDetection.a
LOAD C:\Program Files (x86)\Cypress\PSoC Creator\3.3\PSoC Creator\psoc\content\cycomponentlibrary\CyComponentLibrary.cylib\CortexM3\ARM_GCC_493\Debug\CyComponentLibrary.a
LOAD c:/program files (x86)/cypress/psoc creator/3.3/psoc creator/import/gnu/arm/4.9.3/bin/../lib/gcc/arm-none-eabi/4.9.3/../../../../arm-none-eabi/lib/armv7-m\libm.a
END GROUP
START GROUP
LOAD c:/program files (x86)/cypress/psoc creator/3.3/psoc creator/import/gnu/arm/4.9.3/bin/../lib/gcc/arm-none-eabi/4.9.3/armv7-m\libgcc.a
LOAD c:/program files (x86)/cypress/psoc creator/3.3/psoc creator/import/gnu/arm/4.9.3/bin/../lib/gcc/arm-none-eabi/4.9.3/../../../../arm-none-eabi/lib/armv7-m\libg_nano.a
LOAD c:/program files (x86)/cypress/psoc creator/3.3/psoc creator/import/gnu/arm/4.9.3/bin/../lib/gcc/arm-none-eabi/4.9.3/../../../../arm-none-eabi/lib/armv7-m\libc_nano.a
END GROUP
START GROUP
LOAD c:/program files (x86)/cypress/psoc creator/3.3/psoc creator/import/gnu/arm/4.9.3/bin/../lib/gcc/arm-none-eabi/4.9.3/armv7-m\libgcc.a
LOAD c:/program files (x86)/cypress/psoc creator/3.3/psoc creator/import/gnu/arm/4.9.3/bin/../lib/gcc/arm-none-eabi/4.9.3/../../../../arm-none-eabi/lib/armv7-m\libc_nano.a
END GROUP
LOAD c:/program files (x86)/cypress/psoc creator/3.3/psoc creator/import/gnu/arm/4.9.3/bin/../lib/gcc/arm-none-eabi/4.9.3/armv7-m/crtend.o
LOAD c:/program files (x86)/cypress/psoc creator/3.3/psoc creator/import/gnu/arm/4.9.3/bin/../lib/gcc/arm-none-eabi/4.9.3/armv7-m/crtn.o
START GROUP
LOAD c:/program files (x86)/cypress/psoc creator/3.3/psoc creator/import/gnu/arm/4.9.3/bin/../lib/gcc/arm-none-eabi/4.9.3/armv7-m\libgcc.a
LOAD c:/program files (x86)/cypress/psoc creator/3.3/psoc creator/import/gnu/arm/4.9.3/bin/../lib/gcc/arm-none-eabi/4.9.3/../../../../arm-none-eabi/lib/armv7-m\libc.a
LOAD c:/program files (x86)/cypress/psoc creator/3.3/psoc creator/import/gnu/arm/4.9.3/bin/../lib/gcc/arm-none-eabi/4.9.3/../../../../arm-none-eabi/lib/armv7-m\libnosys.a
END GROUP
                0x00000000                CY_APPL_ORIGIN = 0x0
                0x00000100                CY_FLASH_ROW_SIZE = 0x100
                0x00000020                CY_ECC_ROW_SIZE = 0x20
                0x00000000                CY_EE_IN_BTLDR = 0x0
                0x00000000                CY_APPL_LOADABLE = 0x0
                0x00000800                CY_EE_SIZE = 0x800
                0x00000001                CY_APPL_NUM = 0x1
                0x00000001                CY_APPL_MAX = 0x1
                0x00000040                CY_METADATA_SIZE = 0x40
                0x00000000                CY_APPL_LOADABLE = 0x0
                0x00000000                CY_CHECKSUM_EXCLUDE_SIZE = ALIGN (0x0, CY_FLASH_ROW_SIZE)
                0x1fffb1f0                PROVIDE (__cy_heap_start, _end)
                0x00000001                PROVIDE (__cy_region_num, ((__cy_regions_end - __cy_regions) / 0x10))
                0x20008000                PROVIDE (__cy_stack, (ORIGIN (ram) + 0x10000))
                0x20007800                PROVIDE (__cy_heap_end, (__cy_stack - 0x800))

.cybootloader   0x00000000        0x0
 *(.cybootloader)
                0x00000000                appl1_start = CY_APPL_ORIGIN?CY_APPL_ORIGIN:ALIGN (CY_FLASH_ROW_SIZE)
                0x0001ff00                appl2_start = (appl1_start + ALIGN ((((0x40000 - appl1_start) - (0x2 * CY_FLASH_ROW_SIZE)) / 0x2), CY_FLASH_ROW_SIZE))
                0x00000000                appl_start = (CY_APPL_NUM == 0x1)?appl1_start:appl2_start
                0x00000000                ecc_offset = ((appl_start / CY_FLASH_ROW_SIZE) * CY_ECC_ROW_SIZE)
                0x00000000                ee_offset = (CY_APPL_LOADABLE && ! (CY_EE_IN_BTLDR))?((CY_EE_SIZE / CY_APPL_MAX) * (CY_APPL_NUM - 0x1)):0x0
                0x00000800                ee_size = (CY_APPL_LOADABLE && ! (CY_EE_IN_BTLDR))?(CY_EE_SIZE / CY_APPL_MAX):CY_EE_SIZE
                0x00000000                PROVIDE (CY_ECC_OFFSET, ecc_offset)

.text           0x00000000     0x3c80
 CREATE_OBJECT_SYMBOLS
                0x00000000                PROVIDE (__cy_interrupt_vector, RomVectors)
 *(.romvectors)
 .romvectors    0x00000000       0x10 .\CortexM3\ARM_GCC_493\Debug\Cm3Start.o
                0x00000000                RomVectors
                0x00000001                ASSERT ((. != __cy_interrupt_vector), No interrupt vector)
                0x00000001                ASSERT (CY_APPL_ORIGIN?(SIZEOF (.cybootloader) <= CY_APPL_ORIGIN):0x1, Wrong image location)
                0x00000010                PROVIDE (__cy_reset, Reset)
 *(.text.Reset)
 .text.Reset    0x00000010       0x18 .\CortexM3\ARM_GCC_493\Debug\Cm3Start.o
                0x00000010                Reset
                0x00000001                ASSERT ((. != __cy_reset), No reset code)
 *(.dma_init)
                0x00000001                ASSERT ((((appl_start + .) <= 0x10000) || 0x1), DMA Init must be within the first 64k of flash)
 *(.text .text.* .gnu.linkonce.t.*)
 .text          0x00000028       0x5c c:/program files (x86)/cypress/psoc creator/3.3/psoc creator/import/gnu/arm/4.9.3/bin/../lib/gcc/arm-none-eabi/4.9.3/armv7-m/crtbegin.o
 .text.detectNote
                0x00000084       0xdc .\CortexM3\ARM_GCC_493\Debug\main.o
                0x00000084                detectNote
 .text.main     0x00000160       0x1c .\CortexM3\ARM_GCC_493\Debug\main.o
                0x00000160                main
 .text.arm_bitreversal_32
                0x0000017c       0x44 .\CortexM3\ARM_GCC_493\Debug\arm_bitreversal2.o
                0x0000017c                arm_bitreversal_32
 .text.arm_cfft_radix8by2_f32
                0x000001c0      0x294 .\CortexM3\ARM_GCC_493\Debug\arm_cfft_f32.o
                0x000001c0                arm_cfft_radix8by2_f32
 .text.arm_cfft_radix8by4_f32
                0x00000454      0x73c .\CortexM3\ARM_GCC_493\Debug\arm_cfft_f32.o
                0x00000454                arm_cfft_radix8by4_f32
 .text.arm_cfft_f32
                0x00000b90       0xd8 .\CortexM3\ARM_GCC_493\Debug\arm_cfft_f32.o
                0x00000b90                arm_cfft_f32
 .text.arm_cmplx_mag_f32
                0x00000c68       0x54 .\CortexM3\ARM_GCC_493\Debug\arm_cmplx_mag_f32.o
                0x00000c68                arm_cmplx_mag_f32
 .text.arm_max_f32
                0x00000cbc       0x40 .\CortexM3\ARM_GCC_493\Debug\arm_max_f32.o
                0x00000cbc                arm_max_f32
 .text.arm_cfft_init_f32
                0x00000cfc      0x10c .\CortexM3\ARM_GCC_493\Debug\arm_cfft_init_f32.o
                0x00000cfc                arm_cfft_init_f32
 .text.arm_radix8_butterfly_f32
                0x00000e08      0x910 .\CortexM3\ARM_GCC_493\Debug\arm_cfft_radix8_f32.o
                0x00000e08                arm_radix8_butterfly_f32
 .text.IntDefaultHandler
                0x00001718        0x4 .\CortexM3\ARM_GCC_493\Debug\Cm3Start.o
                0x00001718                IntDefaultHandler
 .text._sbrk    0x0000171c       0x30 .\CortexM3\ARM_GCC_493\Debug\Cm3Start.o
                0x0000171c                _sbrk
 .text.Start_c  0x0000174c       0x4c .\CortexM3\ARM_GCC_493\Debug\Cm3Start.o
                0x0000174c                Start_c
 .text.initialize_psoc
                0x00001798       0x74 .\CortexM3\ARM_GCC_493\Debug\Cm3Start.o
                0x00001798                initialize_psoc
 .text.CyClockStartupError
                0x0000180c        0x4 .\CortexM3\ARM_GCC_493\Debug\SoundDetection.a(cyfitter_cfg.o)
 .text.cfg_write_bytes32
                0x00001810       0x34 .\CortexM3\ARM_GCC_493\Debug\SoundDetection.a(cyfitter_cfg.o)
 .text.AnalogSetDefault
                0x00001844       0x38 .\CortexM3\ARM_GCC_493\Debug\SoundDetection.a(cyfitter_cfg.o)
 .text.CYMEMZERO
                0x0000187c        0xc .\CortexM3\ARM_GCC_493\Debug\SoundDetection.a(cyfitter_cfg.o)
 .text.CYCONFIGCPY
                0x00001888        0x8 .\CortexM3\ARM_GCC_493\Debug\SoundDetection.a(cyfitter_cfg.o)
 .text.ClockSetup
                0x00001890       0xe4 .\CortexM3\ARM_GCC_493\Debug\SoundDetection.a(cyfitter_cfg.o)
 .text.ADC_DelSig_1_AMux_Set
                0x00001974       0x1c .\CortexM3\ARM_GCC_493\Debug\SoundDetection.a(cyfitter_cfg.o)
                0x00001974                ADC_DelSig_1_AMux_Set
 .text.ADC_DelSig_1_AMux_Unset
                0x00001990       0x1c .\CortexM3\ARM_GCC_493\Debug\SoundDetection.a(cyfitter_cfg.o)
                0x00001990                ADC_DelSig_1_AMux_Unset
 .text.cyfitter_cfg
                0x000019ac       0xe0 .\CortexM3\ARM_GCC_493\Debug\SoundDetection.a(cyfitter_cfg.o)
                0x000019ac                cyfitter_cfg
 .text.ADC_DelSig_1_GainCompensation
                0x00001a8c       0xcc .\CortexM3\ARM_GCC_493\Debug\SoundDetection.a(ADC_DelSig_1.o)
 .text.ADC_DelSig_1_SetDSMRef0Reg
                0x00001b58       0x4c .\CortexM3\ARM_GCC_493\Debug\SoundDetection.a(ADC_DelSig_1.o)
 .text.ADC_DelSig_1_InitConfig
                0x00001ba4       0xe0 .\CortexM3\ARM_GCC_493\Debug\SoundDetection.a(ADC_DelSig_1.o)
 .text.ADC_DelSig_1_Init
                0x00001c84       0xc4 .\CortexM3\ARM_GCC_493\Debug\SoundDetection.a(ADC_DelSig_1.o)
                0x00001c84                ADC_DelSig_1_Init
 .text.ADC_DelSig_1_Enable
                0x00001d48       0xd8 .\CortexM3\ARM_GCC_493\Debug\SoundDetection.a(ADC_DelSig_1.o)
                0x00001d48                ADC_DelSig_1_Enable
 .text.ADC_DelSig_1_Start
                0x00001e20       0x28 .\CortexM3\ARM_GCC_493\Debug\SoundDetection.a(ADC_DelSig_1.o)
                0x00001e20                ADC_DelSig_1_Start
 .text.ADC_DelSig_1_StartConvert
                0x00001e48       0x10 .\CortexM3\ARM_GCC_493\Debug\SoundDetection.a(ADC_DelSig_1.o)
                0x00001e48                ADC_DelSig_1_StartConvert
 .text.ADC_DelSig_1_IsEndConversion
                0x00001e58       0x30 .\CortexM3\ARM_GCC_493\Debug\SoundDetection.a(ADC_DelSig_1.o)
                0x00001e58                ADC_DelSig_1_IsEndConversion
 .text.ADC_DelSig_1_GetResult32
                0x00001e88       0x6c .\CortexM3\ARM_GCC_493\Debug\SoundDetection.a(ADC_DelSig_1.o)
                0x00001e88                ADC_DelSig_1_GetResult32
 .text.ADC_DelSig_1_ISR1
                0x00001ef4        0x4 .\CortexM3\ARM_GCC_493\Debug\SoundDetection.a(ADC_DelSig_1_INT.o)
                0x00001ef4                ADC_DelSig_1_ISR1
 .text.ADC_DelSig_1_AMux_Start
                0x00001ef8       0x20 .\CortexM3\ARM_GCC_493\Debug\SoundDetection.a(ADC_DelSig_1_AMux.o)
                0x00001ef8                ADC_DelSig_1_AMux_Start
 .text.ADC_DelSig_1_AMux_Select
                0x00001f18       0x18 .\CortexM3\ARM_GCC_493\Debug\SoundDetection.a(ADC_DelSig_1_AMux.o)
                0x00001f18                ADC_DelSig_1_AMux_Select
 .text.ADC_DelSig_1_Ext_CP_Clk_GetDividerRegister
                0x00001f30        0xc .\CortexM3\ARM_GCC_493\Debug\SoundDetection.a(ADC_DelSig_1_Ext_CP_Clk.o)
                0x00001f30                ADC_DelSig_1_Ext_CP_Clk_GetDividerRegister
 .text.ADC_DelSig_1_Ext_CP_Clk_SetModeRegister
                0x00001f3c       0x14 .\CortexM3\ARM_GCC_493\Debug\SoundDetection.a(ADC_DelSig_1_Ext_CP_Clk.o)
                0x00001f3c                ADC_DelSig_1_Ext_CP_Clk_SetModeRegister
 .text.ADC_DelSig_1_Ext_CP_Clk_GetSourceRegister
                0x00001f50       0x10 .\CortexM3\ARM_GCC_493\Debug\SoundDetection.a(ADC_DelSig_1_Ext_CP_Clk.o)
                0x00001f50                ADC_DelSig_1_Ext_CP_Clk_GetSourceRegister
 .text.ADC_DelSig_1_Ext_CP_Clk_SetDividerRegister
                0x00001f60       0xd8 .\CortexM3\ARM_GCC_493\Debug\SoundDetection.a(ADC_DelSig_1_Ext_CP_Clk.o)
                0x00001f60                ADC_DelSig_1_Ext_CP_Clk_SetDividerRegister
 .text.ADC_DelSig_1_theACLK_GetDividerRegister
                0x00002038        0xc .\CortexM3\ARM_GCC_493\Debug\SoundDetection.a(ADC_DelSig_1_theACLK.o)
                0x00002038                ADC_DelSig_1_theACLK_GetDividerRegister
 .text.ADC_DelSig_1_theACLK_SetModeRegister
                0x00002044       0x14 .\CortexM3\ARM_GCC_493\Debug\SoundDetection.a(ADC_DelSig_1_theACLK.o)
                0x00002044                ADC_DelSig_1_theACLK_SetModeRegister
 .text.ADC_DelSig_1_theACLK_GetSourceRegister
                0x00002058       0x10 .\CortexM3\ARM_GCC_493\Debug\SoundDetection.a(ADC_DelSig_1_theACLK.o)
                0x00002058                ADC_DelSig_1_theACLK_GetSourceRegister
 .text.ADC_DelSig_1_theACLK_SetDividerRegister
                0x00002068       0xd8 .\CortexM3\ARM_GCC_493\Debug\SoundDetection.a(ADC_DelSig_1_theACLK.o)
                0x00002068                ADC_DelSig_1_theACLK_SetDividerRegister
 .text          0x00002140       0x20 .\CortexM3\ARM_GCC_493\Debug\SoundDetection.a(CyBootAsmGnu.o)
                0x00002140                CyDelayCycles
                0x00002150                CyEnterCriticalSection
                0x00002158                CyExitCriticalSection
 .text.CyHalt   0x00002160        0x4 .\CortexM3\ARM_GCC_493\Debug\SoundDetection.a(CyLib.o)
                0x00002160                CyHalt
 .text.CyDelay  0x00002164       0x2c .\CortexM3\ARM_GCC_493\Debug\SoundDetection.a(CyLib.o)
                0x00002164                CyDelay
 .text.CyDelayUs
                0x00002190       0x14 .\CortexM3\ARM_GCC_493\Debug\SoundDetection.a(CyLib.o)
                0x00002190                CyDelayUs
 .text.CyIntSetVector
                0x000021a4       0x28 .\CortexM3\ARM_GCC_493\Debug\SoundDetection.a(CyLib.o)
                0x000021a4                CyIntSetVector
 .text.CyIntSetPriority
                0x000021cc       0x30 .\CortexM3\ARM_GCC_493\Debug\SoundDetection.a(CyLib.o)
                0x000021cc                CyIntSetPriority
 .text.LCD_Char_1_WrCntrlNib
                0x000021fc       0x34 .\CortexM3\ARM_GCC_493\Debug\SoundDetection.a(LCD_Char_1.o)
 .text.LCD_Char_1_WrDatNib
                0x00002230       0x44 .\CortexM3\ARM_GCC_493\Debug\SoundDetection.a(LCD_Char_1.o)
 .text.LCD_Char_1_IsReady
                0x00002274       0xe4 .\CortexM3\ARM_GCC_493\Debug\SoundDetection.a(LCD_Char_1.o)
                0x00002274                LCD_Char_1_IsReady
 .text.LCD_Char_1_WriteData
                0x00002358       0x18 .\CortexM3\ARM_GCC_493\Debug\SoundDetection.a(LCD_Char_1.o)
                0x00002358                LCD_Char_1_WriteData
 .text.LCD_Char_1_PrintString
                0x00002370       0x1c .\CortexM3\ARM_GCC_493\Debug\SoundDetection.a(LCD_Char_1.o)
                0x00002370                LCD_Char_1_PrintString
 .text.LCD_Char_1_WriteControl
                0x0000238c       0x18 .\CortexM3\ARM_GCC_493\Debug\SoundDetection.a(LCD_Char_1.o)
                0x0000238c                LCD_Char_1_WriteControl
 .text.LCD_Char_1_Init
                0x000023a4       0x6c .\CortexM3\ARM_GCC_493\Debug\SoundDetection.a(LCD_Char_1.o)
                0x000023a4                LCD_Char_1_Init
 .text.LCD_Char_1_Enable
                0x00002410       0x14 .\CortexM3\ARM_GCC_493\Debug\SoundDetection.a(LCD_Char_1.o)
                0x00002410                LCD_Char_1_Enable
 .text.LCD_Char_1_Start
                0x00002424       0x1c .\CortexM3\ARM_GCC_493\Debug\SoundDetection.a(LCD_Char_1.o)
                0x00002424                LCD_Char_1_Start
 .text.LCD_Char_1_Position
                0x00002440       0x3c .\CortexM3\ARM_GCC_493\Debug\SoundDetection.a(LCD_Char_1.o)
                0x00002440                LCD_Char_1_Position
 .text.adc_threshold_Write
                0x0000247c       0x18 .\CortexM3\ARM_GCC_493\Debug\SoundDetection.a(adc_threshold.o)
                0x0000247c                adc_threshold_Write
 .text.sqrtf    0x00002494       0x9c c:/program files (x86)/cypress/psoc creator/3.3/psoc creator/import/gnu/arm/4.9.3/bin/../lib/gcc/arm-none-eabi/4.9.3/../../../../arm-none-eabi/lib/armv7-m\libm.a(lib_a-wf_sqrt.o)
                0x00002494                sqrtf
 .text.__ieee754_sqrtf
                0x00002530       0xa8 c:/program files (x86)/cypress/psoc creator/3.3/psoc creator/import/gnu/arm/4.9.3/bin/../lib/gcc/arm-none-eabi/4.9.3/../../../../arm-none-eabi/lib/armv7-m\libm.a(lib_a-ef_sqrt.o)
                0x00002530                __ieee754_sqrtf
 .text.matherr  0x000025d8        0x4 c:/program files (x86)/cypress/psoc creator/3.3/psoc creator/import/gnu/arm/4.9.3/bin/../lib/gcc/arm-none-eabi/4.9.3/../../../../arm-none-eabi/lib/armv7-m\libm.a(lib_a-s_matherr.o)
                0x000025d8                matherr
 .text.__fpclassifyf
                0x000025dc       0x34 c:/program files (x86)/cypress/psoc creator/3.3/psoc creator/import/gnu/arm/4.9.3/bin/../lib/gcc/arm-none-eabi/4.9.3/../../../../arm-none-eabi/lib/armv7-m\libm.a(lib_a-sf_fpclassify.o)
                0x000025dc                __fpclassifyf
 .text          0x00002610      0x370 c:/program files (x86)/cypress/psoc creator/3.3/psoc creator/import/gnu/arm/4.9.3/bin/../lib/gcc/arm-none-eabi/4.9.3/armv7-m\libgcc.a(_arm_addsubdf3.o)
                0x00002610                __aeabi_drsub
                0x00002618                __aeabi_dsub
                0x00002618                __subdf3
                0x0000261c                __aeabi_dadd
                0x0000261c                __adddf3
                0x00002894                __floatunsidf
                0x00002894                __aeabi_ui2d
                0x000028b4                __floatsidf
                0x000028b4                __aeabi_i2d
                0x000028d8                __aeabi_f2d
                0x000028d8                __extendsfdf2
                0x00002914                __floatundidf
                0x00002914                __aeabi_ul2d
                0x00002924                __floatdidf
                0x00002924                __aeabi_l2d
 .text          0x00002980      0x424 c:/program files (x86)/cypress/psoc creator/3.3/psoc creator/import/gnu/arm/4.9.3/bin/../lib/gcc/arm-none-eabi/4.9.3/armv7-m\libgcc.a(_arm_muldivdf3.o)
                0x00002980                __aeabi_dmul
                0x00002980                __muldf3
                0x00002bd4                __divdf3
                0x00002bd4                __aeabi_ddiv
 .text          0x00002da4       0xa0 c:/program files (x86)/cypress/psoc creator/3.3/psoc creator/import/gnu/arm/4.9.3/bin/../lib/gcc/arm-none-eabi/4.9.3/armv7-m\libgcc.a(_arm_truncdfsf2.o)
                0x00002da4                __truncdfsf2
                0x00002da4                __aeabi_d2f
 .text          0x00002e44      0x21c c:/program files (x86)/cypress/psoc creator/3.3/psoc creator/import/gnu/arm/4.9.3/bin/../lib/gcc/arm-none-eabi/4.9.3/armv7-m\libgcc.a(_arm_addsubsf3.o)
                0x00002e44                __aeabi_frsub
                0x00002e4c                __subsf3
                0x00002e4c                __aeabi_fsub
                0x00002e50                __aeabi_fadd
                0x00002e50                __addsf3
                0x00002fb0                __aeabi_ui2f
                0x00002fb0                __floatunsisf
                0x00002fb8                __aeabi_i2f
                0x00002fb8                __floatsisf
                0x00002fd4                __aeabi_ul2f
                0x00002fd4                __floatundisf
                0x00002fe4                __aeabi_l2f
                0x00002fe4                __floatdisf
 .text          0x00003060      0x2a0 c:/program files (x86)/cypress/psoc creator/3.3/psoc creator/import/gnu/arm/4.9.3/bin/../lib/gcc/arm-none-eabi/4.9.3/armv7-m\libgcc.a(_arm_muldivsf3.o)
                0x00003060                __mulsf3
                0x00003060                __aeabi_fmul
                0x000031c8                __aeabi_fdiv
                0x000031c8                __divsf3
 .text          0x00003300       0xec c:/program files (x86)/cypress/psoc creator/3.3/psoc creator/import/gnu/arm/4.9.3/bin/../lib/gcc/arm-none-eabi/4.9.3/armv7-m\libgcc.a(_arm_cmpsf2.o)
                0x00003300                __gesf2
                0x00003300                __gtsf2
                0x00003308                __lesf2
                0x00003308                __ltsf2
                0x00003310                __nesf2
                0x00003310                __eqsf2
                0x00003310                __cmpsf2
                0x00003370                __aeabi_cfrcmple
                0x00003378                __aeabi_cfcmpeq
                0x00003378                __aeabi_cfcmple
                0x00003388                __aeabi_fcmpeq
                0x0000339c                __aeabi_fcmplt
                0x000033b0                __aeabi_fcmple
                0x000033c4                __aeabi_fcmpge
                0x000033d8                __aeabi_fcmpgt
 .text.__errno  0x000033ec        0xc c:/program files (x86)/cypress/psoc creator/3.3/psoc creator/import/gnu/arm/4.9.3/bin/../lib/gcc/arm-none-eabi/4.9.3/../../../../arm-none-eabi/lib/armv7-m\libg_nano.a(lib_a-errno.o)
                0x000033ec                __errno
 .text.__libc_init_array
                0x000033f8       0x4c c:/program files (x86)/cypress/psoc creator/3.3/psoc creator/import/gnu/arm/4.9.3/bin/../lib/gcc/arm-none-eabi/4.9.3/../../../../arm-none-eabi/lib/armv7-m\libg_nano.a(lib_a-init.o)
                0x000033f8                __libc_init_array
 .text.memcpy   0x00003444       0x16 c:/program files (x86)/cypress/psoc creator/3.3/psoc creator/import/gnu/arm/4.9.3/bin/../lib/gcc/arm-none-eabi/4.9.3/../../../../arm-none-eabi/lib/armv7-m\libg_nano.a(lib_a-memcpy.o)
                0x00003444                memcpy
 .text.memset   0x0000345a       0x10 c:/program files (x86)/cypress/psoc creator/3.3/psoc creator/import/gnu/arm/4.9.3/bin/../lib/gcc/arm-none-eabi/4.9.3/../../../../arm-none-eabi/lib/armv7-m\libg_nano.a(lib_a-memset.o)
                0x0000345a                memset
 *fill*         0x0000346a        0x2 
 .text.sprintf  0x0000346c       0x48 c:/program files (x86)/cypress/psoc creator/3.3/psoc creator/import/gnu/arm/4.9.3/bin/../lib/gcc/arm-none-eabi/4.9.3/../../../../arm-none-eabi/lib/armv7-m\libg_nano.a(lib_a-sprintf.o)
                0x0000346c                siprintf
                0x0000346c                sprintf
 .text.__ssputs_r
                0x000034b4       0xb2 c:/program files (x86)/cypress/psoc creator/3.3/psoc creator/import/gnu/arm/4.9.3/bin/../lib/gcc/arm-none-eabi/4.9.3/../../../../arm-none-eabi/lib/armv7-m\libg_nano.a(lib_a-nano-svfprintf.o)
                0x000034b4                __ssputs_r
 *fill*         0x00003566        0x2 
 .text._svfprintf_r
                0x00003568      0x1e4 c:/program files (x86)/cypress/psoc creator/3.3/psoc creator/import/gnu/arm/4.9.3/bin/../lib/gcc/arm-none-eabi/4.9.3/../../../../arm-none-eabi/lib/armv7-m\libg_nano.a(lib_a-nano-svfprintf.o)
                0x00003568                _svfiprintf_r
                0x00003568                _svfprintf_r
 .text._printf_common
                0x0000374c       0xea c:/program files (x86)/cypress/psoc creator/3.3/psoc creator/import/gnu/arm/4.9.3/bin/../lib/gcc/arm-none-eabi/4.9.3/../../../../arm-none-eabi/lib/armv7-m\libg_nano.a(lib_a-nano-vfprintf_i.o)
                0x0000374c                _printf_common
 *fill*         0x00003836        0x2 
 .text._printf_i
                0x00003838      0x240 c:/program files (x86)/cypress/psoc creator/3.3/psoc creator/import/gnu/arm/4.9.3/bin/../lib/gcc/arm-none-eabi/4.9.3/../../../../arm-none-eabi/lib/armv7-m\libg_nano.a(lib_a-nano-vfprintf_i.o)
                0x00003838                _printf_i
 .text.memchr   0x00003a78       0x1c c:/program files (x86)/cypress/psoc creator/3.3/psoc creator/import/gnu/arm/4.9.3/bin/../lib/gcc/arm-none-eabi/4.9.3/../../../../arm-none-eabi/lib/armv7-m\libg_nano.a(lib_a-memchr.o)
                0x00003a78                memchr
 .text.memmove  0x00003a94       0x36 c:/program files (x86)/cypress/psoc creator/3.3/psoc creator/import/gnu/arm/4.9.3/bin/../lib/gcc/arm-none-eabi/4.9.3/../../../../arm-none-eabi/lib/armv7-m\libg_nano.a(lib_a-memmove.o)
                0x00003a94                memmove
 *fill*         0x00003aca        0x2 
 .text._free_r  0x00003acc       0x88 c:/program files (x86)/cypress/psoc creator/3.3/psoc creator/import/gnu/arm/4.9.3/bin/../lib/gcc/arm-none-eabi/4.9.3/../../../../arm-none-eabi/lib/armv7-m\libg_nano.a(lib_a-nano-freer.o)
                0x00003acc                _free_r
 .text._malloc_r
                0x00003b54       0xac c:/program files (x86)/cypress/psoc creator/3.3/psoc creator/import/gnu/arm/4.9.3/bin/../lib/gcc/arm-none-eabi/4.9.3/../../../../arm-none-eabi/lib/armv7-m\libg_nano.a(lib_a-nano-mallocr.o)
                0x00003b54                _malloc_r
 .text._realloc_r
                0x00003c00       0x4c c:/program files (x86)/cypress/psoc creator/3.3/psoc creator/import/gnu/arm/4.9.3/bin/../lib/gcc/arm-none-eabi/4.9.3/../../../../arm-none-eabi/lib/armv7-m\libg_nano.a(lib_a-nano-reallocr.o)
                0x00003c00                _realloc_r
 .text._sbrk_r  0x00003c4c       0x20 c:/program files (x86)/cypress/psoc creator/3.3/psoc creator/import/gnu/arm/4.9.3/bin/../lib/gcc/arm-none-eabi/4.9.3/../../../../arm-none-eabi/lib/armv7-m\libg_nano.a(lib_a-sbrkr.o)
                0x00003c4c                _sbrk_r
 .text._malloc_usable_size_r
                0x00003c6c       0x14 c:/program files (x86)/cypress/psoc creator/3.3/psoc creator/import/gnu/arm/4.9.3/bin/../lib/gcc/arm-none-eabi/4.9.3/../../../../arm-none-eabi/lib/armv7-m\libg_nano.a(lib_a-nano-msizer.o)
                0x00003c6c                _malloc_usable_size_r
 *(.plt)
 *(.gnu.warning)
 *(.glue_7t)
 .glue_7t       0x00000000        0x0 linker stubs
 *(.glue_7)
 .glue_7        0x00000000        0x0 linker stubs
 *(.vfp11_veneer)
 .vfp11_veneer  0x00000000        0x0 linker stubs
 *(.bootloader)
 *(.ARM.extab* .gnu.linkonce.armextab.*)
 *(.gcc_except_table)

.v4_bx          0x00003c80        0x0
 .v4_bx         0x00000000        0x0 linker stubs

.iplt           0x00003c80        0x0
 .iplt          0x00000000        0x0 c:/program files (x86)/cypress/psoc creator/3.3/psoc creator/import/gnu/arm/4.9.3/bin/../lib/gcc/arm-none-eabi/4.9.3/armv7-m/crtbegin.o

.eh_frame_hdr
 *(.eh_frame_hdr)

.eh_frame       0x00003c80        0x4
 *(.eh_frame)
 .eh_frame      0x00003c80        0x0 c:/program files (x86)/cypress/psoc creator/3.3/psoc creator/import/gnu/arm/4.9.3/bin/../lib/gcc/arm-none-eabi/4.9.3/armv7-m/crtbegin.o
 .eh_frame      0x00003c80        0x4 c:/program files (x86)/cypress/psoc creator/3.3/psoc creator/import/gnu/arm/4.9.3/bin/../lib/gcc/arm-none-eabi/4.9.3/armv7-m/crtend.o
                0x00003c84                PROVIDE (__exidx_start, .)

.ARM.exidx
 *(.ARM.exidx* .gnu.linkonce.armexidx.*)
                0x00003c84                __exidx_end = .

.rodata         0x00003c84    0x155ac
 *(.rodata .rodata.* .gnu.linkonce.r.*)
 .rodata.str1.4
                0x00003c84        0x7 .\CortexM3\ARM_GCC_493\Debug\main.o
                                  0x8 (size before relaxing)
 *fill*         0x00003c8b        0x1 
 .rodata        0x00003c8c       0x90 .\CortexM3\ARM_GCC_493\Debug\arm_const_structs.o
                0x00003c8c                arm_cfft_sR_f32_len4096
                0x00003c9c                arm_cfft_sR_f32_len2048
                0x00003cac                arm_cfft_sR_f32_len1024
                0x00003cbc                arm_cfft_sR_f32_len512
                0x00003ccc                arm_cfft_sR_f32_len256
                0x00003cdc                arm_cfft_sR_f32_len128
                0x00003cec                arm_cfft_sR_f32_len64
                0x00003cfc                arm_cfft_sR_f32_len32
                0x00003d0c                arm_cfft_sR_f32_len16
 .rodata        0x00003d1c    0x15458 .\CortexM3\ARM_GCC_493\Debug\arm_common_tables.o
                0x00003d1c                armBitRevIndexTable4096
                0x00005c9c                armBitRevIndexTable2048
                0x00007a5c                armBitRevIndexTable1024
                0x0000886c                armBitRevIndexTable512
                0x00008bec                armBitRevIndexTable256
                0x00008f5c                armBitRevIndexTable128
                0x000090fc                armBitRevIndexTable64
                0x0000916c                armBitRevIndexTable32
                0x000091cc                armBitRevIndexTable16
                0x000091f4                twiddleCoef_4096
                0x000111f4                twiddleCoef_2048
                0x000151f4                twiddleCoef_1024
                0x000171f4                twiddleCoef_512
                0x000181f4                twiddleCoef_256
                0x000189f4                twiddleCoef_128
                0x00018df4                twiddleCoef_64
                0x00018ff4                twiddleCoef_32
                0x000190f4                twiddleCoef_16
 .rodata        0x00019174       0x44 .\CortexM3\ARM_GCC_493\Debug\SoundDetection.a(cyfitter_cfg.o)
                0x00019174                ADC_DelSig_1_AMux__addrTable
                0x0001917c                ADC_DelSig_1_AMux__maskTable
 .rodata.str1.4
                0x000191b8        0x8 c:/program files (x86)/cypress/psoc creator/3.3/psoc creator/import/gnu/arm/4.9.3/bin/../lib/gcc/arm-none-eabi/4.9.3/../../../../arm-none-eabi/lib/armv7-m\libm.a(lib_a-wf_sqrt.o)
 .rodata.str1.1
                0x000191c0        0x2 c:/program files (x86)/cypress/psoc creator/3.3/psoc creator/import/gnu/arm/4.9.3/bin/../lib/gcc/arm-none-eabi/4.9.3/../../../../arm-none-eabi/lib/armv7-m\libg_nano.a(lib_a-impure.o)
 .rodata.str1.1
                0x000191c2       0x11 c:/program files (x86)/cypress/psoc creator/3.3/psoc creator/import/gnu/arm/4.9.3/bin/../lib/gcc/arm-none-eabi/4.9.3/../../../../arm-none-eabi/lib/armv7-m\libg_nano.a(lib_a-nano-svfprintf.o)
 .rodata.str1.1
                0x000191d3       0x22 c:/program files (x86)/cypress/psoc creator/3.3/psoc creator/import/gnu/arm/4.9.3/bin/../lib/gcc/arm-none-eabi/4.9.3/../../../../arm-none-eabi/lib/armv7-m\libg_nano.a(lib_a-nano-vfprintf_i.o)
                0x000191f8                . = ALIGN (0x4)
 *fill*         0x000191f5        0x3 
 *(.init)
 .init          0x000191f8        0x4 c:/program files (x86)/cypress/psoc creator/3.3/psoc creator/import/gnu/arm/4.9.3/bin/../lib/gcc/arm-none-eabi/4.9.3/armv7-m/crti.o
                0x000191f8                _init
 .init          0x000191fc        0x8 c:/program files (x86)/cypress/psoc creator/3.3/psoc creator/import/gnu/arm/4.9.3/bin/../lib/gcc/arm-none-eabi/4.9.3/armv7-m/crtn.o
                0x00019204                . = ALIGN (0x4)
                0x00019204                __preinit_array_start = .
 *(.preinit_array)
                0x00019204                __preinit_array_end = .
                0x00019204                . = ALIGN (0x4)
                0x00019204                __init_array_start = .
 *(SORT(.init_array.*))
 *(.init_array)
 .init_array    0x00019204        0x4 c:/program files (x86)/cypress/psoc creator/3.3/psoc creator/import/gnu/arm/4.9.3/bin/../lib/gcc/arm-none-eabi/4.9.3/armv7-m/crtbegin.o
 .init_array    0x00019208        0x4 .\CortexM3\ARM_GCC_493\Debug\Cm3Start.o
                0x0001920c                __init_array_end = .
                0x0001920c                . = ALIGN (0x4)
 *(.fini)
 .fini          0x0001920c        0x4 c:/program files (x86)/cypress/psoc creator/3.3/psoc creator/import/gnu/arm/4.9.3/bin/../lib/gcc/arm-none-eabi/4.9.3/armv7-m/crti.o
                0x0001920c                _fini
 .fini          0x00019210        0x8 c:/program files (x86)/cypress/psoc creator/3.3/psoc creator/import/gnu/arm/4.9.3/bin/../lib/gcc/arm-none-eabi/4.9.3/armv7-m/crtn.o
                0x00019218                . = ALIGN (0x4)
                0x00019218                __fini_array_start = .
 *(.fini_array)
 .fini_array    0x00019218        0x4 c:/program files (x86)/cypress/psoc creator/3.3/psoc creator/import/gnu/arm/4.9.3/bin/../lib/gcc/arm-none-eabi/4.9.3/armv7-m/crtbegin.o
 *(SORT(.fini_array.*))
                0x0001921c                __fini_array_end = .
                0x0001921c                . = ALIGN (0x4)
 *crtbegin.o(.ctors)
 *(EXCLUDE_FILE(*crtend.o) .ctors)
 *(SORT(.ctors.*))
 *crtend.o(.ctors)
                0x0001921c                . = ALIGN (0x4)
 *crtbegin.o(.dtors)
 *(EXCLUDE_FILE(*crtend.o) .dtors)
 *(SORT(.dtors.*))
 *crtend.o(.dtors)
                0x0001921c                . = ALIGN (0x4)
                0x0001921c                __cy_regions = .
                0x0001921c        0x4 LONG 0x19230 __cy_region_init_ram
                0x00019220        0x4 LONG 0x1fff8108 __cy_region_start_data
                0x00019224        0x4 LONG 0x90 __cy_region_init_size_ram
                0x00019228        0x4 LONG 0x3058 __cy_region_zero_size_ram
                0x0001922c                __cy_regions_end = .
                0x00019230                . = ALIGN (0x8)
 *fill*         0x0001922c        0x4 
                0x00019230                _etext = .

.cy_checksum_exclude
                0x00019230        0x0
 *(.cy_checksum_exclude)

.ramvectors     0x1fff8000      0x100
                0x1fff8000                __cy_region_start_ram = .
 *(.ramvectors)
 .ramvectors    0x1fff8000      0x100 .\CortexM3\ARM_GCC_493\Debug\Cm3Start.o
                0x1fff8000                CyRamVectors

.noinit         0x1fff8100        0x5
 *(.noinit)
 .noinit        0x1fff8100        0x4 .\CortexM3\ARM_GCC_493\Debug\Cm3Start.o
 .noinit        0x1fff8104        0x1 .\CortexM3\ARM_GCC_493\Debug\SoundDetection.a(CyLib.o)
                0x1fff8104                CyResetStatus

.data           0x1fff8108       0x90 load address 0x00019230
                0x1fff8108                __cy_region_start_data = .
 *(.jcr)
 .jcr           0x1fff8108        0x0 c:/program files (x86)/cypress/psoc creator/3.3/psoc creator/import/gnu/arm/4.9.3/bin/../lib/gcc/arm-none-eabi/4.9.3/armv7-m/crtbegin.o
 .jcr           0x1fff8108        0x4 c:/program files (x86)/cypress/psoc creator/3.3/psoc creator/import/gnu/arm/4.9.3/bin/../lib/gcc/arm-none-eabi/4.9.3/armv7-m/crtend.o
 *(.got.plt)
 *(.got)
 *(.shdata)
 *(.data .data.* .gnu.linkonce.d.*)
 .data          0x1fff810c        0x8 .\CortexM3\ARM_GCC_493\Debug\main.o
                0x1fff810c                fftSize
                0x1fff8110                doBitReverse
 .data          0x1fff8114        0x4 .\CortexM3\ARM_GCC_493\Debug\Cm3Start.o
 .data          0x1fff8118        0x1 .\CortexM3\ARM_GCC_493\Debug\SoundDetection.a(ADC_DelSig_1.o)
                0x1fff8118                ADC_DelSig_1_Config
 .data          0x1fff8119        0x1 .\CortexM3\ARM_GCC_493\Debug\SoundDetection.a(ADC_DelSig_1_AMux.o)
 *fill*         0x1fff811a        0x2 
 .data          0x1fff811c       0x10 .\CortexM3\ARM_GCC_493\Debug\SoundDetection.a(CyLib.o)
                0x1fff811c                cydelay_32k_ms
                0x1fff8120                cydelay_freq_khz
                0x1fff8124                cydelay_freq_mhz
                0x1fff8128                cydelay_freq_hz
 .data.__fdlib_version
                0x1fff812c        0x1 c:/program files (x86)/cypress/psoc creator/3.3/psoc creator/import/gnu/arm/4.9.3/bin/../lib/gcc/arm-none-eabi/4.9.3/../../../../arm-none-eabi/lib/armv7-m\libm.a(lib_a-s_lib_ver.o)
                0x1fff812c                __fdlib_version
 *fill*         0x1fff812d        0x3 
 .data.impure_data
                0x1fff8130       0x60 c:/program files (x86)/cypress/psoc creator/3.3/psoc creator/import/gnu/arm/4.9.3/bin/../lib/gcc/arm-none-eabi/4.9.3/../../../../arm-none-eabi/lib/armv7-m\libg_nano.a(lib_a-impure.o)
 .data._impure_ptr
                0x1fff8190        0x4 c:/program files (x86)/cypress/psoc creator/3.3/psoc creator/import/gnu/arm/4.9.3/bin/../lib/gcc/arm-none-eabi/4.9.3/../../../../arm-none-eabi/lib/armv7-m\libg_nano.a(lib_a-impure.o)
                0x1fff8190                _impure_ptr
                0x1fff8198                . = ALIGN (0x8)
 *fill*         0x1fff8194        0x4 
 *(.ram)
                0x1fff8198                _edata = .

.igot.plt       0x1fff8198        0x0 load address 0x000192c0
 .igot.plt      0x00000000        0x0 c:/program files (x86)/cypress/psoc creator/3.3/psoc creator/import/gnu/arm/4.9.3/bin/../lib/gcc/arm-none-eabi/4.9.3/armv7-m/crtbegin.o

.bss            0x1fff8198     0x3058 load address 0x000192c0
                0x1fff8198                PROVIDE (__bss_start__, .)
 *(.shbss)
 *(.bss .bss.* .gnu.linkonce.b.*)
 .bss           0x1fff8198       0x1c c:/program files (x86)/cypress/psoc creator/3.3/psoc creator/import/gnu/arm/4.9.3/bin/../lib/gcc/arm-none-eabi/4.9.3/armv7-m/crtbegin.o
 .bss           0x1fff81b4        0xc .\CortexM3\ARM_GCC_493\Debug\main.o
                0x1fff81b4                adcResult
                0x1fff81b8                ifftFlag
                0x1fff81bc                testIndex
 .bss           0x1fff81c0        0x8 .\CortexM3\ARM_GCC_493\Debug\SoundDetection.a(ADC_DelSig_1.o)
                0x1fff81c4                ADC_DelSig_1_stopConversion
                0x1fff81c5                ADC_DelSig_1_convDone
                0x1fff81c6                ADC_DelSig_1_initVar
                0x1fff81c7                ADC_DelSig_1_started
 .bss           0x1fff81c8        0x2 .\CortexM3\ARM_GCC_493\Debug\SoundDetection.a(LCD_Char_1.o)
                0x1fff81c8                LCD_Char_1_enableState
                0x1fff81c9                LCD_Char_1_initVar
 *fill*         0x1fff81ca        0x2 
 .bss.__malloc_sbrk_start
                0x1fff81cc        0x4 c:/program files (x86)/cypress/psoc creator/3.3/psoc creator/import/gnu/arm/4.9.3/bin/../lib/gcc/arm-none-eabi/4.9.3/../../../../arm-none-eabi/lib/armv7-m\libg_nano.a(lib_a-nano-mallocr.o)
                0x1fff81cc                __malloc_sbrk_start
 .bss.__malloc_free_list
                0x1fff81d0        0x4 c:/program files (x86)/cypress/psoc creator/3.3/psoc creator/import/gnu/arm/4.9.3/bin/../lib/gcc/arm-none-eabi/4.9.3/../../../../arm-none-eabi/lib/armv7-m\libg_nano.a(lib_a-nano-mallocr.o)
                0x1fff81d0                __malloc_free_list
 *(COMMON)
 COMMON         0x1fff81d4     0x3010 .\CortexM3\ARM_GCC_493\Debug\main.o
                0x1fff81d4                varInstCfftF32
                0x1fff81e4                testInput
                0x1fffa1e4                testOutput
 COMMON         0x1fffb1e4        0x8 .\CortexM3\ARM_GCC_493\Debug\SoundDetection.a(ADC_DelSig_1.o)
                0x1fffb1e4                ADC_DelSig_1_CountsPerVolt
                0x1fffb1e8                ADC_DelSig_1_Offset
 COMMON         0x1fffb1ec        0x4 c:/program files (x86)/cypress/psoc creator/3.3/psoc creator/import/gnu/arm/4.9.3/bin/../lib/gcc/arm-none-eabi/4.9.3/../../../../arm-none-eabi/lib/armv7-m\libg_nano.a(lib_a-reent.o)
                0x1fffb1ec                errno
                0x1fffb1f0                . = ALIGN (0x8)
 *(.ram.b)
                0x1fffb1f0                _end = .
                0x1fffb1f0                __end = .
                0x1fffb1f0                PROVIDE (end, .)
                0x1fffb1f0                PROVIDE (__bss_end__, .)
                0x00019230                __cy_region_init_ram = LOADADDR (.data)
                0x00000090                __cy_region_init_size_ram = (_edata - ADDR (.data))
                0x00003058                __cy_region_zero_size_ram = (_end - _edata)

.heap           0x1fffb1f0       0x80 load address 0x000192c0
                0x1fffb1f0                . = _end
                0x1fffb270                . = (. + 0x80)
 *fill*         0x1fffb1f0       0x80 
                0x1fffb270                __cy_heap_limit = .

.stack          0x20007800      0x800
                0x20007800                __cy_stack_limit = .
                0x20008000                . = (. + 0x800)
 *fill*         0x20007800      0x800 
                0x00000001                ASSERT ((__cy_stack_limit >= __cy_heap_limit), region RAM overflowed with stack)
                0x00000000                cy_checksum_exclude_size = (CY_APPL_LOADABLE == 0x1)?SIZEOF (.cy_checksum_exclude):0x0
                0x00000001                ASSERT ((cy_checksum_exclude_size <= CY_CHECKSUM_EXCLUDE_SIZE), CY_BOOT: Section .cy_checksum_exclude size exceedes specified limit.)

.cyloadermeta
 *(.cyloadermeta)

.cyloadablemeta
 *(.cyloadablemeta)

.cyconfigecc    0x80000000       0x78
 *(.cyconfigecc)
 .cyconfigecc   0x80000000       0x78 .\CortexM3\ARM_GCC_493\Debug\cymetadata.o
                0x80000000                cy_meta_configecc

.cycustnvl      0x90000000        0x4
 *(.cycustnvl)
 .cycustnvl     0x90000000        0x4 .\CortexM3\ARM_GCC_493\Debug\cymetadata.o
                0x90000000                cy_meta_custnvl

.cywolatch      0x90100000        0x4
 *(.cywolatch)
 .cywolatch     0x90100000        0x4 .\CortexM3\ARM_GCC_493\Debug\cymetadata.o
                0x90100000                cy_meta_wonvl

.cyeeprom       0x90200000        0x0
 *(.cyeeprom)
                0x00000001                ASSERT ((. <= ((0x90200000 + ee_offset) + ee_size)), .cyeeprom data will not fit in EEPROM)

.cyflashprotect
                0x90400000      0x100
 *(.cyflashprotect)
 .cyflashprotect
                0x90400000      0x100 .\CortexM3\ARM_GCC_493\Debug\cymetadata.o
                0x90400000                cy_meta_flashprotect

.cymeta         0x90500000        0xc
 *(.cymeta)
 .cymeta        0x90500000        0xc .\CortexM3\ARM_GCC_493\Debug\cymetadata.o
                0x90500000                cy_metadata

.rel.dyn        0x000192c0        0x0 load address 0x9050000c
 .rel.iplt      0x00000000        0x0 c:/program files (x86)/cypress/psoc creator/3.3/psoc creator/import/gnu/arm/4.9.3/bin/../lib/gcc/arm-none-eabi/4.9.3/armv7-m/crtbegin.o

.stab
 *(.stab)

.stabstr
 *(.stabstr)

.debug
 *(.debug)

.line
 *(.line)

.debug_srcinfo
 *(.debug_srcinfo)

.debug_sfnames
 *(.debug_sfnames)

.debug_aranges  0x00000000      0x958
 *(.debug_aranges)
 .debug_aranges
                0x00000000       0x28 .\CortexM3\ARM_GCC_493\Debug\main.o
 .debug_aranges
                0x00000028       0x18 .\CortexM3\ARM_GCC_493\Debug\arm_const_structs.o
 .debug_aranges
                0x00000040       0x30 .\CortexM3\ARM_GCC_493\Debug\arm_bitreversal2.o
 .debug_aranges
                0x00000070       0x18 .\CortexM3\ARM_GCC_493\Debug\arm_common_tables.o
 .debug_aranges
                0x00000088       0x30 .\CortexM3\ARM_GCC_493\Debug\arm_cfft_f32.o
 .debug_aranges
                0x000000b8       0x20 .\CortexM3\ARM_GCC_493\Debug\arm_cmplx_mag_f32.o
 .debug_aranges
                0x000000d8       0x20 .\CortexM3\ARM_GCC_493\Debug\arm_max_f32.o
 .debug_aranges
                0x000000f8       0x20 .\CortexM3\ARM_GCC_493\Debug\arm_cfft_init_f32.o
 .debug_aranges
                0x00000118       0x20 .\CortexM3\ARM_GCC_493\Debug\arm_cfft_radix8_f32.o
 .debug_aranges
                0x00000138       0x18 .\CortexM3\ARM_GCC_493\Debug\cymetadata.o
 .debug_aranges
                0x00000150       0x48 .\CortexM3\ARM_GCC_493\Debug\Cm3Start.o
 .debug_aranges
                0x00000198       0x68 .\CortexM3\ARM_GCC_493\Debug\SoundDetection.a(cyfitter_cfg.o)
 .debug_aranges
                0x00000200       0xe8 .\CortexM3\ARM_GCC_493\Debug\SoundDetection.a(ADC_DelSig_1.o)
 .debug_aranges
                0x000002e8       0x38 .\CortexM3\ARM_GCC_493\Debug\SoundDetection.a(ADC_DelSig_1_INT.o)
 .debug_aranges
                0x00000320       0x30 .\CortexM3\ARM_GCC_493\Debug\SoundDetection.a(ADC_DelSig_1_AMux.o)
 .debug_aranges
                0x00000350       0x70 .\CortexM3\ARM_GCC_493\Debug\SoundDetection.a(ADC_DelSig_1_Ext_CP_Clk.o)
 .debug_aranges
                0x000003c0       0x80 .\CortexM3\ARM_GCC_493\Debug\SoundDetection.a(ADC_DelSig_1_theACLK.o)
 .debug_aranges
                0x00000440       0x20 .\CortexM3\ARM_GCC_493\Debug\SoundDetection.a(CyBootAsmGnu.o)
 .debug_aranges
                0x00000460      0x298 .\CortexM3\ARM_GCC_493\Debug\SoundDetection.a(CyLib.o)
 .debug_aranges
                0x000006f8       0x98 .\CortexM3\ARM_GCC_493\Debug\SoundDetection.a(cyPm.o)
 .debug_aranges
                0x00000790       0x98 .\CortexM3\ARM_GCC_493\Debug\SoundDetection.a(LCD_Char_1.o)
 .debug_aranges
                0x00000828       0x38 .\CortexM3\ARM_GCC_493\Debug\SoundDetection.a(adc_threshold.o)
 .debug_aranges
                0x00000860       0x80 .\CortexM3\ARM_GCC_493\Debug\SoundDetection.a(CyFlash.o)
 .debug_aranges
                0x000008e0       0x78 .\CortexM3\ARM_GCC_493\Debug\SoundDetection.a(CySpc.o)

.debug_pubnames
 *(.debug_pubnames)

.debug_info     0x00000000     0x739d
 *(.debug_info .gnu.linkonce.wi.*)
 .debug_info    0x00000000      0x675 .\CortexM3\ARM_GCC_493\Debug\main.o
 .debug_info    0x00000675      0x4b7 .\CortexM3\ARM_GCC_493\Debug\arm_const_structs.o
 .debug_info    0x00000b2c      0x2e8 .\CortexM3\ARM_GCC_493\Debug\arm_bitreversal2.o
 .debug_info    0x00000e14      0x42a .\CortexM3\ARM_GCC_493\Debug\arm_common_tables.o
 .debug_info    0x0000123e      0x73a .\CortexM3\ARM_GCC_493\Debug\arm_cfft_f32.o
 .debug_info    0x00001978      0x292 .\CortexM3\ARM_GCC_493\Debug\arm_cmplx_mag_f32.o
 .debug_info    0x00001c0a      0x1fe .\CortexM3\ARM_GCC_493\Debug\arm_max_f32.o
 .debug_info    0x00001e08      0x2c9 .\CortexM3\ARM_GCC_493\Debug\arm_cfft_init_f32.o
 .debug_info    0x000020d1      0x4f7 .\CortexM3\ARM_GCC_493\Debug\arm_cfft_radix8_f32.o
 .debug_info    0x000025c8      0x13a .\CortexM3\ARM_GCC_493\Debug\cymetadata.o
 .debug_info    0x00002702      0x39f .\CortexM3\ARM_GCC_493\Debug\Cm3Start.o
 .debug_info    0x00002aa1      0x575 .\CortexM3\ARM_GCC_493\Debug\SoundDetection.a(cyfitter_cfg.o)
 .debug_info    0x00003016      0xa74 .\CortexM3\ARM_GCC_493\Debug\SoundDetection.a(ADC_DelSig_1.o)
 .debug_info    0x00003a8a       0xcc .\CortexM3\ARM_GCC_493\Debug\SoundDetection.a(ADC_DelSig_1_INT.o)
 .debug_info    0x00003b56      0x16d .\CortexM3\ARM_GCC_493\Debug\SoundDetection.a(ADC_DelSig_1_AMux.o)
 .debug_info    0x00003cc3      0x283 .\CortexM3\ARM_GCC_493\Debug\SoundDetection.a(ADC_DelSig_1_Ext_CP_Clk.o)
 .debug_info    0x00003f46      0x2c4 .\CortexM3\ARM_GCC_493\Debug\SoundDetection.a(ADC_DelSig_1_theACLK.o)
 .debug_info    0x0000420a       0xa6 .\CortexM3\ARM_GCC_493\Debug\SoundDetection.a(CyBootAsmGnu.o)
 .debug_info    0x000042b0     0x136f .\CortexM3\ARM_GCC_493\Debug\SoundDetection.a(CyLib.o)
 .debug_info    0x0000561f      0xa57 .\CortexM3\ARM_GCC_493\Debug\SoundDetection.a(cyPm.o)
 .debug_info    0x00006076      0x716 .\CortexM3\ARM_GCC_493\Debug\SoundDetection.a(LCD_Char_1.o)
 .debug_info    0x0000678c      0x11f .\CortexM3\ARM_GCC_493\Debug\SoundDetection.a(adc_threshold.o)
 .debug_info    0x000068ab      0x608 .\CortexM3\ARM_GCC_493\Debug\SoundDetection.a(CyFlash.o)
 .debug_info    0x00006eb3      0x4ea .\CortexM3\ARM_GCC_493\Debug\SoundDetection.a(CySpc.o)

.debug_abbrev   0x00000000     0x1ecd
 *(.debug_abbrev)
 .debug_abbrev  0x00000000      0x230 .\CortexM3\ARM_GCC_493\Debug\main.o
 .debug_abbrev  0x00000230       0xf0 .\CortexM3\ARM_GCC_493\Debug\arm_const_structs.o
 .debug_abbrev  0x00000320       0xc6 .\CortexM3\ARM_GCC_493\Debug\arm_bitreversal2.o
 .debug_abbrev  0x000003e6       0xd4 .\CortexM3\ARM_GCC_493\Debug\arm_common_tables.o
 .debug_abbrev  0x000004ba      0x17f .\CortexM3\ARM_GCC_493\Debug\arm_cfft_f32.o
 .debug_abbrev  0x00000639      0x154 .\CortexM3\ARM_GCC_493\Debug\arm_cmplx_mag_f32.o
 .debug_abbrev  0x0000078d       0xf1 .\CortexM3\ARM_GCC_493\Debug\arm_max_f32.o
 .debug_abbrev  0x0000087e      0x116 .\CortexM3\ARM_GCC_493\Debug\arm_cfft_init_f32.o
 .debug_abbrev  0x00000994       0xe2 .\CortexM3\ARM_GCC_493\Debug\arm_cfft_radix8_f32.o
 .debug_abbrev  0x00000a76       0x5d .\CortexM3\ARM_GCC_493\Debug\cymetadata.o
 .debug_abbrev  0x00000ad3      0x200 .\CortexM3\ARM_GCC_493\Debug\Cm3Start.o
 .debug_abbrev  0x00000cd3      0x210 .\CortexM3\ARM_GCC_493\Debug\SoundDetection.a(cyfitter_cfg.o)
 .debug_abbrev  0x00000ee3      0x23d .\CortexM3\ARM_GCC_493\Debug\SoundDetection.a(ADC_DelSig_1.o)
 .debug_abbrev  0x00001120       0x42 .\CortexM3\ARM_GCC_493\Debug\SoundDetection.a(ADC_DelSig_1_INT.o)
 .debug_abbrev  0x00001162       0xcb .\CortexM3\ARM_GCC_493\Debug\SoundDetection.a(ADC_DelSig_1_AMux.o)
 .debug_abbrev  0x0000122d      0x139 .\CortexM3\ARM_GCC_493\Debug\SoundDetection.a(ADC_DelSig_1_Ext_CP_Clk.o)
 .debug_abbrev  0x00001366      0x121 .\CortexM3\ARM_GCC_493\Debug\SoundDetection.a(ADC_DelSig_1_theACLK.o)
 .debug_abbrev  0x00001487       0x14 .\CortexM3\ARM_GCC_493\Debug\SoundDetection.a(CyBootAsmGnu.o)
 .debug_abbrev  0x0000149b      0x296 .\CortexM3\ARM_GCC_493\Debug\SoundDetection.a(CyLib.o)
 .debug_abbrev  0x00001731      0x1ed .\CortexM3\ARM_GCC_493\Debug\SoundDetection.a(cyPm.o)
 .debug_abbrev  0x0000191e      0x171 .\CortexM3\ARM_GCC_493\Debug\SoundDetection.a(LCD_Char_1.o)
 .debug_abbrev  0x00001a8f       0x90 .\CortexM3\ARM_GCC_493\Debug\SoundDetection.a(adc_threshold.o)
 .debug_abbrev  0x00001b1f      0x1ed .\CortexM3\ARM_GCC_493\Debug\SoundDetection.a(CyFlash.o)
 .debug_abbrev  0x00001d0c      0x1c1 .\CortexM3\ARM_GCC_493\Debug\SoundDetection.a(CySpc.o)

.debug_line     0x00000000     0x3727
 *(.debug_line)
 .debug_line    0x00000000      0x283 .\CortexM3\ARM_GCC_493\Debug\main.o
 .debug_line    0x00000283      0x1c8 .\CortexM3\ARM_GCC_493\Debug\arm_const_structs.o
 .debug_line    0x0000044b      0x1d4 .\CortexM3\ARM_GCC_493\Debug\arm_bitreversal2.o
 .debug_line    0x0000061f      0x186 .\CortexM3\ARM_GCC_493\Debug\arm_common_tables.o
 .debug_line    0x000007a5      0x582 .\CortexM3\ARM_GCC_493\Debug\arm_cfft_f32.o
 .debug_line    0x00000d27      0x1ec .\CortexM3\ARM_GCC_493\Debug\arm_cmplx_mag_f32.o
 .debug_line    0x00000f13      0x1b0 .\CortexM3\ARM_GCC_493\Debug\arm_max_f32.o
 .debug_line    0x000010c3      0x227 .\CortexM3\ARM_GCC_493\Debug\arm_cfft_init_f32.o
 .debug_line    0x000012ea      0x4fc .\CortexM3\ARM_GCC_493\Debug\arm_cfft_radix8_f32.o
 .debug_line    0x000017e6       0x53 .\CortexM3\ARM_GCC_493\Debug\cymetadata.o
 .debug_line    0x00001839      0x249 .\CortexM3\ARM_GCC_493\Debug\Cm3Start.o
 .debug_line    0x00001a82      0x208 .\CortexM3\ARM_GCC_493\Debug\SoundDetection.a(cyfitter_cfg.o)
 .debug_line    0x00001c8a      0x37e .\CortexM3\ARM_GCC_493\Debug\SoundDetection.a(ADC_DelSig_1.o)
 .debug_line    0x00002008       0x8b .\CortexM3\ARM_GCC_493\Debug\SoundDetection.a(ADC_DelSig_1_INT.o)
 .debug_line    0x00002093       0xb7 .\CortexM3\ARM_GCC_493\Debug\SoundDetection.a(ADC_DelSig_1_AMux.o)
 .debug_line    0x0000214a      0x19f .\CortexM3\ARM_GCC_493\Debug\SoundDetection.a(ADC_DelSig_1_Ext_CP_Clk.o)
 .debug_line    0x000022e9      0x1bf .\CortexM3\ARM_GCC_493\Debug\SoundDetection.a(ADC_DelSig_1_theACLK.o)
 .debug_line    0x000024a8       0x68 .\CortexM3\ARM_GCC_493\Debug\SoundDetection.a(CyBootAsmGnu.o)
 .debug_line    0x00002510      0x806 .\CortexM3\ARM_GCC_493\Debug\SoundDetection.a(CyLib.o)
 .debug_line    0x00002d16      0x366 .\CortexM3\ARM_GCC_493\Debug\SoundDetection.a(cyPm.o)
 .debug_line    0x0000307c      0x1e5 .\CortexM3\ARM_GCC_493\Debug\SoundDetection.a(LCD_Char_1.o)
 .debug_line    0x00003261       0x9c .\CortexM3\ARM_GCC_493\Debug\SoundDetection.a(adc_threshold.o)
 .debug_line    0x000032fd      0x1ec .\CortexM3\ARM_GCC_493\Debug\SoundDetection.a(CyFlash.o)
 .debug_line    0x000034e9      0x23e .\CortexM3\ARM_GCC_493\Debug\SoundDetection.a(CySpc.o)

.debug_frame    0x00000000     0x1bac
 *(.debug_frame)
 .debug_frame   0x00000000       0x58 .\CortexM3\ARM_GCC_493\Debug\main.o
 .debug_frame   0x00000058       0x94 .\CortexM3\ARM_GCC_493\Debug\arm_bitreversal2.o
 .debug_frame   0x000000ec       0xac .\CortexM3\ARM_GCC_493\Debug\arm_cfft_f32.o
 .debug_frame   0x00000198       0x38 .\CortexM3\ARM_GCC_493\Debug\arm_cmplx_mag_f32.o
 .debug_frame   0x000001d0       0x44 .\CortexM3\ARM_GCC_493\Debug\arm_max_f32.o
 .debug_frame   0x00000214       0x20 .\CortexM3\ARM_GCC_493\Debug\arm_cfft_init_f32.o
 .debug_frame   0x00000234       0x48 .\CortexM3\ARM_GCC_493\Debug\arm_cfft_radix8_f32.o
 .debug_frame   0x0000027c       0xac .\CortexM3\ARM_GCC_493\Debug\Cm3Start.o
 .debug_frame   0x00000328      0x104 .\CortexM3\ARM_GCC_493\Debug\SoundDetection.a(cyfitter_cfg.o)
 .debug_frame   0x0000042c      0x280 .\CortexM3\ARM_GCC_493\Debug\SoundDetection.a(ADC_DelSig_1.o)
 .debug_frame   0x000006ac       0x50 .\CortexM3\ARM_GCC_493\Debug\SoundDetection.a(ADC_DelSig_1_INT.o)
 .debug_frame   0x000006fc       0x64 .\CortexM3\ARM_GCC_493\Debug\SoundDetection.a(ADC_DelSig_1_AMux.o)
 .debug_frame   0x00000760       0xe0 .\CortexM3\ARM_GCC_493\Debug\SoundDetection.a(ADC_DelSig_1_Ext_CP_Clk.o)
 .debug_frame   0x00000840      0x100 .\CortexM3\ARM_GCC_493\Debug\SoundDetection.a(ADC_DelSig_1_theACLK.o)
 .debug_frame   0x00000940      0x728 .\CortexM3\ARM_GCC_493\Debug\SoundDetection.a(CyLib.o)
 .debug_frame   0x00001068      0x1f8 .\CortexM3\ARM_GCC_493\Debug\SoundDetection.a(cyPm.o)
 .debug_frame   0x00001260      0x1e4 .\CortexM3\ARM_GCC_493\Debug\SoundDetection.a(LCD_Char_1.o)
 .debug_frame   0x00001444       0x50 .\CortexM3\ARM_GCC_493\Debug\SoundDetection.a(adc_threshold.o)
 .debug_frame   0x00001494      0x174 .\CortexM3\ARM_GCC_493\Debug\SoundDetection.a(CyFlash.o)
 .debug_frame   0x00001608      0x160 .\CortexM3\ARM_GCC_493\Debug\SoundDetection.a(CySpc.o)
 .debug_frame   0x00001768       0x3c c:/program files (x86)/cypress/psoc creator/3.3/psoc creator/import/gnu/arm/4.9.3/bin/../lib/gcc/arm-none-eabi/4.9.3/../../../../arm-none-eabi/lib/armv7-m\libm.a(lib_a-wf_sqrt.o)
 .debug_frame   0x000017a4       0x2c c:/program files (x86)/cypress/psoc creator/3.3/psoc creator/import/gnu/arm/4.9.3/bin/../lib/gcc/arm-none-eabi/4.9.3/../../../../arm-none-eabi/lib/armv7-m\libm.a(lib_a-ef_sqrt.o)
 .debug_frame   0x000017d0       0x20 c:/program files (x86)/cypress/psoc creator/3.3/psoc creator/import/gnu/arm/4.9.3/bin/../lib/gcc/arm-none-eabi/4.9.3/../../../../arm-none-eabi/lib/armv7-m\libm.a(lib_a-s_matherr.o)
 .debug_frame   0x000017f0       0x20 c:/program files (x86)/cypress/psoc creator/3.3/psoc creator/import/gnu/arm/4.9.3/bin/../lib/gcc/arm-none-eabi/4.9.3/../../../../arm-none-eabi/lib/armv7-m\libm.a(lib_a-sf_fpclassify.o)
 .debug_frame   0x00001810       0x20 c:/program files (x86)/cypress/psoc creator/3.3/psoc creator/import/gnu/arm/4.9.3/bin/../lib/gcc/arm-none-eabi/4.9.3/../../../../arm-none-eabi/lib/armv7-m\libg_nano.a(lib_a-errno.o)
 .debug_frame   0x00001830       0x28 c:/program files (x86)/cypress/psoc creator/3.3/psoc creator/import/gnu/arm/4.9.3/bin/../lib/gcc/arm-none-eabi/4.9.3/../../../../arm-none-eabi/lib/armv7-m\libg_nano.a(lib_a-exit.o)
 .debug_frame   0x00001858       0x2c c:/program files (x86)/cypress/psoc creator/3.3/psoc creator/import/gnu/arm/4.9.3/bin/../lib/gcc/arm-none-eabi/4.9.3/../../../../arm-none-eabi/lib/armv7-m\libg_nano.a(lib_a-init.o)
 .debug_frame   0x00001884       0x28 c:/program files (x86)/cypress/psoc creator/3.3/psoc creator/import/gnu/arm/4.9.3/bin/../lib/gcc/arm-none-eabi/4.9.3/../../../../arm-none-eabi/lib/armv7-m\libg_nano.a(lib_a-memcpy.o)
 .debug_frame   0x000018ac       0x20 c:/program files (x86)/cypress/psoc creator/3.3/psoc creator/import/gnu/arm/4.9.3/bin/../lib/gcc/arm-none-eabi/4.9.3/../../../../arm-none-eabi/lib/armv7-m\libg_nano.a(lib_a-memset.o)
 .debug_frame   0x000018cc       0x70 c:/program files (x86)/cypress/psoc creator/3.3/psoc creator/import/gnu/arm/4.9.3/bin/../lib/gcc/arm-none-eabi/4.9.3/../../../../arm-none-eabi/lib/armv7-m\libg_nano.a(lib_a-sprintf.o)
 .debug_frame   0x0000193c       0x8c c:/program files (x86)/cypress/psoc creator/3.3/psoc creator/import/gnu/arm/4.9.3/bin/../lib/gcc/arm-none-eabi/4.9.3/../../../../arm-none-eabi/lib/armv7-m\libg_nano.a(lib_a-nano-svfprintf.o)
 .debug_frame   0x000019c8       0x58 c:/program files (x86)/cypress/psoc creator/3.3/psoc creator/import/gnu/arm/4.9.3/bin/../lib/gcc/arm-none-eabi/4.9.3/../../../../arm-none-eabi/lib/armv7-m\libg_nano.a(lib_a-nano-vfprintf_i.o)
 .debug_frame   0x00001a20       0x28 c:/program files (x86)/cypress/psoc creator/3.3/psoc creator/import/gnu/arm/4.9.3/bin/../lib/gcc/arm-none-eabi/4.9.3/../../../../arm-none-eabi/lib/armv7-m\libg_nano.a(lib_a-memchr.o)
 .debug_frame   0x00001a48       0x28 c:/program files (x86)/cypress/psoc creator/3.3/psoc creator/import/gnu/arm/4.9.3/bin/../lib/gcc/arm-none-eabi/4.9.3/../../../../arm-none-eabi/lib/armv7-m\libg_nano.a(lib_a-memmove.o)
 .debug_frame   0x00001a70       0x2c c:/program files (x86)/cypress/psoc creator/3.3/psoc creator/import/gnu/arm/4.9.3/bin/../lib/gcc/arm-none-eabi/4.9.3/../../../../arm-none-eabi/lib/armv7-m\libg_nano.a(lib_a-nano-freer.o)
 .debug_frame   0x00001a9c       0x2c c:/program files (x86)/cypress/psoc creator/3.3/psoc creator/import/gnu/arm/4.9.3/bin/../lib/gcc/arm-none-eabi/4.9.3/../../../../arm-none-eabi/lib/armv7-m\libg_nano.a(lib_a-nano-mallocr.o)
 .debug_frame   0x00001ac8       0x3c c:/program files (x86)/cypress/psoc creator/3.3/psoc creator/import/gnu/arm/4.9.3/bin/../lib/gcc/arm-none-eabi/4.9.3/../../../../arm-none-eabi/lib/armv7-m\libg_nano.a(lib_a-nano-reallocr.o)
 .debug_frame   0x00001b04       0x2c c:/program files (x86)/cypress/psoc creator/3.3/psoc creator/import/gnu/arm/4.9.3/bin/../lib/gcc/arm-none-eabi/4.9.3/../../../../arm-none-eabi/lib/armv7-m\libg_nano.a(lib_a-sbrkr.o)
 .debug_frame   0x00001b30       0x20 c:/program files (x86)/cypress/psoc creator/3.3/psoc creator/import/gnu/arm/4.9.3/bin/../lib/gcc/arm-none-eabi/4.9.3/../../../../arm-none-eabi/lib/armv7-m\libg_nano.a(lib_a-nano-msizer.o)
 .debug_frame   0x00001b50       0x5c c:/program files (x86)/cypress/psoc creator/3.3/psoc creator/import/gnu/arm/4.9.3/bin/../lib/gcc/arm-none-eabi/4.9.3/../../../../arm-none-eabi/lib/armv7-m\libg_nano.a(lib_a-reent.o)

.debug_str      0x00000000     0x26bd
 *(.debug_str)
 .debug_str     0x00000000      0x4c3 .\CortexM3\ARM_GCC_493\Debug\main.o
                                0x52b (size before relaxing)
 .debug_str     0x000004c3      0x25c .\CortexM3\ARM_GCC_493\Debug\arm_const_structs.o
                                0x4e0 (size before relaxing)
 .debug_str     0x0000071f       0x91 .\CortexM3\ARM_GCC_493\Debug\arm_bitreversal2.o
                                0x2d4 (size before relaxing)
 .debug_str     0x000007b0       0x2e .\CortexM3\ARM_GCC_493\Debug\arm_common_tables.o
                                0x3d1 (size before relaxing)
 .debug_str     0x000007de       0xfb .\CortexM3\ARM_GCC_493\Debug\arm_cfft_f32.o
                                0x3bf (size before relaxing)
 .debug_str     0x000008d9       0x6f .\CortexM3\ARM_GCC_493\Debug\arm_cmplx_mag_f32.o
                                0x36e (size before relaxing)
 .debug_str     0x00000948       0x58 .\CortexM3\ARM_GCC_493\Debug\arm_max_f32.o
                                0x2a0 (size before relaxing)
 .debug_str     0x000009a0       0x34 .\CortexM3\ARM_GCC_493\Debug\arm_cfft_init_f32.o
                                0x458 (size before relaxing)
 .debug_str     0x000009d4       0x4d .\CortexM3\ARM_GCC_493\Debug\arm_cfft_radix8_f32.o
                                0x2b6 (size before relaxing)
 .debug_str     0x00000a21       0x77 .\CortexM3\ARM_GCC_493\Debug\cymetadata.o
                                0x20b (size before relaxing)
 .debug_str     0x00000a98      0x165 .\CortexM3\ARM_GCC_493\Debug\Cm3Start.o
                                0x31f (size before relaxing)
 .debug_str     0x00000bfd      0x1c8 .\CortexM3\ARM_GCC_493\Debug\SoundDetection.a(cyfitter_cfg.o)
                                0x394 (size before relaxing)
 .debug_str     0x00000dc5      0x4ed .\CortexM3\ARM_GCC_493\Debug\SoundDetection.a(ADC_DelSig_1.o)
                                0x75c (size before relaxing)
 .debug_str     0x000012b2       0x74 .\CortexM3\ARM_GCC_493\Debug\SoundDetection.a(ADC_DelSig_1_INT.o)
                                0x202 (size before relaxing)
 .debug_str     0x00001326       0x85 .\CortexM3\ARM_GCC_493\Debug\SoundDetection.a(ADC_DelSig_1_AMux.o)
                                0x25f (size before relaxing)
 .debug_str     0x000013ab      0x1cf .\CortexM3\ARM_GCC_493\Debug\SoundDetection.a(ADC_DelSig_1_Ext_CP_Clk.o)
                                0x3cf (size before relaxing)
 .debug_str     0x0000157a      0x1bd .\CortexM3\ARM_GCC_493\Debug\SoundDetection.a(ADC_DelSig_1_theACLK.o)
                                0x400 (size before relaxing)
 .debug_str     0x00001737      0x7d9 .\CortexM3\ARM_GCC_493\Debug\SoundDetection.a(CyLib.o)
                                0xa44 (size before relaxing)
 .debug_str     0x00001f10      0x35b .\CortexM3\ARM_GCC_493\Debug\SoundDetection.a(cyPm.o)
                                0x73c (size before relaxing)
 .debug_str     0x0000226b      0x195 .\CortexM3\ARM_GCC_493\Debug\SoundDetection.a(LCD_Char_1.o)
                                0x3cc (size before relaxing)
 .debug_str     0x00002400       0x7c .\CortexM3\ARM_GCC_493\Debug\SoundDetection.a(adc_threshold.o)
                                0x22b (size before relaxing)
 .debug_str     0x0000247c      0x19e .\CortexM3\ARM_GCC_493\Debug\SoundDetection.a(CyFlash.o)
                                0x3b6 (size before relaxing)
 .debug_str     0x0000261a       0xa3 .\CortexM3\ARM_GCC_493\Debug\SoundDetection.a(CySpc.o)
                                0x33f (size before relaxing)

.debug_loc      0x00000000     0x4e9e
 *(.debug_loc)
 .debug_loc     0x00000000       0x83 .\CortexM3\ARM_GCC_493\Debug\main.o
 .debug_loc     0x00000083      0x197 .\CortexM3\ARM_GCC_493\Debug\arm_bitreversal2.o
 .debug_loc     0x0000021a     0x10d4 .\CortexM3\ARM_GCC_493\Debug\arm_cfft_f32.o
 .debug_loc     0x000012ee      0x10d .\CortexM3\ARM_GCC_493\Debug\arm_cmplx_mag_f32.o
 .debug_loc     0x000013fb       0xe9 .\CortexM3\ARM_GCC_493\Debug\arm_max_f32.o
 .debug_loc     0x000014e4      0x121 .\CortexM3\ARM_GCC_493\Debug\arm_cfft_init_f32.o
 .debug_loc     0x00001605     0x1297 .\CortexM3\ARM_GCC_493\Debug\arm_cfft_radix8_f32.o
 .debug_loc     0x0000289c      0x144 .\CortexM3\ARM_GCC_493\Debug\Cm3Start.o
 .debug_loc     0x000029e0      0x219 .\CortexM3\ARM_GCC_493\Debug\SoundDetection.a(cyfitter_cfg.o)
 .debug_loc     0x00002bf9      0x676 .\CortexM3\ARM_GCC_493\Debug\SoundDetection.a(ADC_DelSig_1.o)
 .debug_loc     0x0000326f       0x6c .\CortexM3\ARM_GCC_493\Debug\SoundDetection.a(ADC_DelSig_1_AMux.o)
 .debug_loc     0x000032db      0x12c .\CortexM3\ARM_GCC_493\Debug\SoundDetection.a(ADC_DelSig_1_Ext_CP_Clk.o)
 .debug_loc     0x00003407      0x14d .\CortexM3\ARM_GCC_493\Debug\SoundDetection.a(ADC_DelSig_1_theACLK.o)
 .debug_loc     0x00003554      0xa11 .\CortexM3\ARM_GCC_493\Debug\SoundDetection.a(CyLib.o)
 .debug_loc     0x00003f65      0x1e4 .\CortexM3\ARM_GCC_493\Debug\SoundDetection.a(cyPm.o)
 .debug_loc     0x00004149      0x3c6 .\CortexM3\ARM_GCC_493\Debug\SoundDetection.a(LCD_Char_1.o)
 .debug_loc     0x0000450f       0x42 .\CortexM3\ARM_GCC_493\Debug\SoundDetection.a(adc_threshold.o)
 .debug_loc     0x00004551      0x300 .\CortexM3\ARM_GCC_493\Debug\SoundDetection.a(CyFlash.o)
 .debug_loc     0x00004851      0x64d .\CortexM3\ARM_GCC_493\Debug\SoundDetection.a(CySpc.o)

.debug_macinfo
 *(.debug_macinfo)

.debug_ranges   0x00000000      0x7b0
 *(.debug_ranges)
 .debug_ranges  0x00000000       0x18 .\CortexM3\ARM_GCC_493\Debug\main.o
 .debug_ranges  0x00000018       0x20 .\CortexM3\ARM_GCC_493\Debug\arm_bitreversal2.o
 .debug_ranges  0x00000038       0x20 .\CortexM3\ARM_GCC_493\Debug\arm_cfft_f32.o
 .debug_ranges  0x00000058       0x10 .\CortexM3\ARM_GCC_493\Debug\arm_cmplx_mag_f32.o
 .debug_ranges  0x00000068       0x10 .\CortexM3\ARM_GCC_493\Debug\arm_max_f32.o
 .debug_ranges  0x00000078       0x10 .\CortexM3\ARM_GCC_493\Debug\arm_cfft_init_f32.o
 .debug_ranges  0x00000088       0x10 .\CortexM3\ARM_GCC_493\Debug\arm_cfft_radix8_f32.o
 .debug_ranges  0x00000098       0x38 .\CortexM3\ARM_GCC_493\Debug\Cm3Start.o
 .debug_ranges  0x000000d0       0x58 .\CortexM3\ARM_GCC_493\Debug\SoundDetection.a(cyfitter_cfg.o)
 .debug_ranges  0x00000128       0xd8 .\CortexM3\ARM_GCC_493\Debug\SoundDetection.a(ADC_DelSig_1.o)
 .debug_ranges  0x00000200       0x28 .\CortexM3\ARM_GCC_493\Debug\SoundDetection.a(ADC_DelSig_1_INT.o)
 .debug_ranges  0x00000228       0x20 .\CortexM3\ARM_GCC_493\Debug\SoundDetection.a(ADC_DelSig_1_AMux.o)
 .debug_ranges  0x00000248       0x60 .\CortexM3\ARM_GCC_493\Debug\SoundDetection.a(ADC_DelSig_1_Ext_CP_Clk.o)
 .debug_ranges  0x000002a8       0x70 .\CortexM3\ARM_GCC_493\Debug\SoundDetection.a(ADC_DelSig_1_theACLK.o)
 .debug_ranges  0x00000318      0x288 .\CortexM3\ARM_GCC_493\Debug\SoundDetection.a(CyLib.o)
 .debug_ranges  0x000005a0       0x88 .\CortexM3\ARM_GCC_493\Debug\SoundDetection.a(cyPm.o)
 .debug_ranges  0x00000628       0x88 .\CortexM3\ARM_GCC_493\Debug\SoundDetection.a(LCD_Char_1.o)
 .debug_ranges  0x000006b0       0x28 .\CortexM3\ARM_GCC_493\Debug\SoundDetection.a(adc_threshold.o)
 .debug_ranges  0x000006d8       0x70 .\CortexM3\ARM_GCC_493\Debug\SoundDetection.a(CyFlash.o)
 .debug_ranges  0x00000748       0x68 .\CortexM3\ARM_GCC_493\Debug\SoundDetection.a(CySpc.o)

.comment        0x00000000       0x70
 .comment       0x00000000       0x70 .\CortexM3\ARM_GCC_493\Debug\main.o
                                 0x71 (size before relaxing)
 .comment       0x00000000       0x71 .\CortexM3\ARM_GCC_493\Debug\arm_const_structs.o
 .comment       0x00000000       0x71 .\CortexM3\ARM_GCC_493\Debug\arm_bitreversal2.o
 .comment       0x00000000       0x71 .\CortexM3\ARM_GCC_493\Debug\arm_common_tables.o
 .comment       0x00000000       0x71 .\CortexM3\ARM_GCC_493\Debug\arm_cfft_f32.o
 .comment       0x00000000       0x71 .\CortexM3\ARM_GCC_493\Debug\arm_cmplx_mag_f32.o
 .comment       0x00000000       0x71 .\CortexM3\ARM_GCC_493\Debug\arm_max_f32.o
 .comment       0x00000000       0x71 .\CortexM3\ARM_GCC_493\Debug\arm_cfft_init_f32.o
 .comment       0x00000000       0x71 .\CortexM3\ARM_GCC_493\Debug\arm_cfft_radix8_f32.o
 .comment       0x00000000       0x71 .\CortexM3\ARM_GCC_493\Debug\cymetadata.o
 .comment       0x00000000       0x71 .\CortexM3\ARM_GCC_493\Debug\Cm3Start.o
 .comment       0x00000000       0x71 .\CortexM3\ARM_GCC_493\Debug\SoundDetection.a(cyfitter_cfg.o)
 .comment       0x00000000       0x71 .\CortexM3\ARM_GCC_493\Debug\SoundDetection.a(ADC_DelSig_1.o)
 .comment       0x00000000       0x71 .\CortexM3\ARM_GCC_493\Debug\SoundDetection.a(ADC_DelSig_1_INT.o)
 .comment       0x00000000       0x71 .\CortexM3\ARM_GCC_493\Debug\SoundDetection.a(ADC_DelSig_1_AMux.o)
 .comment       0x00000000       0x71 .\CortexM3\ARM_GCC_493\Debug\SoundDetection.a(ADC_DelSig_1_Ext_CP_Clk.o)
 .comment       0x00000000       0x71 .\CortexM3\ARM_GCC_493\Debug\SoundDetection.a(ADC_DelSig_1_theACLK.o)
 .comment       0x00000000       0x71 .\CortexM3\ARM_GCC_493\Debug\SoundDetection.a(CyLib.o)
 .comment       0x00000000       0x71 .\CortexM3\ARM_GCC_493\Debug\SoundDetection.a(cyPm.o)
 .comment       0x00000000       0x71 .\CortexM3\ARM_GCC_493\Debug\SoundDetection.a(LCD_Char_1.o)
 .comment       0x00000000       0x71 .\CortexM3\ARM_GCC_493\Debug\SoundDetection.a(adc_threshold.o)
 .comment       0x00000000       0x71 .\CortexM3\ARM_GCC_493\Debug\SoundDetection.a(CyFlash.o)
 .comment       0x00000000       0x71 .\CortexM3\ARM_GCC_493\Debug\SoundDetection.a(CySpc.o)

.debug_weaknames
 *(.debug_weaknames)

.debug_funcnames
 *(.debug_funcnames)

.debug_typenames
 *(.debug_typenames)

.debug_varnames
 *(.debug_varnames)

.note.gnu.arm.ident
 *(.note.gnu.arm.ident)

.ARM.attributes
                0x00000000       0x29
 *(.ARM.attributes)
 .ARM.attributes
                0x00000000       0x1d c:/program files (x86)/cypress/psoc creator/3.3/psoc creator/import/gnu/arm/4.9.3/bin/../lib/gcc/arm-none-eabi/4.9.3/armv7-m/crti.o
 .ARM.attributes
                0x0000001d       0x2d c:/program files (x86)/cypress/psoc creator/3.3/psoc creator/import/gnu/arm/4.9.3/bin/../lib/gcc/arm-none-eabi/4.9.3/armv7-m/crtbegin.o
 .ARM.attributes
                0x0000004a       0x1b c:/program files (x86)/cypress/psoc creator/3.3/psoc creator/import/gnu/arm/4.9.3/bin/../lib/gcc/arm-none-eabi/4.9.3/../../../../arm-none-eabi/lib/armv7-m/crt0.o
 .ARM.attributes
                0x00000065       0x33 .\CortexM3\ARM_GCC_493\Debug\main.o
 .ARM.attributes
                0x00000098       0x33 .\CortexM3\ARM_GCC_493\Debug\arm_const_structs.o
 .ARM.attributes
                0x000000cb       0x33 .\CortexM3\ARM_GCC_493\Debug\arm_bitreversal2.o
 .ARM.attributes
                0x000000fe       0x33 .\CortexM3\ARM_GCC_493\Debug\arm_common_tables.o
 .ARM.attributes
                0x00000131       0x33 .\CortexM3\ARM_GCC_493\Debug\arm_cfft_f32.o
 .ARM.attributes
                0x00000164       0x33 .\CortexM3\ARM_GCC_493\Debug\arm_cmplx_mag_f32.o
 .ARM.attributes
                0x00000197       0x33 .\CortexM3\ARM_GCC_493\Debug\arm_max_f32.o
 .ARM.attributes
                0x000001ca       0x33 .\CortexM3\ARM_GCC_493\Debug\arm_cfft_init_f32.o
 .ARM.attributes
                0x000001fd       0x33 .\CortexM3\ARM_GCC_493\Debug\arm_cfft_radix8_f32.o
 .ARM.attributes
                0x00000230       0x33 .\CortexM3\ARM_GCC_493\Debug\cymetadata.o
 .ARM.attributes
                0x00000263       0x33 .\CortexM3\ARM_GCC_493\Debug\Cm3Start.o
 .ARM.attributes
                0x00000296       0x33 .\CortexM3\ARM_GCC_493\Debug\SoundDetection.a(cyfitter_cfg.o)
 .ARM.attributes
                0x000002c9       0x33 .\CortexM3\ARM_GCC_493\Debug\SoundDetection.a(ADC_DelSig_1.o)
 .ARM.attributes
                0x000002fc       0x33 .\CortexM3\ARM_GCC_493\Debug\SoundDetection.a(ADC_DelSig_1_INT.o)
 .ARM.attributes
                0x0000032f       0x33 .\CortexM3\ARM_GCC_493\Debug\SoundDetection.a(ADC_DelSig_1_AMux.o)
 .ARM.attributes
                0x00000362       0x33 .\CortexM3\ARM_GCC_493\Debug\SoundDetection.a(ADC_DelSig_1_Ext_CP_Clk.o)
 .ARM.attributes
                0x00000395       0x33 .\CortexM3\ARM_GCC_493\Debug\SoundDetection.a(ADC_DelSig_1_theACLK.o)
 .ARM.attributes
                0x000003c8       0x21 .\CortexM3\ARM_GCC_493\Debug\SoundDetection.a(CyBootAsmGnu.o)
 .ARM.attributes
                0x000003e9       0x33 .\CortexM3\ARM_GCC_493\Debug\SoundDetection.a(CyLib.o)
 .ARM.attributes
                0x0000041c       0x33 .\CortexM3\ARM_GCC_493\Debug\SoundDetection.a(cyPm.o)
 .ARM.attributes
                0x0000044f       0x33 .\CortexM3\ARM_GCC_493\Debug\SoundDetection.a(LCD_Char_1.o)
 .ARM.attributes
                0x00000482       0x33 .\CortexM3\ARM_GCC_493\Debug\SoundDetection.a(adc_threshold.o)
 .ARM.attributes
                0x000004b5       0x33 .\CortexM3\ARM_GCC_493\Debug\SoundDetection.a(CyFlash.o)
 .ARM.attributes
                0x000004e8       0x33 .\CortexM3\ARM_GCC_493\Debug\SoundDetection.a(CySpc.o)
 .ARM.attributes
                0x0000051b       0x2d c:/program files (x86)/cypress/psoc creator/3.3/psoc creator/import/gnu/arm/4.9.3/bin/../lib/gcc/arm-none-eabi/4.9.3/../../../../arm-none-eabi/lib/armv7-m\libm.a(lib_a-wf_sqrt.o)
 .ARM.attributes
                0x00000548       0x2d c:/program files (x86)/cypress/psoc creator/3.3/psoc creator/import/gnu/arm/4.9.3/bin/../lib/gcc/arm-none-eabi/4.9.3/../../../../arm-none-eabi/lib/armv7-m\libm.a(lib_a-ef_sqrt.o)
 .ARM.attributes
                0x00000575       0x2d c:/program files (x86)/cypress/psoc creator/3.3/psoc creator/import/gnu/arm/4.9.3/bin/../lib/gcc/arm-none-eabi/4.9.3/../../../../arm-none-eabi/lib/armv7-m\libm.a(lib_a-s_lib_ver.o)
 .ARM.attributes
                0x000005a2       0x2d c:/program files (x86)/cypress/psoc creator/3.3/psoc creator/import/gnu/arm/4.9.3/bin/../lib/gcc/arm-none-eabi/4.9.3/../../../../arm-none-eabi/lib/armv7-m\libm.a(lib_a-s_matherr.o)
 .ARM.attributes
                0x000005cf       0x2d c:/program files (x86)/cypress/psoc creator/3.3/psoc creator/import/gnu/arm/4.9.3/bin/../lib/gcc/arm-none-eabi/4.9.3/../../../../arm-none-eabi/lib/armv7-m\libm.a(lib_a-sf_fpclassify.o)
 .ARM.attributes
                0x000005fc       0x1d c:/program files (x86)/cypress/psoc creator/3.3/psoc creator/import/gnu/arm/4.9.3/bin/../lib/gcc/arm-none-eabi/4.9.3/armv7-m\libgcc.a(_arm_addsubdf3.o)
 .ARM.attributes
                0x00000619       0x1d c:/program files (x86)/cypress/psoc creator/3.3/psoc creator/import/gnu/arm/4.9.3/bin/../lib/gcc/arm-none-eabi/4.9.3/armv7-m\libgcc.a(_arm_muldivdf3.o)
 .ARM.attributes
                0x00000636       0x1d c:/program files (x86)/cypress/psoc creator/3.3/psoc creator/import/gnu/arm/4.9.3/bin/../lib/gcc/arm-none-eabi/4.9.3/armv7-m\libgcc.a(_arm_cmpdf2.o)
 .ARM.attributes
                0x00000653       0x1d c:/program files (x86)/cypress/psoc creator/3.3/psoc creator/import/gnu/arm/4.9.3/bin/../lib/gcc/arm-none-eabi/4.9.3/armv7-m\libgcc.a(_arm_truncdfsf2.o)
 .ARM.attributes
                0x00000670       0x1d c:/program files (x86)/cypress/psoc creator/3.3/psoc creator/import/gnu/arm/4.9.3/bin/../lib/gcc/arm-none-eabi/4.9.3/armv7-m\libgcc.a(_arm_addsubsf3.o)
 .ARM.attributes
                0x0000068d       0x1d c:/program files (x86)/cypress/psoc creator/3.3/psoc creator/import/gnu/arm/4.9.3/bin/../lib/gcc/arm-none-eabi/4.9.3/armv7-m\libgcc.a(_arm_muldivsf3.o)
 .ARM.attributes
                0x000006aa       0x1d c:/program files (x86)/cypress/psoc creator/3.3/psoc creator/import/gnu/arm/4.9.3/bin/../lib/gcc/arm-none-eabi/4.9.3/armv7-m\libgcc.a(_arm_cmpsf2.o)
 .ARM.attributes
                0x000006c7       0x1d c:/program files (x86)/cypress/psoc creator/3.3/psoc creator/import/gnu/arm/4.9.3/bin/../lib/gcc/arm-none-eabi/4.9.3/armv7-m\libgcc.a(_arm_fixunssfsi.o)
 .ARM.attributes
                0x000006e4       0x2d c:/program files (x86)/cypress/psoc creator/3.3/psoc creator/import/gnu/arm/4.9.3/bin/../lib/gcc/arm-none-eabi/4.9.3/../../../../arm-none-eabi/lib/armv7-m\libg_nano.a(lib_a-errno.o)
 .ARM.attributes
                0x00000711       0x2d c:/program files (x86)/cypress/psoc creator/3.3/psoc creator/import/gnu/arm/4.9.3/bin/../lib/gcc/arm-none-eabi/4.9.3/../../../../arm-none-eabi/lib/armv7-m\libg_nano.a(lib_a-exit.o)
 .ARM.attributes
                0x0000073e       0x2d c:/program files (x86)/cypress/psoc creator/3.3/psoc creator/import/gnu/arm/4.9.3/bin/../lib/gcc/arm-none-eabi/4.9.3/../../../../arm-none-eabi/lib/armv7-m\libg_nano.a(lib_a-impure.o)
 .ARM.attributes
                0x0000076b       0x2d c:/program files (x86)/cypress/psoc creator/3.3/psoc creator/import/gnu/arm/4.9.3/bin/../lib/gcc/arm-none-eabi/4.9.3/../../../../arm-none-eabi/lib/armv7-m\libg_nano.a(lib_a-init.o)
 .ARM.attributes
                0x00000798       0x2d c:/program files (x86)/cypress/psoc creator/3.3/psoc creator/import/gnu/arm/4.9.3/bin/../lib/gcc/arm-none-eabi/4.9.3/../../../../arm-none-eabi/lib/armv7-m\libg_nano.a(lib_a-memcpy.o)
 .ARM.attributes
                0x000007c5       0x2d c:/program files (x86)/cypress/psoc creator/3.3/psoc creator/import/gnu/arm/4.9.3/bin/../lib/gcc/arm-none-eabi/4.9.3/../../../../arm-none-eabi/lib/armv7-m\libg_nano.a(lib_a-memset.o)
 .ARM.attributes
                0x000007f2       0x2d c:/program files (x86)/cypress/psoc creator/3.3/psoc creator/import/gnu/arm/4.9.3/bin/../lib/gcc/arm-none-eabi/4.9.3/../../../../arm-none-eabi/lib/armv7-m\libg_nano.a(lib_a-sprintf.o)
 .ARM.attributes
                0x0000081f       0x2d c:/program files (x86)/cypress/psoc creator/3.3/psoc creator/import/gnu/arm/4.9.3/bin/../lib/gcc/arm-none-eabi/4.9.3/../../../../arm-none-eabi/lib/armv7-m\libg_nano.a(lib_a-nano-svfprintf.o)
 .ARM.attributes
                0x0000084c       0x2d c:/program files (x86)/cypress/psoc creator/3.3/psoc creator/import/gnu/arm/4.9.3/bin/../lib/gcc/arm-none-eabi/4.9.3/../../../../arm-none-eabi/lib/armv7-m\libg_nano.a(lib_a-nano-vfprintf_i.o)
 .ARM.attributes
                0x00000879       0x2d c:/program files (x86)/cypress/psoc creator/3.3/psoc creator/import/gnu/arm/4.9.3/bin/../lib/gcc/arm-none-eabi/4.9.3/../../../../arm-none-eabi/lib/armv7-m\libg_nano.a(lib_a-memchr.o)
 .ARM.attributes
                0x000008a6       0x2d c:/program files (x86)/cypress/psoc creator/3.3/psoc creator/import/gnu/arm/4.9.3/bin/../lib/gcc/arm-none-eabi/4.9.3/../../../../arm-none-eabi/lib/armv7-m\libg_nano.a(lib_a-memmove.o)
 .ARM.attributes
                0x000008d3       0x2d c:/program files (x86)/cypress/psoc creator/3.3/psoc creator/import/gnu/arm/4.9.3/bin/../lib/gcc/arm-none-eabi/4.9.3/../../../../arm-none-eabi/lib/armv7-m\libg_nano.a(lib_a-nano-freer.o)
 .ARM.attributes
                0x00000900       0x2d c:/program files (x86)/cypress/psoc creator/3.3/psoc creator/import/gnu/arm/4.9.3/bin/../lib/gcc/arm-none-eabi/4.9.3/../../../../arm-none-eabi/lib/armv7-m\libg_nano.a(lib_a-nano-mallocr.o)
 .ARM.attributes
                0x0000092d       0x2d c:/program files (x86)/cypress/psoc creator/3.3/psoc creator/import/gnu/arm/4.9.3/bin/../lib/gcc/arm-none-eabi/4.9.3/../../../../arm-none-eabi/lib/armv7-m\libg_nano.a(lib_a-nano-reallocr.o)
 .ARM.attributes
                0x0000095a       0x2d c:/program files (x86)/cypress/psoc creator/3.3/psoc creator/import/gnu/arm/4.9.3/bin/../lib/gcc/arm-none-eabi/4.9.3/../../../../arm-none-eabi/lib/armv7-m\libg_nano.a(lib_a-sbrkr.o)
 .ARM.attributes
                0x00000987       0x2d c:/program files (x86)/cypress/psoc creator/3.3/psoc creator/import/gnu/arm/4.9.3/bin/../lib/gcc/arm-none-eabi/4.9.3/../../../../arm-none-eabi/lib/armv7-m\libg_nano.a(lib_a-nano-msizer.o)
 .ARM.attributes
                0x000009b4       0x2d c:/program files (x86)/cypress/psoc creator/3.3/psoc creator/import/gnu/arm/4.9.3/bin/../lib/gcc/arm-none-eabi/4.9.3/../../../../arm-none-eabi/lib/armv7-m\libg_nano.a(lib_a-reent.o)
 .ARM.attributes
                0x000009e1       0x2d c:/program files (x86)/cypress/psoc creator/3.3/psoc creator/import/gnu/arm/4.9.3/bin/../lib/gcc/arm-none-eabi/4.9.3/armv7-m/crtend.o
 .ARM.attributes
                0x00000a0e       0x1d c:/program files (x86)/cypress/psoc creator/3.3/psoc creator/import/gnu/arm/4.9.3/bin/../lib/gcc/arm-none-eabi/4.9.3/armv7-m/crtn.o

/DISCARD/
 *(.note.GNU-stack)
OUTPUT(.\CortexM3\ARM_GCC_493\Debug\SoundDetection.elf elf32-littlearm)
